Component: ARM Compiler 5.06 update 6 (build 750) Tool: armlink [4d35ed]

==============================================================================

Section Cross References

    main.o(.text) refers to user.o(.text) for initialize
    main.o(.text) refers to delay.o(.text) for delay_init
    main.o(.text) refers to misc.o(.text) for NVIC_PriorityGroupConfig
    main.o(.text) refers to hmi.o(.text) for uart_init1
    main.o(.text) refers to laser_ranging.o(.text) for uart_init3
    main.o(.text) refers to led.o(.text) for LED_Init
    main.o(.text) refers to key.o(.text) for KEY_Init
    main.o(.text) refers to servo.o(.text) for TIM4_PWM_Init
    main.o(.text) refers to tim5_pwm.o(.text) for TIM5_PWM_Init
    system_stm32f10x.o(.text) refers to system_stm32f10x.o(.data) for .data
    led.o(.text) refers to stm32f10x_rcc.o(.text) for RCC_APB2PeriphClockCmd
    led.o(.text) refers to stm32f10x_gpio.o(.text) for GPIO_Init
    key.o(.text) refers to stm32f10x_rcc.o(.text) for RCC_APB2PeriphClockCmd
    key.o(.text) refers to stm32f10x_gpio.o(.text) for GPIO_Init
    key.o(.text) refers to delay.o(.text) for delay_ms
    key.o(.text) refers to key.o(.data) for .data
    hmi.o(.text) refers (Special) to use_no_semi_2.o(.text) for __use_no_semihosting
    hmi.o(.text) refers to stm32f10x_rcc.o(.text) for RCC_APB2PeriphClockCmd
    hmi.o(.text) refers to stm32f10x_gpio.o(.text) for GPIO_Init
    hmi.o(.text) refers to misc.o(.text) for NVIC_Init
    hmi.o(.text) refers to stm32f10x_usart.o(.text) for USART_Init
    hmi.o(.text) refers to dflt_clz.o(x$fpl$dflt) for __aeabi_i2d
    hmi.o(.text) refers to pow.o(i.pow) for pow
    hmi.o(.text) refers to f2d.o(x$fpl$f2d) for __aeabi_f2d
    hmi.o(.text) refers to dmul.o(x$fpl$dmul) for __aeabi_dmul
    hmi.o(.text) refers to d2f.o(x$fpl$d2f) for __aeabi_d2f
    hmi.o(.text) refers to fflt_clz.o(x$fpl$ffltu) for __aeabi_ui2f
    hmi.o(.text) refers to fmul.o(x$fpl$fmul) for __aeabi_fmul
    hmi.o(.text) refers to faddsub_clz.o(x$fpl$fadd) for __aeabi_fadd
    hmi.o(.text) refers to faddsub_clz.o(x$fpl$fsub) for __aeabi_fsub
    hmi.o(.text) refers to servo.o(.text) for servo
    hmi.o(.text) refers to ffix.o(x$fpl$ffix) for __aeabi_f2iz
    hmi.o(.text) refers to user.o(.text) for shoot
    hmi.o(.text) refers to stm32f10x_tim.o(.text) for TIM_SetCompare2
    hmi.o(.text) refers to laser_ranging.o(.text) for senddata
    hmi.o(.text) refers to strlen.o(.text) for strlen
    hmi.o(.text) refers to hmi.o(.bss) for .bss
    hmi.o(.text) refers to hmi.o(.data) for .data
    hmi.o(.text) refers to user.o(.data) for tit
    hmi.o(.text) refers to user.o(.data) for flage
    hmi.o(.bss) refers (Special) to use_no_semi_2.o(.text) for __use_no_semihosting
    hmi.o(.bss) refers (Special) to use_no_semi_2.o(.text) for __use_no_semihosting
    hmi.o(.data) refers (Special) to use_no_semi_2.o(.text) for __use_no_semihosting
    hmi.o(.data) refers (Special) to use_no_semi_2.o(.text) for __use_no_semihosting
    servo.o(.text) refers to stm32f10x_rcc.o(.text) for RCC_APB1PeriphClockCmd
    servo.o(.text) refers to stm32f10x_gpio.o(.text) for GPIO_Init
    servo.o(.text) refers to stm32f10x_tim.o(.text) for TIM_TimeBaseInit
    servo.o(.text) refers to f2d.o(x$fpl$f2d) for __aeabi_f2d
    servo.o(.text) refers to dmul.o(x$fpl$dmul) for __aeabi_dmul
    servo.o(.text) refers to daddsub_clz.o(x$fpl$dadd) for __aeabi_dadd
    servo.o(.text) refers to daddsub_clz.o(x$fpl$drsb) for __aeabi_drsub
    servo.o(.text) refers to dfix.o(x$fpl$dfix) for __aeabi_d2iz
    servo.o(.text) refers to servo.o(.data) for .data
    user.o(.text) refers to _printf_percent.o(.ARM.Collect$$_printf_percent$$00000000) for _printf_percent
    user.o(.text) refers to _printf_d.o(.ARM.Collect$$_printf_percent$$00000009) for _printf_d
    user.o(.text) refers to _printf_s.o(.ARM.Collect$$_printf_percent$$00000014) for _printf_s
    user.o(.text) refers to _printf_dec.o(.text) for _printf_int_dec
    user.o(.text) refers to _printf_str.o(.text) for _printf_str
    user.o(.text) refers to stm32f10x_rcc.o(.text) for RCC_APB2PeriphClockCmd
    user.o(.text) refers to stm32f10x_gpio.o(.text) for GPIO_Init
    user.o(.text) refers to fflt_clz.o(x$fpl$fflt) for __aeabi_i2f
    user.o(.text) refers to servo.o(.text) for servo
    user.o(.text) refers to delay.o(.text) for delay_ms
    user.o(.text) refers to stm32f10x_tim.o(.text) for TIM_SetCompare2
    user.o(.text) refers to f2d.o(x$fpl$f2d) for __aeabi_f2d
    user.o(.text) refers to daddsub_clz.o(x$fpl$dadd) for __aeabi_dadd
    user.o(.text) refers to ddiv.o(x$fpl$ddiv) for __aeabi_ddiv
    user.o(.text) refers to dmul.o(x$fpl$dmul) for __aeabi_dmul
    user.o(.text) refers to d2f.o(x$fpl$d2f) for __aeabi_d2f
    user.o(.text) refers to ffix.o(x$fpl$ffix) for __aeabi_f2iz
    user.o(.text) refers to laser_ranging.o(.text) for ranging
    user.o(.text) refers to noretval__2sprintf.o(.text) for __2sprintf
[...]
    ..\CORE\startup_stm32f10x_hd.s           0x00000000   Number         0  startup_stm32f10x_hd.o ABSOLUTE
    ..\HARDWARE\HMI\HMI.c                    0x00000000   Number         0  hmi.o ABSOLUTE
    ..\HARDWARE\KEY\key.c                    0x00000000   Number         0  key.o ABSOLUTE
    ..\HARDWARE\LED\led.c                    0x00000000   Number         0  led.o ABSOLUTE
    ..\HARDWARE\TIM5_PWM\TIM5_PWM.c          0x00000000   Number         0  tim5_pwm.o ABSOLUTE
    ..\HARDWARE\laser_ranging\laser_ranging.c 0x00000000   Number         0  laser_ranging.o ABSOLUTE
    ..\HARDWARE\servo\servo.c                0x00000000   Number         0  servo.o ABSOLUTE
    ..\HARDWARE\user\user.c                  0x00000000   Number         0  user.o ABSOLUTE
    ..\STM32F10x_FWLib\src\misc.c            0x00000000   Number         0  misc.o ABSOLUTE
    ..\STM32F10x_FWLib\src\stm32f10x_adc.c   0x00000000   Number         0  stm32f10x_adc.o ABSOLUTE
    ..\STM32F10x_FWLib\src\stm32f10x_bkp.c   0x00000000   Number         0  stm32f10x_bkp.o ABSOLUTE
    ..\STM32F10x_FWLib\src\stm32f10x_can.c   0x00000000   Number         0  stm32f10x_can.o ABSOLUTE
    ..\STM32F10x_FWLib\src\stm32f10x_cec.c   0x00000000   Number         0  stm32f10x_cec.o ABSOLUTE
    ..\STM32F10x_FWLib\src\stm32f10x_crc.c   0x00000000   Number         0  stm32f10x_crc.o ABSOLUTE
    ..\STM32F10x_FWLib\src\stm32f10x_dac.c   0x00000000   Number         0  stm32f10x_dac.o ABSOLUTE
    ..\STM32F10x_FWLib\src\stm32f10x_dbgmcu.c 0x00000000   Number         0  stm32f10x_dbgmcu.o ABSOLUTE
    ..\STM32F10x_FWLib\src\stm32f10x_dma.c   0x00000000   Number         0  stm32f10x_dma.o ABSOLUTE
    ..\STM32F10x_FWLib\src\stm32f10x_exti.c  0x00000000   Number         0  stm32f10x_exti.o ABSOLUTE
    ..\STM32F10x_FWLib\src\stm32f10x_flash.c 0x00000000   Number         0  stm32f10x_flash.o ABSOLUTE
    ..\STM32F10x_FWLib\src\stm32f10x_fsmc.c  0x00000000   Number         0  stm32f10x_fsmc.o ABSOLUTE
    ..\STM32F10x_FWLib\src\stm32f10x_gpio.c  0x00000000   Number         0  stm32f10x_gpio.o ABSOLUTE
    ..\STM32F10x_FWLib\src\stm32f10x_i2c.c   0x00000000   Number         0  stm32f10x_i2c.o ABSOLUTE
    ..\STM32F10x_FWLib\src\stm32f10x_iwdg.c  0x00000000   Number         0  stm32f10x_iwdg.o ABSOLUTE
    ..\STM32F10x_FWLib\src\stm32f10x_pwr.c   0x00000000   Number         0  stm32f10x_pwr.o ABSOLUTE
    ..\STM32F10x_FWLib\src\stm32f10x_rcc.c   0x00000000   Number         0  stm32f10x_rcc.o ABSOLUTE
    ..\STM32F10x_FWLib\src\stm32f10x_rtc.c   0x00000000   Number         0  stm32f10x_rtc.o ABSOLUTE
    ..\STM32F10x_FWLib\src\stm32f10x_sdio.c  0x00000000   Number         0  stm32f10x_sdio.o ABSOLUTE
    ..\STM32F10x_FWLib\src\stm32f10x_spi.c   0x00000000   Number         0  stm32f10x_spi.o ABSOLUTE
    ..\STM32F10x_FWLib\src\stm32f10x_tim.c   0x00000000   Number         0  stm32f10x_tim.o ABSOLUTE
    ..\STM32F10x_FWLib\src\stm32f10x_usart.c 0x00000000   Number         0  stm32f10x_usart.o ABSOLUTE
    ..\STM32F10x_FWLib\src\stm32f10x_wwdg.c  0x00000000   Number         0  stm32f10x_wwdg.o ABSOLUTE
    ..\SYSTEM\delay\delay.c                  0x00000000   Number         0  delay.o ABSOLUTE
    ..\SYSTEM\sys\sys.c                      0x00000000   Number         0  sys.o ABSOLUTE
    ..\\CORE\\core_cm3.c                     0x00000000   Number         0  core_cm3.o ABSOLUTE
    ..\\SYSTEM\\sys\\sys.c                   0x00000000   Number         0  sys.o ABSOLUTE
    dc.s                                     0x00000000   Number         0  dc.o ABSOLUTE
    main.c                                   0x00000000   Number         0  main.o ABSOLUTE
    stm32f10x_it.c                           0x00000000   Number         0  stm32f10x_it.o ABSOLUTE
    system_stm32f10x.c                       0x00000000   Number         0  system_stm32f10x.o ABSOLUTE
    RESET                                    0x08000000   Section      304  startup_stm32f10x_hd.o(RESET)
    !!!main                                  0x08000130   Section        8  __main.o(!!!main)
    !!!scatter                               0x08000138   Section       52  __scatter.o(!!!scatter)
    !!handler_copy                           0x0800016c   Section       26  __scatter_copy.o(!!handler_copy)
    !!handler_zi                             0x08000188   Section       28  __scatter_zi.o(!!handler_zi)
    .ARM.Collect$$_printf_percent$$00000000  0x080001a4   Section        0  _printf_percent.o(.ARM.Collect$$_printf_percent$$00000000)
    .ARM.Collect$$_printf_percent$$00000009  0x080001a4   Section        6  _printf_d.o(.ARM.Collect$$_printf_percent$$00000009)
    .ARM.Collect$$_printf_percent$$00000014  0x080001aa   Section        6  _printf_s.o(.ARM.Collect$$_printf_percent$$00000014)
    .ARM.Collect$$_printf_percent$$00000017  0x080001b0   Section        4  _printf_percent_end.o(.ARM.Collect$$_printf_percent$$00000017)
    .ARM.Collect$$libinit$$00000000          0x080001b4   Section        2  libinit.o(.ARM.Collect$$libinit$$00000000)
    .ARM.Collect$$libinit$$00000002          0x080001b6   Section        0  libinit2.o(.ARM.Collect$$libinit$$00000002)
    .ARM.Collect$$libinit$$00000004          0x080001b6   Section        0  libinit2.o(.ARM.Collect$$libinit$$00000004)
    .ARM.Collect$$libinit$$0000000A          0x080001b6   Section        0  libinit2.o(.ARM.Collect$$libinit$$0000000A)
    .ARM.Collect$$libinit$$0000000C          0x080001b6   Section        0  libinit2.o(.ARM.Collect$$libinit$$0000000C)
    .ARM.Collect$$libinit$$0000000E          0x080001b6   Section        0  libinit2.o(.ARM.Collect$$libinit$$0000000E)
    .ARM.Collect$$libinit$$00000011          0x080001b6   Section        0  libinit2.o(.ARM.Collect$$libinit$$00000011)
    .ARM.Collect$$libinit$$00000013          0x080001b6   Section        0  libinit2.o(.ARM.Collect$$libinit$$00000013)
    .ARM.Collect$$libinit$$00000015          0x080001b6   Section        0  libinit2.o(.ARM.Collect$$libinit$$00000015)
    .ARM.Collect$$libinit$$00000017          0x080001b6   Section        0  libinit2.o(.ARM.Collect$$libinit$$00000017)
    .ARM.Collect$$libinit$$00000019          0x080001b6   Section        0  libinit2.o(.ARM.Collect$$libinit$$00000019)
    .ARM.Collect$$libinit$$0000001B          0x080001b6   Section        0  libinit2.o(.ARM.Collect$$libinit$$0000001B)
    .ARM.Collect$$libinit$$0000001D          0x080001b6   Section        0  libinit2.o(.ARM.Collect$$libinit$$0000001D)
    .ARM.Collect$$libinit$$0000001F          0x080001b6   Section        0  libinit2.o(.ARM.Collect$$libinit$$0000001F)
    .ARM.Collect$$libinit$$00000021          0x080001b6   Section        0  libinit2.o(.ARM.Collect$$libinit$$00000021)
    .ARM.Collect$$libinit$$00000023          0x080001b6   Section        0  libinit2.o(.ARM.Collect$$libinit$$00000023)
    .ARM.Collect$$libinit$$00000025          0x080001b6   Section        0  libinit2.o(.ARM.Collect$$libinit$$00000025)
    .ARM.Collect$$libinit$$0000002C          0x080001b6   Section        0  libinit2.o(.ARM.Collect$$libinit$$0000002C)
    .ARM.Collect$$libinit$$0000002E          0x080001b6   Section        0  libinit2.o(.ARM.Collect$$libinit$$0000002E)
    .ARM.Collect$$libinit$$00000030          0x080001b6   Section        0  libinit2.o(.ARM.Collect$$libinit$$00000030)
    .ARM.Collect$$libinit$$00000032          0x080001b6   Section        0  libinit2.o(.ARM.Collect$$libinit$$00000032)
    .ARM.Collect$$libinit$$00000033          0x080001b6   Section        2  libinit2.o(.ARM.Collect$$libinit$$00000033)
    .ARM.Collect$$libshutdown$$00000000      0x080001b8   Section        2  libshutdown.o(.ARM.Collect$$libshutdown$$00000000)
    .ARM.Collect$$libshutdown$$00000002      0x080001ba   Section        0  libshutdown2.o(.ARM.Collect$$libshutdown$$00000002)
    .ARM.Collect$$libshutdown$$00000004      0x080001ba   Section        0  libshutdown2.o(.ARM.Collect$$libshutdown$$00000004)
    .ARM.Collect$$libshutdown$$00000007      0x080001ba   Section        0  libshutdown2.o(.ARM.Collect$$libshutdown$$00000007)
    .ARM.Collect$$libshutdown$$0000000A      0x080001ba   Section        0  libshutdown2.o(.ARM.Collect$$libshutdown$$0000000A)
    .ARM.Collect$$libshutdown$$0000000C      0x080001ba   Section        0  libshutdown2.o(.ARM.Collect$$libshutdown$$0000000C)
    .ARM.Collect$$libshutdown$$0000000F      0x080001ba   Section        0  libshutdown2.o(.ARM.Collect$$libshutdown$$0000000F)
    .ARM.Collect$$libshutdown$$00000010      0x080001ba   Section        2  libshutdown2.o(.ARM.Collect$$libshutdown$$00000010)
    .ARM.Collect$$rtentry$$00000000          0x080001bc   Section        0  __rtentry.o(.ARM.Collect$$rtentry$$00000000)
    .ARM.Collect$$rtentry$$00000002          0x080001bc   Section        0  __rtentry2.o(.ARM.Collect$$rtentry$$00000002)
    .ARM.Collect$$rtentry$$00000004          0x080001bc   Section        6  __rtentry4.o(.ARM.Collect$$rtentry$$00000004)
    .ARM.Collect$$rtentry$$00000009          0x080001c2   Section        0  __rtentry2.o(.ARM.Collect$$rtentry$$00000009)
    .ARM.Collect$$rtentry$$0000000A          0x080001c2   Section        4  __rtentry2.o(.ARM.Collect$$rtentry$$0000000A)
    .ARM.Collect$$rtentry$$0000000C          0x080001c6   Section        0  __rtentry2.o(.ARM.Collect$$rtentry$$0000000C)
    .ARM.Collect$$rtentry$$0000000D          0x080001c6   Section        8  __rtentry2.o(.ARM.Collect$$rtentry$$0000000D)
    .ARM.Collect$$rtexit$$00000000           0x080001ce   Section        2  rtexit.o(.ARM.Collect$$rtexit$$00000000)
    .ARM.Collect$$rtexit$$00000002           0x080001d0   Section        0  rtexit2.o(.ARM.Collect$$rtexit$$00000002)
    .ARM.Collect$$rtexit$$00000003           0x080001d0   Section        4  rtexit2.o(.ARM.Collect$$rtexit$$00000003)
    .ARM.Collect$$rtexit$$00000004           0x080001d4   Section        6  rtexit2.o(.ARM.Collect$$rtexit$$00000004)
    .text                                    0x080001da   Section        0  main.o(.text)
    .text                                    0x0800021c   Section        0  stm32f10x_it.o(.text)
    .text                                    0x08000230   Section        0  system_stm32f10x.o(.text)
    SetSysClockTo72                          0x08000231   Thumb Code   160  system_stm32f10x.o(.text)
    .text                                    0x08000384   Section        0  led.o(.text)
    .text                                    0x080003b8   Section        0  key.o(.text)
    .text                                    0x080004a4   Section        0  hmi.o(.text)
    .text                                    0x080007b4   Section        0  servo.o(.text)
    .text                                    0x08000938   Section        0  user.o(.text)
    .text                                    0x08000d20   Section        0  laser_ranging.o(.text)
    .text                                    0x08000ee4   Section        0  tim5_pwm.o(.text)
    .text                                    0x08000f84   Section        0  delay.o(.text)
    .text                                    0x0800101c   Section       64  startup_stm32f10x_hd.o(.text)
    .text                                    0x0800105c   Section        0  misc.o(.text)
    .text                                    0x0800110c   Section        0  stm32f10x_gpio.o(.text)
    .text                                    0x08001378   Section        0  stm32f10x_rcc.o(.text)
    .text                                    0x0800162c   Section        0  stm32f10x_usart.o(.text)
    .text                                    0x08001954   Section        0  stm32f10x_tim.o(.text)
    TI2_Config                               0x08001ce7   Thumb Code   166  stm32f10x_tim.o(.text)
    TI1_Config                               0x08001d9d   Thumb Code    88  stm32f10x_tim.o(.text)
    .text                                    0x08002448   Section        2  use_no_semi_2.o(.text)
    .text                                    0x0800244c   Section        0  noretval__2sprintf.o(.text)
    .text                                    0x08002474   Section        0  __printf.o(.text)
    .text                                    0x080024dc   Section        0  _printf_str.o(.text)
    .text                                    0x08002530   Section        0  _printf_dec.o(.text)
    .text                                    0x080025a8   Section        0  strlen.o(.text)
    .text                                    0x080025e6   Section        0  heapauxi.o(.text)
    .text                                    0x080025ec   Section        2  use_no_semi.o(.text)
    .text                                    0x080025ee   Section        0  _rserrno.o(.text)
    .text                                    0x08002604   Section        0  _printf_intcommon.o(.text)
    .text                                    0x080026b8   Section        0  _printf_char_common.o(.text)
    _printf_input_char                       0x080026b9   Thumb Code    10  _printf_char_common.o(.text)
    .text                                    0x080026e8   Section        0  _sputc.o(.text)
    .text                                    0x080026f2   Section        0  _printf_char.o(.text)
    .text                                    0x08002720   Section        8  rt_errno_addr_intlibspace.o(.text)
    .text                                    0x08002728   Section        8  libspace.o(.text)
    .text                                    0x08002730   Section       74  sys_stackheap_outer.o(.text)
    .text                                    0x0800277a   Section        0  exit.o(.text)
    i.__ARM_fpclassify                       0x0800278c   Section        0  fpclassify.o(i.__ARM_fpclassify)
    i.__kernel_poly                          0x080027b4   Section        0  poly.o(i.__kernel_poly)
    i.__mathlib_dbl_divzero                  0x08002860   Section        0  dunder.o(i.__mathlib_dbl_divzero)
    i.__mathlib_dbl_infnan2                  0x08002870   Section        0  dunder.o(i.__mathlib_dbl_infnan2)
    i.__mathlib_dbl_invalid                  0x08002874   Section        0  dunder.o(i.__mathlib_dbl_invalid)
    i.__mathlib_dbl_overflow                 0x08002880   Section        0  dunder.o(i.__mathlib_dbl_overflow)
    i.__mathlib_dbl_underflow                0x08002890   Section        0  dunder.o(i.__mathlib_dbl_underflow)
    i.pow                                    0x080028a0   Section        0  pow.o(i.pow)
    i.sqrt                                   0x08003278   Section        0  sqrt.o(i.sqrt)
    x$fpl$d2f                                0x080032c4   Section       98  d2f.o(x$fpl$d2f)
    x$fpl$dadd                               0x08003328   Section      336  daddsub_clz.o(x$fpl$dadd)
    _dadd1                                   0x08003339   Thumb Code     0  daddsub_clz.o(x$fpl$dadd)
    x$fpl$dcheck1                            0x08003478   Section       16  dcheck1.o(x$fpl$dcheck1)
    x$fpl$dcmpinf                            0x08003488   Section       24  dcmpi.o(x$fpl$dcmpinf)
    x$fpl$ddiv                               0x080034a0   Section      688  ddiv.o(x$fpl$ddiv)
    ddiv_entry                               0x080034a7   Thumb Code     0  ddiv.o(x$fpl$ddiv)
    x$fpl$dfix                               0x08003750   Section       94  dfix.o(x$fpl$dfix)
    x$fpl$dflt                               0x080037ae   Section       46  dflt_clz.o(x$fpl$dflt)
    x$fpl$dleqf                              0x080037dc   Section      120  dleqf.o(x$fpl$dleqf)
    x$fpl$dmul                               0x08003854   Section      340  dmul.o(x$fpl$dmul)
    x$fpl$dnaninf                            0x080039a8   Section      156  dnaninf.o(x$fpl$dnaninf)
    x$fpl$dretinf                            0x08003a44   Section       12  dretinf.o(x$fpl$dretinf)
    x$fpl$drleqf                             0x08003a50   Section      108  drleqf.o(x$fpl$drleqf)
    x$fpl$drsb                               0x08003abc   Section       22  daddsub_clz.o(x$fpl$drsb)
    x$fpl$dsqrt                              0x08003ad4   Section      460  dsqrt_noumaal.o(x$fpl$dsqrt)
    x$fpl$dsub                               0x08003ca0   Section      468  daddsub_clz.o(x$fpl$dsub)
    _dsub1                                   0x08003cb1   Thumb Code     0  daddsub_clz.o(x$fpl$dsub)
    x$fpl$f2d                                0x08003e74   Section       86  f2d.o(x$fpl$f2d)
    x$fpl$fadd                               0x08003ecc   Section      196  faddsub_clz.o(x$fpl$fadd)
    _fadd1                                   0x08003edb   Thumb Code     0  faddsub_clz.o(x$fpl$fadd)
    x$fpl$fcheck1                            0x08003f90   Section       12  fcheck1.o(x$fpl$fcheck1)
    x$fpl$fcmpinf                            0x08003f9c   Section       24  fcmpi.o(x$fpl$fcmpinf)
    x$fpl$ffix                               0x08003fb4   Section       54  ffix.o(x$fpl$ffix)
    x$fpl$fflt                               0x08003fec   Section       48  fflt_clz.o(x$fpl$fflt)
    x$fpl$ffltu                              0x0800401c   Section       38  fflt_clz.o(x$fpl$ffltu)
    x$fpl$fleqf                              0x08004044   Section      104  fleqf.o(x$fpl$fleqf)
    x$fpl$fmul                               0x080040ac   Section      258  fmul.o(x$fpl$fmul)
    x$fpl$fnaninf                            0x080041ae   Section      140  fnaninf.o(x$fpl$fnaninf)
    x$fpl$fretinf                            0x0800423a   Section       10  fretinf.o(x$fpl$fretinf)
    x$fpl$frleqf                             0x08004244   Section       98  frleqf.o(x$fpl$frleqf)
    x$fpl$fsub                               0x080042a8   Section      234  faddsub_clz.o(x$fpl$fsub)
    _fsub1                                   0x080042b7   Thumb Code     0  faddsub_clz.o(x$fpl$fsub)
    x$fpl$retnan                             0x08004392   Section      100  retnan.o(x$fpl$retnan)
    x$fpl$scalbn                             0x080043f6   Section       92  scalbn.o(x$fpl$scalbn)
    x$fpl$scalbnf                            0x08004452   Section       76  scalbnf.o(x$fpl$scalbnf)
    x$fpl$trapveneer                         0x0800449e   Section       48  trapv.o(x$fpl$trapveneer)
    x$fpl$usenofp                            0x080044ce   Section        0  usenofp.o(x$fpl$usenofp)
    .constdata                               0x080044d0   Section      136  pow.o(.constdata)
    bp                                       0x080044d0   Data          16  pow.o(.constdata)
    dp_h                                     0x080044e0   Data          16  pow.o(.constdata)
    dp_l                                     0x080044f0   Data          16  pow.o(.constdata)
    L                                        0x08004500   Data          48  pow.o(.constdata)
    P                                        0x08004530   Data          40  pow.o(.constdata)
    .constdata                               0x08004558   Section        8  qnan.o(.constdata)
    .data                                    0x20000000   Section       20  system_stm32f10x.o(.data)
    .data                                    0x20000014   Section        1  key.o(.data)
    key_up                                   0x20000014   Data           1  key.o(.data)
    .data                                    0x20000016   Section        8  hmi.o(.data)
    str                                      0x20000016   Data           1  hmi.o(.data)
    .data                                    0x20000020   Section        4  servo.o(.data)
    .data                                    0x20000024   Section        8  user.o(.data)
    .data                                    0x2000002c   Section        4  user.o(.data)
    .data                                    0x20000030   Section        2  laser_ranging.o(.data)
    str                                      0x20000031   Data           1  laser_ranging.o(.data)
    .data                                    0x20000032   Section        4  delay.o(.data)
    fac_us                                   0x20000032   Data           1  delay.o(.data)
    fac_ms                                   0x20000034   Data           2  delay.o(.data)
    .data                                    0x20000036   Section       20  stm32f10x_rcc.o(.data)
    ADCPrescTable                            0x20000036   Data           4  stm32f10x_rcc.o(.data)
    APBAHBPrescTable                         0x2000003a   Data          16  stm32f10x_rcc.o(.data)
    .bss                                     0x2000004c   Section       20  hmi.o(.bss)
    .bss                                     0x20000060   Section       10  user.o(.bss)
    .bss                                     0x2000006a   Section       20  laser_ranging.o(.bss)
    .bss                                     0x20000080   Section       96  libspace.o(.bss)
    HEAP                                     0x200000e0   Section      512  startup_stm32f10x_hd.o(HEAP)
    Heap_Mem                                 0x200000e0   Data         512  startup_stm32f10x_hd.o(HEAP)
    STACK                                    0x200002e0   Section     1024  startup_stm32f10x_hd.o(STACK)
    Stack_Mem                                0x200002e0   Data        1024  startup_stm32f10x_hd.o(STACK)
    __initial_sp                             0x200006e0   Data           0  startup_stm32f10x_hd.o(STACK)

    Global Symbols

    Symbol Name                              Value     Ov Type        Size  Object(Section)

    BuildAttributes$$THM_ISAv4$P$D$K$B$S$PE$A:L22UL41UL21$X:L11$S22US41US21$IEEE1$IW$USESV6$~STKCKD$USESV7$~SHL$OTIME$ROPI$IEEEX$EBA8$UX$STANDARDLIB$REQ8$PRES8$EABIv2 0x00000000   Number         0  anon$$obj.o ABSOLUTE
    __ARM_use_no_argv                        0x00000000   Number         0  main.o ABSOLUTE
    __ARM_exceptions_init                     - Undefined Weak Reference
    __alloca_initialize                       - Undefined Weak Reference
    __arm_preinit_                            - Undefined Weak Reference
    __cpp_initialize__aeabi_                  - Undefined Weak Reference
    __cxa_finalize                            - Undefined Weak Reference
    __rt_locale                               - Undefined Weak Reference
    __sigvec_lookup                           - Undefined Weak Reference
    _atexit_init                              - Undefined Weak Reference
    _call_atexit_fns                          - Undefined Weak Reference
    _clock_init                               - Undefined Weak Reference
    _fp_trap_init                             - Undefined Weak Reference
    _fp_trap_shutdown                         - Undefined Weak Reference
    _get_lc_collate                           - Undefined Weak Reference
    _get_lc_ctype                             - Undefined Weak Reference
    _get_lc_monetary                          - Undefined Weak Reference
    _get_lc_numeric                           - Undefined Weak Reference
    _get_lc_time                              - Undefined Weak Reference
    _getenv_init                              - Undefined Weak Reference
    _handle_redirection                       - Undefined Weak Reference
    _init_alloc                               - Undefined Weak Reference
    _init_user_alloc                          - Undefined Weak Reference
    _initio                                   - Undefined Weak Reference
    _printf_mbtowc                            - Undefined Weak Reference
    _printf_post_padding                      - Undefined Weak Reference
    _printf_pre_padding                       - Undefined Weak Reference
    _printf_truncate_signed                   - Undefined Weak Reference
    _printf_truncate_unsigned                 - Undefined Weak Reference
    _rand_init                                - Undefined Weak Reference
    _signal_finish                            - Undefined Weak Reference
    _signal_init                              - Undefined Weak Reference
    _terminate_alloc                          - Undefined Weak Reference
    _terminate_user_alloc                     - Undefined Weak Reference
    _terminateio                              - Undefined Weak Reference
    __Vectors_Size                           0x00000130   Number         0  startup_stm32f10x_hd.o ABSOLUTE
    __Vectors                                0x08000000   Data           4  startup_stm32f10x_hd.o(RESET)
    __Vectors_End                            0x08000130   Data           0  startup_stm32f10x_hd.o(RESET)
    __main                                   0x08000131   Thumb Code     8  __main.o(!!!main)
    __scatterload                            0x08000139   Thumb Code     0  __scatter.o(!!!scatter)
    __scatterload_rt2                        0x08000139   Thumb Code    44  __scatter.o(!!!scatter)
    __scatterload_rt2_thumb_only             0x08000139   Thumb Code     0  __scatter.o(!!!scatter)
    __scatterload_null                       0x08000147   Thumb Code     0  __scatter.o(!!!scatter)
    __scatterload_copy                       0x0800016d   Thumb Code    26  __scatter_copy.o(!!handler_copy)
    __scatterload_zeroinit                   0x08000189   Thumb Code    28  __scatter_zi.o(!!handler_zi)
    _printf_d                                0x080001a5   Thumb Code     0  _printf_d.o(.ARM.Collect$$_printf_percent$$00000009)
    _printf_percent                          0x080001a5   Thumb Code     0  _printf_percent.o(.ARM.Collect$$_printf_percent$$00000000)
    _printf_s                                0x080001ab   Thumb Code     0  _printf_s.o(.ARM.Collect$$_printf_percent$$00000014)
    _printf_percent_end                      0x080001b1   Thumb Code     0  _printf_percent_end.o(.ARM.Collect$$_printf_percent$$00000017)
    __rt_lib_init                            0x080001b5   Thumb Code     0  libinit.o(.ARM.Collect$$libinit$$00000000)
    __rt_lib_init_alloca_1                   0x080001b7   Thumb Code     0  libinit2.o(.ARM.Collect$$libinit$$0000002E)
    __rt_lib_init_argv_1                     0x080001b7   Thumb Code     0  libinit2.o(.ARM.Collect$$libinit$$0000002C)
    __rt_lib_init_atexit_1                   0x080001b7   Thumb Code     0  libinit2.o(.ARM.Collect$$libinit$$0000001B)
    __rt_lib_init_clock_1                    0x080001b7   Thumb Code     0  libinit2.o(.ARM.Collect$$libinit$$00000021)
    __rt_lib_init_cpp_1                      0x080001b7   Thumb Code     0  libinit2.o(.ARM.Collect$$libinit$$00000032)
    __rt_lib_init_exceptions_1               0x080001b7   Thumb Code     0  libinit2.o(.ARM.Collect$$libinit$$00000030)
    __rt_lib_init_fp_1                       0x080001b7   Thumb Code     0  libinit2.o(.ARM.Collect$$libinit$$00000002)
    __rt_lib_init_fp_trap_1                  0x080001b7   Thumb Code     0  libinit2.o(.ARM.Collect$$libinit$$0000001F)
    __rt_lib_init_getenv_1                   0x080001b7   Thumb Code     0  libinit2.o(.ARM.Collect$$libinit$$00000023)
    __rt_lib_init_heap_1                     0x080001b7   Thumb Code     0  libinit2.o(.ARM.Collect$$libinit$$0000000A)
    __rt_lib_init_lc_collate_1               0x080001b7   Thumb Code     0  libinit2.o(.ARM.Collect$$libinit$$00000011)
    __rt_lib_init_lc_ctype_1                 0x080001b7   Thumb Code     0  libinit2.o(.ARM.Collect$$libinit$$00000013)
    __rt_lib_init_lc_monetary_1              0x080001b7   Thumb Code     0  libinit2.o(.ARM.Collect$$libinit$$00000015)
    __rt_lib_init_lc_numeric_1               0x080001b7   Thumb Code     0  libinit2.o(.ARM.Collect$$libinit$$00000017)
    __rt_lib_init_lc_time_1                  0x080001b7   Thumb Code     0  libinit2.o(.ARM.Collect$$libinit$$00000019)
    __rt_lib_init_preinit_1                  0x080001b7   Thumb Code     0  libinit2.o(.ARM.Collect$$libinit$$00000004)
    __rt_lib_init_rand_1                     0x080001b7   Thumb Code     0  libinit2.o(.ARM.Collect$$libinit$$0000000E)
    __rt_lib_init_return                     0x080001b7   Thumb Code     0  libinit2.o(.ARM.Collect$$libinit$$00000033)
    __rt_lib_init_signal_1                   0x080001b7   Thumb Code     0  libinit2.o(.ARM.Collect$$libinit$$0000001D)
    __rt_lib_init_stdio_1                    0x080001b7   Thumb Code     0  libinit2.o(.ARM.Collect$$libinit$$00000025)
    __rt_lib_init_user_alloc_1               0x080001b7   Thumb Code     0  libinit2.o(.ARM.Collect$$libinit$$0000000C)
    __rt_lib_shutdown                        0x080001b9   Thumb Code     0  libshutdown.o(.ARM.Collect$$libshutdown$$00000000)
    __rt_lib_shutdown_cpp_1                  0x080001bb   Thumb Code     0  libshutdown2.o(.ARM.Collect$$libshutdown$$00000002)
    __rt_lib_shutdown_fp_trap_1              0x080001bb   Thumb Code     0  libshutdown2.o(.ARM.Collect$$libshutdown$$00000007)
    __rt_lib_shutdown_heap_1                 0x080001bb   Thumb Code     0  libshutdown2.o(.ARM.Collect$$libshutdown$$0000000F)
    __rt_lib_shutdown_return                 0x080001bb   Thumb Code     0  libshutdown2.o(.ARM.Collect$$libshutdown$$00000010)
    __rt_lib_shutdown_signal_1               0x080001bb   Thumb Code     0  libshutdown2.o(.ARM.Collect$$libshutdown$$0000000A)
    __rt_lib_shutdown_stdio_1                0x080001bb   Thumb Code     0  libshutdown2.o(.ARM.Collect$$libshutdown$$00000004)
    __rt_lib_shutdown_user_alloc_1           0x080001bb   Thumb Code     0  libshutdown2.o(.ARM.Collect$$libshutdown$$0000000C)
    __rt_entry                               0x080001bd   Thumb Code     0  __rtentry.o(.ARM.Collect$$rtentry$$00000000)
    __rt_entry_presh_1                       0x080001bd   Thumb Code     0  __rtentry2.o(.ARM.Collect$$rtentry$$00000002)
    __rt_entry_sh                            0x080001bd   Thumb Code     0  __rtentry4.o(.ARM.Collect$$rtentry$$00000004)
    __rt_entry_li                            0x080001c3   Thumb Code     0  __rtentry2.o(.ARM.Collect$$rtentry$$0000000A)
    __rt_entry_postsh_1                      0x080001c3   Thumb Code     0  __rtentry2.o(.ARM.Collect$$rtentry$$00000009)
    __rt_entry_main                          0x080001c7   Thumb Code     0  __rtentry2.o(.ARM.Collect$$rtentry$$0000000D)
    __rt_entry_postli_1                      0x080001c7   Thumb Code     0  __rtentry2.o(.ARM.Collect$$rtentry$$0000000C)
    __rt_exit                                0x080001cf   Thumb Code     0  rtexit.o(.ARM.Collect$$rtexit$$00000000)
    __rt_exit_ls                             0x080001d1   Thumb Code     0  rtexit2.o(.ARM.Collect$$rtexit$$00000003)
    __rt_exit_prels_1                        0x080001d1   Thumb Code     0  rtexit2.o(.ARM.Collect$$rtexit$$00000002)
    __rt_exit_exit                           0x080001d5   Thumb Code     0  rtexit2.o(.ARM.Collect$$rtexit$$00000004)
    main                                     0x080001db   Thumb Code    66  main.o(.text)
    NMI_Handler                              0x0800021d   Thumb Code     2  stm32f10x_it.o(.text)
    HardFault_Handler                        0x0800021f   Thumb Code     2  stm32f10x_it.o(.text)
    MemManage_Handler                        0x08000221   Thumb Code     2  stm32f10x_it.o(.text)
    BusFault_Handler                         0x08000223   Thumb Code     2  stm32f10x_it.o(.text)
    UsageFault_Handler                       0x08000225   Thumb Code     2  stm32f10x_it.o(.text)
    SVC_Handler                              0x08000227   Thumb Code     2  stm32f10x_it.o(.text)
    DebugMon_Handler                         0x08000229   Thumb Code     2  stm32f10x_it.o(.text)
    PendSV_Handler                           0x0800022b   Thumb Code     2  stm32f10x_it.o(.text)
    SysTick_Handler                          0x0800022d   Thumb Code     2  stm32f10x_it.o(.text)
    SystemInit                               0x080002d1   Thumb Code    64  system_stm32f10x.o(.text)
    SystemCoreClockUpdate                    0x08000311   Thumb Code    84  system_stm32f10x.o(.text)
    LED_Init                                 0x08000385   Thumb Code    46  led.o(.text)
    KEY_Init                                 0x080003b9   Thumb Code    34  key.o(.text)
    KEY_Scan                                 0x080003db   Thumb Code   194  key.o(.text)
    _sys_exit                                0x080004a5   Thumb Code     2  hmi.o(.text)
    fputc                                    0x080004a7   Thumb Code    18  hmi.o(.text)
    uart_init1                               0x080004b9   Thumb Code   152  hmi.o(.text)
    USART1_IRQHandler                        0x08000551   Thumb Code    70  hmi.o(.text)
    compute                                  0x08000597   Thumb Code   144  hmi.o(.text)
    runHMICommand                            0x08000627   Thumb Code   286  hmi.o(.text)
    sendData                                 0x08000745   Thumb Code    32  hmi.o(.text)
    sendStringHMI                            0x08000765   Thumb Code    28  hmi.o(.text)
    TIM4_PWM_Init                            0x080007b5   Thumb Code   154  servo.o(.text)
    servo                                    0x0800084f   Thumb Code   176  servo.o(.text)
    initialize                               0x08000939   Thumb Code    88  user.o(.text)
    shoot                                    0x08000991   Thumb Code   152  user.o(.text)
    tance_1                                  0x08000a29   Thumb Code    52  user.o(.text)
    tance_2                                  0x08000a5d   Thumb Code    62  user.o(.text)
    tance_3                                  0x08000a9b   Thumb Code   566  user.o(.text)
    uart_init3                               0x08000d21   Thumb Code   160  laser_ranging.o(.text)
    USART3_IRQHandler                        0x08000dc1   Thumb Code    70  laser_ranging.o(.text)
    ranging                                  0x08000e07   Thumb Code   154  laser_ranging.o(.text)
    senddata                                 0x08000ea1   Thumb Code    36  laser_ranging.o(.text)
    TIM5_PWM_Init                            0x08000ee5   Thumb Code   150  tim5_pwm.o(.text)
    delay_init                               0x08000f85   Thumb Code    46  delay.o(.text)
    delay_us                                 0x08000fb3   Thumb Code    46  delay.o(.text)
    delay_ms                                 0x08000fe1   Thumb Code    46  delay.o(.text)
    Reset_Handler                            0x0800101d   Thumb Code     8  startup_stm32f10x_hd.o(.text)
    ADC1_2_IRQHandler                        0x08001037   Thumb Code     0  startup_stm32f10x_hd.o(.text)
    ADC3_IRQHandler                          0x08001037   Thumb Code     0  startup_stm32f10x_hd.o(.text)
    CAN1_RX1_IRQHandler                      0x08001037   Thumb Code     0  startup_stm32f10x_hd.o(.text)
    CAN1_SCE_IRQHandler                      0x08001037   Thumb Code     0  startup_stm32f10x_hd.o(.text)
    DMA1_Channel1_IRQHandler                 0x08001037   Thumb Code     0  startup_stm32f10x_hd.o(.text)
    DMA1_Channel2_IRQHandler                 0x08001037   Thumb Code     0  startup_stm32f10x_hd.o(.text)
    DMA1_Channel3_IRQHandler                 0x08001037   Thumb Code     0  startup_stm32f10x_hd.o(.text)
    DMA1_Channel4_IRQHandler                 0x08001037   Thumb Code     0  startup_stm32f10x_hd.o(.text)
    DMA1_Channel5_IRQHandler                 0x08001037   Thumb Code     0  startup_stm32f10x_hd.o(.text)
    DMA1_Channel6_IRQHandler                 0x08001037   Thumb Code     0  startup_stm32f10x_hd.o(.text)
    DMA1_Channel7_IRQHandler                 0x08001037   Thumb Code     0  startup_stm32f10x_hd.o(.text)
    DMA2_Channel1_IRQHandler                 0x08001037   Thumb Code     0  startup_stm32f10x_hd.o(.text)
    DMA2_Channel2_IRQHandler                 0x08001037   Thumb Code     0  startup_stm32f10x_hd.o(.text)
    DMA2_Channel3_IRQHandler                 0x08001037   Thumb Code     0  startup_stm32f10x_hd.o(.text)
    DMA2_Channel4_5_IRQHandler               0x08001037   Thumb Code     0  startup_stm32f10x_hd.o(.text)
    EXTI0_IRQHandler                         0x08001037   Thumb Code     0  startup_stm32f10x_hd.o(.text)
    EXTI15_10_IRQHandler                     0x08001037   Thumb Code     0  startup_stm32f10x_hd.o(.text)
    EXTI1_IRQHandler                         0x08001037   Thumb Code     0  startup_stm32f10x_hd.o(.text)
    EXTI2_IRQHandler                         0x08001037   Thumb Code     0  startup_stm32f10x_hd.o(.text)
    EXTI3_IRQHandler                         0x08001037   Thumb Code     0  startup_stm32f10x_hd.o(.text)
    EXTI4_IRQHandler                         0x08001037   Thumb Code     0  startup_stm32f10x_hd.o(.text)
    EXTI9_5_IRQHandler                       0x08001037   Thumb Code     0  startup_stm32f10x_hd.o(.text)
    FLASH_IRQHandler                         0x08001037   Thumb Code     0  startup_stm32f10x_hd.o(.text)
    FSMC_IRQHandler                          0x08001037   Thumb Code     0  startup_stm32f10x_hd.o(.text)
    I2C1_ER_IRQHandler                       0x08001037   Thumb Code     0  startup_stm32f10x_hd.o(.text)
    I2C1_EV_IRQHandler                       0x08001037   Thumb Code     0  startup_stm32f10x_hd.o(.text)
    I2C2_ER_IRQHandler                       0x08001037   Thumb Code     0  startup_stm32f10x_hd.o(.text)
    I2C2_EV_IRQHandler                       0x08001037   Thumb Code     0  startup_stm32f10x_hd.o(.text)
    PVD_IRQHandler                           0x08001037   Thumb Code     0  startup_stm32f10x_hd.o(.text)
    RCC_IRQHandler                           0x08001037   Thumb Code     0  startup_stm32f10x_hd.o(.text)
    RTCAlarm_IRQHandler                      0x08001037   Thumb Code     0  startup_stm32f10x_hd.o(.text)
    RTC_IRQHandler                           0x08001037   Thumb Code     0  startup_stm32f10x_hd.o(.text)
    SDIO_IRQHandler                          0x08001037   Thumb Code     0  startup_stm32f10x_hd.o(.text)
    SPI1_IRQHandler                          0x08001037   Thumb Code     0  startup_stm32f10x_hd.o(.text)
    SPI2_IRQHandler                          0x08001037   Thumb Code     0  startup_stm32f10x_hd.o(.text)
    SPI3_IRQHandler                          0x08001037   Thumb Code     0  startup_stm32f10x_hd.o(.text)
    TAMPER_IRQHandler                        0x08001037   Thumb Code     0  startup_stm32f10x_hd.o(.text)
    TIM1_BRK_IRQHandler                      0x08001037   Thumb Code     0  startup_stm32f10x_hd.o(.text)
    TIM1_CC_IRQHandler                       0x08001037   Thumb Code     0  startup_stm32f10x_hd.o(.text)
    TIM1_TRG_COM_IRQHandler                  0x08001037   Thumb Code     0  startup_stm32f10x_hd.o(.text)
    TIM1_UP_IRQHandler                       0x08001037   Thumb Code     0  startup_stm32f10x_hd.o(.text)
    TIM2_IRQHandler                          0x08001037   Thumb Code     0  startup_stm32f10x_hd.o(.text)
    TIM3_IRQHandler                          0x08001037   Thumb Code     0  startup_stm32f10x_hd.o(.text)
    TIM4_IRQHandler                          0x08001037   Thumb Code     0  startup_stm32f10x_hd.o(.text)
    TIM5_IRQHandler                          0x08001037   Thumb Code     0  startup_stm32f10x_hd.o(.text)
    TIM6_IRQHandler                          0x08001037   Thumb Code     0  startup_stm32f10x_hd.o(.text)
    TIM7_IRQHandler                          0x08001037   Thumb Code     0  startup_stm32f10x_hd.o(.text)
    TIM8_BRK_IRQHandler                      0x08001037   Thumb Code     0  startup_stm32f10x_hd.o(.text)
    TIM8_CC_IRQHandler                       0x08001037   Thumb Code     0  startup_stm32f10x_hd.o(.text)
    TIM8_TRG_COM_IRQHandler                  0x08001037   Thumb Code     0  startup_stm32f10x_hd.o(.text)
    TIM8_UP_IRQHandler                       0x08001037   Thumb Code     0  startup_stm32f10x_hd.o(.text)
    UART4_IRQHandler                         0x08001037   Thumb Code     0  startup_stm32f10x_hd.o(.text)
    UART5_IRQHandler                         0x08001037   Thumb Code     0  startup_stm32f10x_hd.o(.text)
    USART2_IRQHandler                        0x08001037   Thumb Code     0  startup_stm32f10x_hd.o(.text)
    USBWakeUp_IRQHandler                     0x08001037   Thumb Code     0  startup_stm32f10x_hd.o(.text)
    USB_HP_CAN1_TX_IRQHandler                0x08001037   Thumb Code     0  startup_stm32f10x_hd.o(.text)
    USB_LP_CAN1_RX0_IRQHandler               0x08001037   Thumb Code     0  startup_stm32f10x_hd.o(.text)
    WWDG_IRQHandler                          0x08001037   Thumb Code     0  startup_stm32f10x_hd.o(.text)
    __user_initial_stackheap                 0x08001039   Thumb Code     0  startup_stm32f10x_hd.o(.text)
    NVIC_PriorityGroupConfig                 0x0800105d   Thumb Code    10  misc.o(.text)
    NVIC_Init                                0x08001067   Thumb Code    94  misc.o(.text)
    NVIC_SetVectorTable                      0x080010c5   Thumb Code    14  misc.o(.text)
    NVIC_SystemLPConfig                      0x080010d3   Thumb Code    20  misc.o(.text)
    SysTick_CLKSourceConfig                  0x080010e7   Thumb Code    24  misc.o(.text)
    GPIO_DeInit                              0x0800110d   Thumb Code   152  stm32f10x_gpio.o(.text)
    GPIO_AFIODeInit                          0x080011a5   Thumb Code    22  stm32f10x_gpio.o(.text)
    GPIO_Init                                0x080011bb   Thumb Code   164  stm32f10x_gpio.o(.text)
    GPIO_StructInit                          0x0800125f   Thumb Code    16  stm32f10x_gpio.o(.text)
    GPIO_ReadInputDataBit                    0x0800126f   Thumb Code    14  stm32f10x_gpio.o(.text)
    GPIO_ReadInputData                       0x0800127d   Thumb Code     6  stm32f10x_gpio.o(.text)
    GPIO_ReadOutputDataBit                   0x08001283   Thumb Code    14  stm32f10x_gpio.o(.text)
    GPIO_ReadOutputData                      0x08001291   Thumb Code     6  stm32f10x_gpio.o(.text)
    GPIO_SetBits                             0x08001297   Thumb Code     4  stm32f10x_gpio.o(.text)
    GPIO_ResetBits                           0x0800129b   Thumb Code     4  stm32f10x_gpio.o(.text)
    GPIO_WriteBit                            0x0800129f   Thumb Code    10  stm32f10x_gpio.o(.text)
    GPIO_Write                               0x080012a9   Thumb Code     4  stm32f10x_gpio.o(.text)
    GPIO_PinLockConfig                       0x080012ad   Thumb Code    16  stm32f10x_gpio.o(.text)
    GPIO_EventOutputConfig                   0x080012bd   Thumb Code    22  stm32f10x_gpio.o(.text)
    GPIO_EventOutputCmd                      0x080012d3   Thumb Code     6  stm32f10x_gpio.o(.text)
    GPIO_PinRemapConfig                      0x080012d9   Thumb Code    82  stm32f10x_gpio.o(.text)
    GPIO_EXTILineConfig                      0x0800132b   Thumb Code    34  stm32f10x_gpio.o(.text)
    GPIO_ETH_MediaInterfaceConfig            0x0800134d   Thumb Code     8  stm32f10x_gpio.o(.text)
    RCC_DeInit                               0x08001379   Thumb Code    50  stm32f10x_rcc.o(.text)
    RCC_HSEConfig                            0x080013ab   Thumb Code    48  stm32f10x_rcc.o(.text)
    RCC_GetFlagStatus                        0x080013db   Thumb Code    42  stm32f10x_rcc.o(.text)
    RCC_WaitForHSEStartUp                    0x08001405   Thumb Code    44  stm32f10x_rcc.o(.text)
    RCC_AdjustHSICalibrationValue            0x08001431   Thumb Code    16  stm32f10x_rcc.o(.text)
    RCC_HSICmd                               0x08001441   Thumb Code     6  stm32f10x_rcc.o(.text)
    RCC_PLLConfig                            0x08001447   Thumb Code    16  stm32f10x_rcc.o(.text)
    RCC_PLLCmd                               0x08001457   Thumb Code     6  stm32f10x_rcc.o(.text)
    RCC_SYSCLKConfig                         0x0800145d   Thumb Code    14  stm32f10x_rcc.o(.text)
    RCC_GetSYSCLKSource                      0x0800146b   Thumb Code    10  stm32f10x_rcc.o(.text)
    RCC_HCLKConfig                           0x08001475   Thumb Code    14  stm32f10x_rcc.o(.text)
    RCC_PCLK1Config                          0x08001483   Thumb Code    14  stm32f10x_rcc.o(.text)
    RCC_PCLK2Config                          0x08001491   Thumb Code    16  stm32f10x_rcc.o(.text)
    RCC_ITConfig                             0x080014a1   Thumb Code    18  stm32f10x_rcc.o(.text)
    RCC_USBCLKConfig                         0x080014b3   Thumb Code     8  stm32f10x_rcc.o(.text)
    RCC_ADCCLKConfig                         0x080014bb   Thumb Code    14  stm32f10x_rcc.o(.text)
    RCC_LSEConfig                            0x080014c9   Thumb Code    28  stm32f10x_rcc.o(.text)
    RCC_LSICmd                               0x080014e5   Thumb Code     6  stm32f10x_rcc.o(.text)
    RCC_RTCCLKConfig                         0x080014eb   Thumb Code    10  stm32f10x_rcc.o(.text)
    RCC_RTCCLKCmd                            0x080014f5   Thumb Code     8  stm32f10x_rcc.o(.text)
    RCC_GetClocksFreq                        0x080014fd   Thumb Code   128  stm32f10x_rcc.o(.text)
    RCC_AHBPeriphClockCmd                    0x0800157d   Thumb Code    18  stm32f10x_rcc.o(.text)
    RCC_APB2PeriphClockCmd                   0x0800158f   Thumb Code    18  stm32f10x_rcc.o(.text)
    RCC_APB1PeriphClockCmd                   0x080015a1   Thumb Code    18  stm32f10x_rcc.o(.text)
    RCC_APB2PeriphResetCmd                   0x080015b3   Thumb Code    18  stm32f10x_rcc.o(.text)
    RCC_APB1PeriphResetCmd                   0x080015c5   Thumb Code    18  stm32f10x_rcc.o(.text)
    RCC_BackupResetCmd                       0x080015d7   Thumb Code     8  stm32f10x_rcc.o(.text)
    RCC_ClockSecuritySystemCmd               0x080015df   Thumb Code     6  stm32f10x_rcc.o(.text)
    RCC_MCOConfig                            0x080015e5   Thumb Code     6  stm32f10x_rcc.o(.text)
    RCC_ClearFlag                            0x080015eb   Thumb Code    12  stm32f10x_rcc.o(.text)
    RCC_GetITStatus                          0x080015f7   Thumb Code    16  stm32f10x_rcc.o(.text)
    RCC_ClearITPendingBit                    0x08001607   Thumb Code     6  stm32f10x_rcc.o(.text)
    USART_DeInit                             0x0800162d   Thumb Code    96  stm32f10x_usart.o(.text)
    USART_Init                               0x0800168d   Thumb Code   166  stm32f10x_usart.o(.text)
    USART_StructInit                         0x08001733   Thumb Code    22  stm32f10x_usart.o(.text)
    USART_ClockInit                          0x08001749   Thumb Code    30  stm32f10x_usart.o(.text)
    USART_ClockStructInit                    0x08001767   Thumb Code    12  stm32f10x_usart.o(.text)
    USART_Cmd                                0x08001773   Thumb Code    20  stm32f10x_usart.o(.text)
    USART_ITConfig                           0x08001787   Thumb Code    48  stm32f10x_usart.o(.text)
    USART_DMACmd                             0x080017b7   Thumb Code    16  stm32f10x_usart.o(.text)
    USART_SetAddress                         0x080017c7   Thumb Code    16  stm32f10x_usart.o(.text)
    USART_WakeUpConfig                       0x080017d7   Thumb Code    16  stm32f10x_usart.o(.text)
    USART_ReceiverWakeUpCmd                  0x080017e7   Thumb Code    20  stm32f10x_usart.o(.text)
    USART_LINBreakDetectLengthConfig         0x080017fb   Thumb Code    16  stm32f10x_usart.o(.text)
    USART_LINCmd                             0x0800180b   Thumb Code    20  stm32f10x_usart.o(.text)
    USART_SendData                           0x0800181f   Thumb Code     8  stm32f10x_usart.o(.text)
    USART_ReceiveData                        0x08001827   Thumb Code     8  stm32f10x_usart.o(.text)
    USART_SendBreak                          0x0800182f   Thumb Code    10  stm32f10x_usart.o(.text)
    USART_SetGuardTime                       0x08001839   Thumb Code    16  stm32f10x_usart.o(.text)
    USART_SetPrescaler                       0x08001849   Thumb Code    16  stm32f10x_usart.o(.text)
    USART_SmartCardCmd                       0x08001859   Thumb Code    20  stm32f10x_usart.o(.text)
    USART_SmartCardNACKCmd                   0x0800186d   Thumb Code    20  stm32f10x_usart.o(.text)
    USART_HalfDuplexCmd                      0x08001881   Thumb Code    20  stm32f10x_usart.o(.text)
    USART_OverSampling8Cmd                   0x08001895   Thumb Code    20  stm32f10x_usart.o(.text)
    USART_OneBitMethodCmd                    0x080018a9   Thumb Code    20  stm32f10x_usart.o(.text)
    USART_IrDAConfig                         0x080018bd   Thumb Code    16  stm32f10x_usart.o(.text)
    USART_IrDACmd                            0x080018cd   Thumb Code    20  stm32f10x_usart.o(.text)
    USART_GetFlagStatus                      0x080018e1   Thumb Code    14  stm32f10x_usart.o(.text)
    USART_ClearFlag                          0x080018ef   Thumb Code     6  stm32f10x_usart.o(.text)
    USART_GetITStatus                        0x080018f5   Thumb Code    62  stm32f10x_usart.o(.text)
    USART_ClearITPendingBit                  0x08001933   Thumb Code    12  stm32f10x_usart.o(.text)
    TIM_DeInit                               0x08001955   Thumb Code   304  stm32f10x_tim.o(.text)
    TIM_TimeBaseInit                         0x08001a85   Thumb Code   114  stm32f10x_tim.o(.text)
    TIM_OC1Init                              0x08001af7   Thumb Code   106  stm32f10x_tim.o(.text)
    TIM_OC2Init                              0x08001b61   Thumb Code   120  stm32f10x_tim.o(.text)
    TIM_OC3Init                              0x08001bd9   Thumb Code   116  stm32f10x_tim.o(.text)
    TIM_OC4Init                              0x08001c4d   Thumb Code    90  stm32f10x_tim.o(.text)
    TIM_SetIC4Prescaler                      0x08001ca7   Thumb Code    24  stm32f10x_tim.o(.text)
    TIM_SetIC3Prescaler                      0x08001cbf   Thumb Code    16  stm32f10x_tim.o(.text)
    TIM_SetIC2Prescaler                      0x08001ccf   Thumb Code    24  stm32f10x_tim.o(.text)
    TIM_SetIC1Prescaler                      0x08001d8d   Thumb Code    16  stm32f10x_tim.o(.text)
    TIM_ICInit                               0x08001df5   Thumb Code   272  stm32f10x_tim.o(.text)
    TIM_PWMIConfig                           0x08001f05   Thumb Code   104  stm32f10x_tim.o(.text)
    TIM_BDTRConfig                           0x08001f6d   Thumb Code    34  stm32f10x_tim.o(.text)
    TIM_TimeBaseStructInit                   0x08001f8f   Thumb Code    18  stm32f10x_tim.o(.text)
    TIM_OCStructInit                         0x08001fa1   Thumb Code    20  stm32f10x_tim.o(.text)
    TIM_ICStructInit                         0x08001fb5   Thumb Code    16  stm32f10x_tim.o(.text)
    TIM_BDTRStructInit                       0x08001fc5   Thumb Code    18  stm32f10x_tim.o(.text)
    TIM_Cmd                                  0x08001fd7   Thumb Code    20  stm32f10x_tim.o(.text)
    TIM_CtrlPWMOutputs                       0x08001feb   Thumb Code    22  stm32f10x_tim.o(.text)
    TIM_ITConfig                             0x08002001   Thumb Code    16  stm32f10x_tim.o(.text)
    TIM_GenerateEvent                        0x08002011   Thumb Code     4  stm32f10x_tim.o(.text)
    TIM_DMAConfig                            0x08002015   Thumb Code     8  stm32f10x_tim.o(.text)
    TIM_DMACmd                               0x0800201d   Thumb Code    16  stm32f10x_tim.o(.text)
    TIM_InternalClockConfig                  0x0800202d   Thumb Code    10  stm32f10x_tim.o(.text)
    TIM_SelectInputTrigger                   0x08002037   Thumb Code    12  stm32f10x_tim.o(.text)
    TIM_ITRxExternalClockConfig              0x08002043   Thumb Code    18  stm32f10x_tim.o(.text)
    TIM_TIxExternalClockConfig               0x08002055   Thumb Code    46  stm32f10x_tim.o(.text)
    TIM_ETRConfig                            0x08002083   Thumb Code    24  stm32f10x_tim.o(.text)
    TIM_ETRClockMode1Config                  0x0800209b   Thumb Code    18  stm32f10x_tim.o(.text)
    TIM_ETRClockMode2Config                  0x080020ad   Thumb Code    18  stm32f10x_tim.o(.text)
    TIM_PrescalerConfig                      0x080020bf   Thumb Code     6  stm32f10x_tim.o(.text)
    TIM_CounterModeConfig                    0x080020c5   Thumb Code    12  stm32f10x_tim.o(.text)
    TIM_EncoderInterfaceConfig               0x080020d1   Thumb Code    50  stm32f10x_tim.o(.text)
    TIM_ForcedOC1Config                      0x08002103   Thumb Code    12  stm32f10x_tim.o(.text)
    TIM_ForcedOC2Config                      0x0800210f   Thumb Code    20  stm32f10x_tim.o(.text)
    TIM_ForcedOC3Config                      0x08002123   Thumb Code    12  stm32f10x_tim.o(.text)
    TIM_ForcedOC4Config                      0x0800212f   Thumb Code    20  stm32f10x_tim.o(.text)
    TIM_ARRPreloadConfig                     0x08002143   Thumb Code    20  stm32f10x_tim.o(.text)
    TIM_SelectCOM                            0x08002157   Thumb Code    20  stm32f10x_tim.o(.text)
    TIM_SelectCCDMA                          0x0800216b   Thumb Code    20  stm32f10x_tim.o(.text)
    TIM_CCPreloadControl                     0x0800217f   Thumb Code    20  stm32f10x_tim.o(.text)
    TIM_OC1PreloadConfig                     0x08002193   Thumb Code    34  stm32f10x_tim.o(.text)
    TIM_OC2PreloadConfig                     0x080021b5   Thumb Code    20  stm32f10x_tim.o(.text)
    TIM_OC3PreloadConfig                     0x080021c9   Thumb Code    12  stm32f10x_tim.o(.text)
    TIM_OC4PreloadConfig                     0x080021d5   Thumb Code    20  stm32f10x_tim.o(.text)
    TIM_OC1FastConfig                        0x080021e9   Thumb Code    12  stm32f10x_tim.o(.text)
    TIM_OC2FastConfig                        0x080021f5   Thumb Code    20  stm32f10x_tim.o(.text)
    TIM_OC3FastConfig                        0x08002209   Thumb Code    12  stm32f10x_tim.o(.text)
    TIM_OC4FastConfig                        0x08002215   Thumb Code    20  stm32f10x_tim.o(.text)
    TIM_ClearOC1Ref                          0x08002229   Thumb Code    12  stm32f10x_tim.o(.text)
    TIM_ClearOC2Ref                          0x08002235   Thumb Code    20  stm32f10x_tim.o(.text)
    TIM_ClearOC3Ref                          0x08002249   Thumb Code    12  stm32f10x_tim.o(.text)
    TIM_ClearOC4Ref                          0x08002255   Thumb Code    20  stm32f10x_tim.o(.text)
    TIM_OC1PolarityConfig                    0x08002269   Thumb Code    12  stm32f10x_tim.o(.text)
    TIM_OC1NPolarityConfig                   0x08002275   Thumb Code    12  stm32f10x_tim.o(.text)
    TIM_OC2PolarityConfig                    0x08002281   Thumb Code    20  stm32f10x_tim.o(.text)
    TIM_OC2NPolarityConfig                   0x08002295   Thumb Code    20  stm32f10x_tim.o(.text)
    TIM_OC3PolarityConfig                    0x080022a9   Thumb Code    20  stm32f10x_tim.o(.text)
    TIM_OC3NPolarityConfig                   0x080022bd   Thumb Code    20  stm32f10x_tim.o(.text)
    TIM_OC4PolarityConfig                    0x080022d1   Thumb Code    20  stm32f10x_tim.o(.text)
    TIM_CCxCmd                               0x080022e5   Thumb Code    22  stm32f10x_tim.o(.text)
    TIM_CCxNCmd                              0x080022fb   Thumb Code    22  stm32f10x_tim.o(.text)
    TIM_SelectOCxM                           0x08002311   Thumb Code    70  stm32f10x_tim.o(.text)
    TIM_UpdateDisableConfig                  0x08002357   Thumb Code    20  stm32f10x_tim.o(.text)
    TIM_UpdateRequestConfig                  0x0800236b   Thumb Code    20  stm32f10x_tim.o(.text)
    TIM_SelectHallSensor                     0x0800237f   Thumb Code    20  stm32f10x_tim.o(.text)
    TIM_SelectOnePulseMode                   0x08002393   Thumb Code    16  stm32f10x_tim.o(.text)
    TIM_SelectOutputTrigger                  0x080023a3   Thumb Code    16  stm32f10x_tim.o(.text)
    TIM_SelectSlaveMode                      0x080023b3   Thumb Code    16  stm32f10x_tim.o(.text)
    TIM_SelectMasterSlaveMode                0x080023c3   Thumb Code    16  stm32f10x_tim.o(.text)
    TIM_SetCounter                           0x080023d3   Thumb Code     4  stm32f10x_tim.o(.text)
    TIM_SetAutoreload                        0x080023d7   Thumb Code     4  stm32f10x_tim.o(.text)
    TIM_SetCompare1                          0x080023db   Thumb Code     4  stm32f10x_tim.o(.text)
    TIM_SetCompare2                          0x080023df   Thumb Code     4  stm32f10x_tim.o(.text)
    TIM_SetCompare3                          0x080023e3   Thumb Code     4  stm32f10x_tim.o(.text)
    TIM_SetCompare4                          0x080023e7   Thumb Code     6  stm32f10x_tim.o(.text)
    TIM_SetClockDivision                     0x080023ed   Thumb Code    16  stm32f10x_tim.o(.text)
    TIM_GetCapture1                          0x080023fd   Thumb Code     4  stm32f10x_tim.o(.text)
    TIM_GetCapture2                          0x08002401   Thumb Code     4  stm32f10x_tim.o(.text)
    TIM_GetCapture3                          0x08002405   Thumb Code     4  stm32f10x_tim.o(.text)
    TIM_GetCapture4                          0x08002409   Thumb Code     6  stm32f10x_tim.o(.text)
    TIM_GetCounter                           0x0800240f   Thumb Code     4  stm32f10x_tim.o(.text)
    TIM_GetPrescaler                         0x08002413   Thumb Code     4  stm32f10x_tim.o(.text)
    TIM_GetFlagStatus                        0x08002417   Thumb Code    14  stm32f10x_tim.o(.text)
    TIM_ClearFlag                            0x08002425   Thumb Code     6  stm32f10x_tim.o(.text)
    TIM_GetITStatus                          0x0800242b   Thumb Code    24  stm32f10x_tim.o(.text)
    TIM_ClearITPendingBit                    0x08002443   Thumb Code     6  stm32f10x_tim.o(.text)
    __use_no_semihosting                     0x08002449   Thumb Code     2  use_no_semi_2.o(.text)
    __2sprintf                               0x0800244d   Thumb Code    34  noretval__2sprintf.o(.text)
    __printf                                 0x08002475   Thumb Code   104  __printf.o(.text)
    _printf_str                              0x080024dd   Thumb Code    82  _printf_str.o(.text)
    _printf_int_dec                          0x08002531   Thumb Code   104  _printf_dec.o(.text)
    strlen                                   0x080025a9   Thumb Code    62  strlen.o(.text)
    __use_two_region_memory                  0x080025e7   Thumb Code     2  heapauxi.o(.text)
    __rt_heap_escrow$2region                 0x080025e9   Thumb Code     2  heapauxi.o(.text)
    __rt_heap_expand$2region                 0x080025eb   Thumb Code     2  heapauxi.o(.text)
    __I$use$semihosting                      0x080025ed   Thumb Code     0  use_no_semi.o(.text)
    __use_no_semihosting_swi                 0x080025ed   Thumb Code     2  use_no_semi.o(.text)
    __read_errno                             0x080025ef   Thumb Code    10  _rserrno.o(.text)
    __set_errno                              0x080025f9   Thumb Code    12  _rserrno.o(.text)
    _printf_int_common                       0x08002605   Thumb Code   178  _printf_intcommon.o(.text)
    _printf_char_common                      0x080026c3   Thumb Code    32  _printf_char_common.o(.text)
    _sputc                                   0x080026e9   Thumb Code    10  _sputc.o(.text)
    _printf_cs_common                        0x080026f3   Thumb Code    20  _printf_char.o(.text)
    _printf_char                             0x08002707   Thumb Code    16  _printf_char.o(.text)
    _printf_string                           0x08002717   Thumb Code     8  _printf_char.o(.text)
    __aeabi_errno_addr                       0x08002721   Thumb Code     8  rt_errno_addr_intlibspace.o(.text)
    __errno$intlibspace                      0x08002721   Thumb Code     0  rt_errno_addr_intlibspace.o(.text)
    __rt_errno_addr$intlibspace              0x08002721   Thumb Code     0  rt_errno_addr_intlibspace.o(.text)
    __user_libspace                          0x08002729   Thumb Code     8  libspace.o(.text)
    __user_perproc_libspace                  0x08002729   Thumb Code     0  libspace.o(.text)
    __user_perthread_libspace                0x08002729   Thumb Code     0  libspace.o(.text)
    __user_setup_stackheap                   0x08002731   Thumb Code    74  sys_stackheap_outer.o(.text)
    exit                                     0x0800277b   Thumb Code    18  exit.o(.text)
    __ARM_fpclassify                         0x0800278d   Thumb Code    40  fpclassify.o(i.__ARM_fpclassify)
    __kernel_poly                            0x080027b5   Thumb Code   170  poly.o(i.__kernel_poly)
    __mathlib_dbl_divzero                    0x08002861   Thumb Code    12  dunder.o(i.__mathlib_dbl_divzero)
    __mathlib_dbl_infnan2                    0x08002871   Thumb Code     4  dunder.o(i.__mathlib_dbl_infnan2)
    __mathlib_dbl_invalid                    0x08002875   Thumb Code    12  dunder.o(i.__mathlib_dbl_invalid)
    __mathlib_dbl_overflow                   0x08002881   Thumb Code    14  dunder.o(i.__mathlib_dbl_overflow)
    __mathlib_dbl_underflow                  0x08002891   Thumb Code    10  dunder.o(i.__mathlib_dbl_underflow)
    pow                                      0x080028a1   Thumb Code  2512  pow.o(i.pow)
    sqrt                                     0x08003279   Thumb Code    76  sqrt.o(i.sqrt)
    __aeabi_d2f                              0x080032c5   Thumb Code     0  d2f.o(x$fpl$d2f)
    _d2f                                     0x080032c5   Thumb Code    98  d2f.o(x$fpl$d2f)
    __aeabi_dadd                             0x08003329   Thumb Code     0  daddsub_clz.o(x$fpl$dadd)
    _dadd                                    0x08003329   Thumb Code   332  daddsub_clz.o(x$fpl$dadd)
    __fpl_dcheck_NaN1                        0x08003479   Thumb Code    10  dcheck1.o(x$fpl$dcheck1)
    __fpl_dcmp_Inf                           0x08003489   Thumb Code    24  dcmpi.o(x$fpl$dcmpinf)
    __aeabi_ddiv                             0x080034a1   Thumb Code     0  ddiv.o(x$fpl$ddiv)
    _ddiv                                    0x080034a1   Thumb Code   552  ddiv.o(x$fpl$ddiv)
    __aeabi_d2iz                             0x08003751   Thumb Code     0  dfix.o(x$fpl$dfix)
    _dfix                                    0x08003751   Thumb Code    94  dfix.o(x$fpl$dfix)
    __aeabi_i2d                              0x080037af   Thumb Code     0  dflt_clz.o(x$fpl$dflt)
    _dflt                                    0x080037af   Thumb Code    46  dflt_clz.o(x$fpl$dflt)
    __aeabi_cdcmple                          0x080037dd   Thumb Code     0  dleqf.o(x$fpl$dleqf)
    _dcmple                                  0x080037dd   Thumb Code   120  dleqf.o(x$fpl$dleqf)
    __fpl_dcmple_InfNaN                      0x0800383f   Thumb Code     0  dleqf.o(x$fpl$dleqf)
    __aeabi_dmul                             0x08003855   Thumb Code     0  dmul.o(x$fpl$dmul)
    _dmul                                    0x08003855   Thumb Code   332  dmul.o(x$fpl$dmul)
    __fpl_dnaninf                            0x080039a9   Thumb Code   156  dnaninf.o(x$fpl$dnaninf)
    __fpl_dretinf                            0x08003a45   Thumb Code    12  dretinf.o(x$fpl$dretinf)
    __aeabi_cdrcmple                         0x08003a51   Thumb Code     0  drleqf.o(x$fpl$drleqf)
    _drcmple                                 0x08003a51   Thumb Code   108  drleqf.o(x$fpl$drleqf)
    __aeabi_drsub                            0x08003abd   Thumb Code     0  daddsub_clz.o(x$fpl$drsb)
    _drsb                                    0x08003abd   Thumb Code    22  daddsub_clz.o(x$fpl$drsb)
    _dsqrt                                   0x08003ad5   Thumb Code   456  dsqrt_noumaal.o(x$fpl$dsqrt)
    __aeabi_dsub                             0x08003ca1   Thumb Code     0  daddsub_clz.o(x$fpl$dsub)
    _dsub                                    0x08003ca1   Thumb Code   464  daddsub_clz.o(x$fpl$dsub)
    __aeabi_f2d                              0x08003e75   Thumb Code     0  f2d.o(x$fpl$f2d)
    _f2d                                     0x08003e75   Thumb Code    86  f2d.o(x$fpl$f2d)
    __aeabi_fadd                             0x08003ecd   Thumb Code     0  faddsub_clz.o(x$fpl$fadd)
    _fadd                                    0x08003ecd   Thumb Code   196  faddsub_clz.o(x$fpl$fadd)
    __fpl_fcheck_NaN1                        0x08003f91   Thumb Code     6  fcheck1.o(x$fpl$fcheck1)
    __fpl_fcmp_Inf                           0x08003f9d   Thumb Code    24  fcmpi.o(x$fpl$fcmpinf)
    __aeabi_f2iz                             0x08003fb5   Thumb Code     0  ffix.o(x$fpl$ffix)
    _ffix                                    0x08003fb5   Thumb Code    54  ffix.o(x$fpl$ffix)
    __aeabi_i2f                              0x08003fed   Thumb Code     0  fflt_clz.o(x$fpl$fflt)
    _fflt                                    0x08003fed   Thumb Code    48  fflt_clz.o(x$fpl$fflt)
    __aeabi_ui2f                             0x0800401d   Thumb Code     0  fflt_clz.o(x$fpl$ffltu)
    _ffltu                                   0x0800401d   Thumb Code    38  fflt_clz.o(x$fpl$ffltu)
    __aeabi_cfcmple                          0x08004045   Thumb Code     0  fleqf.o(x$fpl$fleqf)
    _fcmple                                  0x08004045   Thumb Code   104  fleqf.o(x$fpl$fleqf)
    __fpl_fcmple_InfNaN                      0x08004097   Thumb Code     0  fleqf.o(x$fpl$fleqf)
    __aeabi_fmul                             0x080040ad   Thumb Code     0  fmul.o(x$fpl$fmul)
    _fmul                                    0x080040ad   Thumb Code   258  fmul.o(x$fpl$fmul)
    __fpl_fnaninf                            0x080041af   Thumb Code   140  fnaninf.o(x$fpl$fnaninf)
    __fpl_fretinf                            0x0800423b   Thumb Code    10  fretinf.o(x$fpl$fretinf)
    __aeabi_cfrcmple                         0x08004245   Thumb Code     0  frleqf.o(x$fpl$frleqf)
    _frcmple                                 0x08004245   Thumb Code    98  frleqf.o(x$fpl$frleqf)
    __aeabi_fsub                             0x080042a9   Thumb Code     0  faddsub_clz.o(x$fpl$fsub)
    _fsub                                    0x080042a9   Thumb Code   234  faddsub_clz.o(x$fpl$fsub)
    __fpl_return_NaN                         0x08004393   Thumb Code   100  retnan.o(x$fpl$retnan)
    __ARM_scalbn                             0x080043f7   Thumb Code    92  scalbn.o(x$fpl$scalbn)
    __ARM_scalbnf                            0x08004453   Thumb Code    76  scalbnf.o(x$fpl$scalbnf)
    __fpl_cmpreturn                          0x0800449f   Thumb Code    48  trapv.o(x$fpl$trapveneer)
    __I$use$fp                               0x080044ce   Number         0  usenofp.o(x$fpl$usenofp)
    __mathlib_zero                           0x08004558   Data           8  qnan.o(.constdata)
    Region$$Table$$Base                      0x08004560   Number         0  anon$$obj.o(Region$$Table)
    Region$$Table$$Limit                     0x08004580   Number         0  anon$$obj.o(Region$$Table)
    SystemCoreClock                          0x20000000   Data           4  system_stm32f10x.o(.data)
    AHBPrescTable                            0x20000004   Data          16  system_stm32f10x.o(.data)
    USART_RX_STA1                            0x20000018   Data           2  hmi.o(.data)
    endCode                                  0x2000001a   Data           4  hmi.o(.data)
    angle                                    0x20000020   Data           4  servo.o(.data)
    flage                                    0x20000024   Data           4  user.o(.data)
    fan                                      0x20000028   Data           4  user.o(.data)
    tit                                      0x2000002c   Data           4  user.o(.data)
    USART_RX_STA3                            0x20000030   Data           1  laser_ranging.o(.data)
    USART_RX_BUF1                            0x2000004c   Data          20  hmi.o(.bss)
    dddd                                     0x20000060   Data          10  user.o(.bss)
    USART_RX_BUF3                            0x2000006a   Data          20  laser_ranging.o(.bss)
    __libspace_start                         0x20000080   Data          96  libspace.o(.bss)
    __temporary_stack_top$libspace           0x200000e0   Data           0  libspace.o(.bss)



==============================================================================

Memory Map of the image

  Image Entry point : 0x08000131

  Load Region LR_IROM1 (Base: 0x08000000, Size: 0x000045cc, Max: 0x00040000, ABSOLUTE)

    Execution Region ER_IROM1 (Exec base: 0x08000000, Load base: 0x08000000, Size: 0x00004580, Max: 0x00040000, ABSOLUTE)

    Exec Addr    Load Addr    Size         Type   Attr      Idx    E Section Name        Object

    0x08000000   0x08000000   0x00000130   Data   RO          377    RESET               startup_stm32f10x_hd.o
    0x08000130   0x08000130   0x00000008   Code   RO          704  * !!!main             c_w.l(__main.o)
    0x08000138   0x08000138   0x00000034   Code   RO          993    !!!scatter          c_w.l(__scatter.o)
    0x0800016c   0x0800016c   0x0000001a   Code   RO          995    !!handler_copy      c_w.l(__scatter_copy.o)
    0x08000186   0x08000186   0x00000002   PAD
    0x08000188   0x08000188   0x0000001c   Code   RO          997    !!handler_zi        c_w.l(__scatter_zi.o)
    0x080001a4   0x080001a4   0x00000000   Code   RO          699    .ARM.Collect$$_printf_percent$$00000000  c_w.l(_printf_percent.o)
    0x080001a4   0x080001a4   0x00000006   Code   RO          698    .ARM.Collect$$_printf_percent$$00000009  c_w.l(_printf_d.o)
    0x080001aa   0x080001aa   0x00000006   Code   RO          697    .ARM.Collect$$_printf_percent$$00000014  c_w.l(_printf_s.o)
    0x080001b0   0x080001b0   0x00000004   Code   RO          779    .ARM.Collect$$_printf_percent$$00000017  c_w.l(_printf_percent_end.o)
    0x080001b4   0x080001b4   0x00000002   Code   RO          866    .ARM.Collect$$libinit$$00000000  c_w.l(libinit.o)
    0x080001b6   0x080001b6   0x00000000   Code   RO          874    .ARM.Collect$$libinit$$00000002  c_w.l(libinit2.o)
    0x080001b6   0x080001b6   0x00000000   Code   RO          876    .ARM.Collect$$libinit$$00000004  c_w.l(libinit2.o)
    0x080001b6   0x080001b6   0x00000000   Code   RO          879    .ARM.Collect$$libinit$$0000000A  c_w.l(libinit2.o)
    0x080001b6   0x080001b6   0x00000000   Code   RO          881    .ARM.Collect$$libinit$$0000000C  c_w.l(libinit2.o)
    0x080001b6   0x080001b6   0x00000000   Code   RO          883    .ARM.Collect$$libinit$$0000000E  c_w.l(libinit2.o)
    0x080001b6   0x080001b6   0x00000000   Code   RO          886    .ARM.Collect$$libinit$$00000011  c_w.l(libinit2.o)
    0x080001b6   0x080001b6   0x00000000   Code   RO          888    .ARM.Collect$$libinit$$00000013  c_w.l(libinit2.o)
    0x080001b6   0x080001b6   0x00000000   Code   RO          890    .ARM.Collect$$libinit$$00000015  c_w.l(libinit2.o)
    0x080001b6   0x080001b6   0x00000000   Code   RO          892    .ARM.Collect$$libinit$$00000017  c_w.l(libinit2.o)
    0x080001b6   0x080001b6   0x00000000   Code   RO          894    .ARM.Collect$$libinit$$00000019  c_w.l(libinit2.o)
    0x080001b6   0x080001b6   0x00000000   Code   RO          896    .ARM.Collect$$libinit$$0000001B  c_w.l(libinit2.o)
    0x080001b6   0x080001b6   0x00000000   Code   RO          898    .ARM.Collect$$libinit$$0000001D  c_w.l(libinit2.o)
    0x080001b6   0x080001b6   0x00000000   Code   RO          900    .ARM.Collect$$libinit$$0000001F  c_w.l(libinit2.o)
    0x080001b6   0x080001b6   0x00000000   Code   RO          902    .ARM.Collect$$libinit$$00000021  c_w.l(libinit2.o)
    0x080001b6   0x080001b6   0x00000000   Code   RO          904    .ARM.Collect$$libinit$$00000023  c_w.l(libinit2.o)
    0x080001b6   0x080001b6   0x00000000   Code   RO          906    .ARM.Collect$$libinit$$00000025  c_w.l(libinit2.o)
    0x080001b6   0x080001b6   0x00000000   Code   RO          910    .ARM.Collect$$libinit$$0000002C  c_w.l(libinit2.o)
    0x080001b6   0x080001b6   0x00000000   Code   RO          912    .ARM.Collect$$libinit$$0000002E  c_w.l(libinit2.o)
    0x080001b6   0x080001b6   0x00000000   Code   RO          914    .ARM.Collect$$libinit$$00000030  c_w.l(libinit2.o)
    0x080001b6   0x080001b6   0x00000000   Code   RO          916    .ARM.Collect$$libinit$$00000032  c_w.l(libinit2.o)
    0x080001b6   0x080001b6   0x00000002   Code   RO          917    .ARM.Collect$$libinit$$00000033  c_w.l(libinit2.o)
    0x080001b8   0x080001b8   0x00000002   Code   RO          935    .ARM.Collect$$libshutdown$$00000000  c_w.l(libshutdown.o)
    0x080001ba   0x080001ba   0x00000000   Code   RO          945    .ARM.Collect$$libshutdown$$00000002  c_w.l(libshutdown2.o)
    0x080001ba   0x080001ba   0x00000000   Code   RO          947    .ARM.Collect$$libshutdown$$00000004  c_w.l(libshutdown2.o)
    0x080001ba   0x080001ba   0x00000000   Code   RO          950    .ARM.Collect$$libshutdown$$00000007  c_w.l(libshutdown2.o)
    0x080001ba   0x080001ba   0x00000000   Code   RO          953    .ARM.Collect$$libshutdown$$0000000A  c_w.l(libshutdown2.o)
    0x080001ba   0x080001ba   0x00000000   Code   RO          955    .ARM.Collect$$libshutdown$$0000000C  c_w.l(libshutdown2.o)
    0x080001ba   0x080001ba   0x00000000   Code   RO          958    .ARM.Collect$$libshutdown$$0000000F  c_w.l(libshutdown2.o)
    0x080001ba   0x080001ba   0x00000002   Code   RO          959    .ARM.Collect$$libshutdown$$00000010  c_w.l(libshutdown2.o)
    0x080001bc   0x080001bc   0x00000000   Code   RO          768    .ARM.Collect$$rtentry$$00000000  c_w.l(__rtentry.o)
    0x080001bc   0x080001bc   0x00000000   Code   RO          825    .ARM.Collect$$rtentry$$00000002  c_w.l(__rtentry2.o)
    0x080001bc   0x080001bc   0x00000006   Code   RO          837    .ARM.Collect$$rtentry$$00000004  c_w.l(__rtentry4.o)
    0x080001c2   0x080001c2   0x00000000   Code   RO          827    .ARM.Collect$$rtentry$$00000009  c_w.l(__rtentry2.o)
    0x080001c2   0x080001c2   0x00000004   Code   RO          828    .ARM.Collect$$rtentry$$0000000A  c_w.l(__rtentry2.o)
    0x080001c6   0x080001c6   0x00000000   Code   RO          830    .ARM.Collect$$rtentry$$0000000C  c_w.l(__rtentry2.o)
    0x080001c6   0x080001c6   0x00000008   Code   RO          831    .ARM.Collect$$rtentry$$0000000D  c_w.l(__rtentry2.o)
    0x080001ce   0x080001ce   0x00000002   Code   RO          871    .ARM.Collect$$rtexit$$00000000  c_w.l(rtexit.o)
    0x080001d0   0x080001d0   0x00000000   Code   RO          919    .ARM.Collect$$rtexit$$00000002  c_w.l(rtexit2.o)
    0x080001d0   0x080001d0   0x00000004   Code   RO          920    .ARM.Collect$$rtexit$$00000003  c_w.l(rtexit2.o)
    0x080001d4   0x080001d4   0x00000006   Code   RO          921    .ARM.Collect$$rtexit$$00000004  c_w.l(rtexit2.o)
    0x080001da   0x080001da   0x00000042   Code   RO            1    .text               main.o
    0x0800021c   0x0800021c   0x00000012   Code   RO          142    .text               stm32f10x_it.o
    0x0800022e   0x0800022e   0x00000002   PAD
    0x08000230   0x08000230   0x00000154   Code   RO          157    .text               system_stm32f10x.o
    0x08000384   0x08000384   0x00000034   Code   RO          175    .text               led.o
    0x080003b8   0x080003b8   0x000000ec   Code   RO          213    .text               key.o
    0x080004a4   0x080004a4   0x00000310   Code   RO          226    .text               hmi.o
    0x080007b4   0x080007b4   0x00000184   Code   RO          260    .text               servo.o
    0x08000938   0x08000938   0x000003e8   Code   RO          282    .text               user.o
    0x08000d20   0x08000d20   0x000001c4   Code   RO          302    .text               laser_ranging.o
    0x08000ee4   0x08000ee4   0x000000a0   Code   RO          322    .text               tim5_pwm.o
    0x08000f84   0x08000f84   0x00000098   Code   RO          334    .text               delay.o
    0x0800101c   0x0800101c   0x00000040   Code   RO          378    .text               startup_stm32f10x_hd.o
    0x0800105c   0x0800105c   0x000000b0   Code   RO          382    .text               misc.o
    0x0800110c   0x0800110c   0x0000026c   Code   RO          394    .text               stm32f10x_gpio.o
    0x08001378   0x08001378   0x000002b4   Code   RO          406    .text               stm32f10x_rcc.o
    0x0800162c   0x0800162c   0x00000328   Code   RO          420    .text               stm32f10x_usart.o
    0x08001954   0x08001954   0x00000af4   Code   RO          638    .text               stm32f10x_tim.o
    0x08002448   0x08002448   0x00000002   Code   RO          665    .text               c_w.l(use_no_semi_2.o)
    0x0800244a   0x0800244a   0x00000002   PAD
    0x0800244c   0x0800244c   0x00000028   Code   RO          669    .text               c_w.l(noretval__2sprintf.o)
    0x08002474   0x08002474   0x00000068   Code   RO          671    .text               c_w.l(__printf.o)
    0x080024dc   0x080024dc   0x00000052   Code   RO          673    .text               c_w.l(_printf_str.o)
    0x0800252e   0x0800252e   0x00000002   PAD
    0x08002530   0x08002530   0x00000078   Code   RO          675    .text               c_w.l(_printf_dec.o)
    0x080025a8   0x080025a8   0x0000003e   Code   RO          700    .text               c_w.l(strlen.o)
    0x080025e6   0x080025e6   0x00000006   Code   RO          702    .text               c_w.l(heapauxi.o)
    0x080025ec   0x080025ec   0x00000002   Code   RO          766    .text               c_w.l(use_no_semi.o)
    0x080025ee   0x080025ee   0x00000016   Code   RO          769    .text               c_w.l(_rserrno.o)
    0x08002604   0x08002604   0x000000b2   Code   RO          771    .text               c_w.l(_printf_intcommon.o)
    0x080026b6   0x080026b6   0x00000002   PAD
    0x080026b8   0x080026b8   0x00000030   Code   RO          773    .text               c_w.l(_printf_char_common.o)
    0x080026e8   0x080026e8   0x0000000a   Code   RO          775    .text               c_w.l(_sputc.o)
    0x080026f2   0x080026f2   0x0000002c   Code   RO          777    .text               c_w.l(_printf_char.o)
    0x0800271e   0x0800271e   0x00000002   PAD
    0x08002720   0x08002720   0x00000008   Code   RO          842    .text               c_w.l(rt_errno_addr_intlibspace.o)
    0x08002728   0x08002728   0x00000008   Code   RO          854    .text               c_w.l(libspace.o)
    0x08002730   0x08002730   0x0000004a   Code   RO          857    .text               c_w.l(sys_stackheap_outer.o)
    0x0800277a   0x0800277a   0x00000012   Code   RO          859    .text               c_w.l(exit.o)
    0x0800278c   0x0800278c   0x00000028   Code   RO          811    i.__ARM_fpclassify  m_ws.l(fpclassify.o)
    0x080027b4   0x080027b4   0x000000aa   Code   RO          813    i.__kernel_poly     m_ws.l(poly.o)
    0x0800285e   0x0800285e   0x00000002   PAD
    0x08002860   0x08002860   0x00000010   Code   RO          797    i.__mathlib_dbl_divzero  m_ws.l(dunder.o)
    0x08002870   0x08002870   0x00000004   Code   RO          799    i.__mathlib_dbl_infnan2  m_ws.l(dunder.o)
    0x08002874   0x08002874   0x0000000c   Code   RO          800    i.__mathlib_dbl_invalid  m_ws.l(dunder.o)
    0x08002880   0x08002880   0x0000000e   Code   RO          801    i.__mathlib_dbl_overflow  m_ws.l(dunder.o)
    0x0800288e   0x0800288e   0x00000002   PAD
    0x08002890   0x08002890   0x00000010   Code   RO          803    i.__mathlib_dbl_underflow  m_ws.l(dunder.o)
    0x080028a0   0x080028a0   0x000009d8   Code   RO          757    i.pow               m_ws.l(pow.o)
    0x08003278   0x08003278   0x0000004c   Code   RO          817    i.sqrt              m_ws.l(sqrt.o)
    0x080032c4   0x080032c4   0x00000062   Code   RO          706    x$fpl$d2f           fz_ws.l(d2f.o)
    0x08003326   0x08003326   0x00000002   PAD
    0x08003328   0x08003328   0x00000150   Code   RO          708    x$fpl$dadd          fz_ws.l(daddsub_clz.o)
    0x08003478   0x08003478   0x00000010   Code   RO          846    x$fpl$dcheck1       fz_ws.l(dcheck1.o)
    0x08003488   0x08003488   0x00000018   Code   RO          867    x$fpl$dcmpinf       fz_ws.l(dcmpi.o)
    0x080034a0   0x080034a0   0x000002b0   Code   RO          715    x$fpl$ddiv          fz_ws.l(ddiv.o)
    0x08003750   0x08003750   0x0000005e   Code   RO          718    x$fpl$dfix          fz_ws.l(dfix.o)
    0x080037ae   0x080037ae   0x0000002e   Code   RO          723    x$fpl$dflt          fz_ws.l(dflt_clz.o)
    0x080037dc   0x080037dc   0x00000078   Code   RO          848    x$fpl$dleqf         fz_ws.l(dleqf.o)
    0x08003854   0x08003854   0x00000154   Code   RO          728    x$fpl$dmul          fz_ws.l(dmul.o)
    0x080039a8   0x080039a8   0x0000009c   Code   RO          780    x$fpl$dnaninf       fz_ws.l(dnaninf.o)
    0x08003a44   0x08003a44   0x0000000c   Code   RO          782    x$fpl$dretinf       fz_ws.l(dretinf.o)
    0x08003a50   0x08003a50   0x0000006c   Code   RO          784    x$fpl$drleqf        fz_ws.l(drleqf.o)
    0x08003abc   0x08003abc   0x00000016   Code   RO          709    x$fpl$drsb          fz_ws.l(daddsub_clz.o)
    0x08003ad2   0x08003ad2   0x00000002   PAD
    0x08003ad4   0x08003ad4   0x000001cc   Code   RO          850    x$fpl$dsqrt         fz_ws.l(dsqrt_noumaal.o)
    0x08003ca0   0x08003ca0   0x000001d4   Code   RO          710    x$fpl$dsub          fz_ws.l(daddsub_clz.o)
    0x08003e74   0x08003e74   0x00000056   Code   RO          730    x$fpl$f2d           fz_ws.l(f2d.o)
    0x08003eca   0x08003eca   0x00000002   PAD
    0x08003ecc   0x08003ecc   0x000000c4   Code   RO          732    x$fpl$fadd          fz_ws.l(faddsub_clz.o)
    0x08003f90   0x08003f90   0x0000000c   Code   RO          786    x$fpl$fcheck1       fz_ws.l(fcheck1.o)
    0x08003f9c   0x08003f9c   0x00000018   Code   RO          788    x$fpl$fcmpinf       fz_ws.l(fcmpi.o)
    0x08003fb4   0x08003fb4   0x00000036   Code   RO          738    x$fpl$ffix          fz_ws.l(ffix.o)
    0x08003fea   0x08003fea   0x00000002   PAD
    0x08003fec   0x08003fec   0x00000030   Code   RO          743    x$fpl$fflt          fz_ws.l(fflt_clz.o)
    0x0800401c   0x0800401c   0x00000026   Code   RO          742    x$fpl$ffltu         fz_ws.l(fflt_clz.o)
    0x08004042   0x08004042   0x00000002   PAD
    0x08004044   0x08004044   0x00000068   Code   RO          748    x$fpl$fleqf         fz_ws.l(fleqf.o)
    0x080040ac   0x080040ac   0x00000102   Code   RO          750    x$fpl$fmul          fz_ws.l(fmul.o)
    0x080041ae   0x080041ae   0x0000008c   Code   RO          790    x$fpl$fnaninf       fz_ws.l(fnaninf.o)
    0x0800423a   0x0800423a   0x0000000a   Code   RO          792    x$fpl$fretinf       fz_ws.l(fretinf.o)
    0x08004244   0x08004244   0x00000062   Code   RO          752    x$fpl$frleqf        fz_ws.l(frleqf.o)
    0x080042a6   0x080042a6   0x00000002   PAD
    0x080042a8   0x080042a8   0x000000ea   Code   RO          734    x$fpl$fsub          fz_ws.l(faddsub_clz.o)
    0x08004392   0x08004392   0x00000064   Code   RO          852    x$fpl$retnan        fz_ws.l(retnan.o)
    0x080043f6   0x080043f6   0x0000005c   Code   RO          794    x$fpl$scalbn        fz_ws.l(scalbn.o)
    0x08004452   0x08004452   0x0000004c   Code   RO          754    x$fpl$scalbnf       fz_ws.l(scalbnf.o)
    0x0800449e   0x0800449e   0x00000030   Code   RO          869    x$fpl$trapveneer    fz_ws.l(trapv.o)
    0x080044ce   0x080044ce   0x00000000   Code   RO          796    x$fpl$usenofp       fz_ws.l(usenofp.o)
    0x080044ce   0x080044ce   0x00000002   PAD
    0x080044d0   0x080044d0   0x00000088   Data   RO          758    .constdata          m_ws.l(pow.o)
    0x08004558   0x08004558   0x00000008   Data   RO          815    .constdata          m_ws.l(qnan.o)
    0x08004560   0x08004560   0x00000020   Data   RO          991    Region$$Table       anon$$obj.o


    Execution Region RW_IRAM1 (Exec base: 0x20000000, Load base: 0x08004580, Size: 0x000006e0, Max: 0x0000c000, ABSOLUTE)

    Exec Addr    Load Addr    Size         Type   Attr      Idx    E Section Name        Object

    0x20000000   0x08004580   0x00000014   Data   RW          158    .data               system_stm32f10x.o
    0x20000014   0x08004594   0x00000001   Data   RW          214    .data               key.o
    0x20000015   0x08004595   0x00000001   PAD
    0x20000016   0x08004596   0x00000008   Data   RW          229    .data               hmi.o
    0x2000001e   0x0800459e   0x00000002   PAD
    0x20000020   0x080045a0   0x00000004   Data   RW          261    .data               servo.o
    0x20000024   0x080045a4   0x00000008   Data   RW          284    .data               user.o
    0x2000002c   0x080045ac   0x00000004   Data   RW          285    .data               user.o
    0x20000030   0x080045b0   0x00000002   Data   RW          305    .data               laser_ranging.o
    0x20000032   0x080045b2   0x00000004   Data   RW          335    .data               delay.o
    0x20000036   0x080045b6   0x00000014   Data   RW          407    .data               stm32f10x_rcc.o
    0x2000004a   0x080045ca   0x00000002   PAD
    0x2000004c        -       0x00000014   Zero   RW          227    .bss                hmi.o
    0x20000060        -       0x0000000a   Zero   RW          283    .bss                user.o
    0x2000006a        -       0x00000014   Zero   RW          303    .bss                laser_ranging.o
    0x2000007e   0x080045ca   0x00000002   PAD
    0x20000080        -       0x00000060   Zero   RW          855    .bss                c_w.l(libspace.o)
    0x200000e0        -       0x00000200   Zero   RW          376    HEAP                startup_stm32f10x_hd.o
    0x200002e0        -       0x00000400   Zero   RW          375    STACK               startup_stm32f10x_hd.o


==============================================================================

Image component sizes


      Code (inc. data)   RO Data    RW Data    ZI Data      Debug   Object Name

       152         14          0          4          0       1095   delay.o
       784         52          0          8         20       5835   hmi.o
       236          8          0          1          0        920   key.o
       452         32          0          2         20       2630   laser_ranging.o
        52          6          0          0          0     205271   led.o
        66          0          0          0          0      49091   main.o
       176         14          0          0          0       1985   misc.o
       388         58          0          4          0       1402   servo.o
        64         26        304          0       1536        796   startup_stm32f10x_hd.o
       620         36          0          0          0       5953   stm32f10x_gpio.o
        18          0          0          0          0       1166   stm32f10x_it.o
       692         32          0         20          0       9108   stm32f10x_rcc.o
      2804         86          0          0          0      23074   stm32f10x_tim.o
       808         22          0          0          0       8868   stm32f10x_usart.o
         0          0          0          0          0         32   sys.o
       340         32          0         20          0       1891   system_stm32f10x.o
       160         10          0          0          0        776   tim5_pwm.o
      1000         80          0         12         10       3456   user.o

    ----------------------------------------------------------------------
      8814        508        336         76       1588     323349   Object Totals
         0          0         32          0          0          0   (incl. Generated)
         2          0          0          5          2          0   (incl. Padding)

    ----------------------------------------------------------------------

      Code (inc. data)   RO Data    RW Data    ZI Data      Debug   Library Member Name

         8          0          0          0          0         68   __main.o
       104          0          0          0          0         84   __printf.o
         0          0          0          0          0          0   __rtentry.o
        12          0          0          0          0          0   __rtentry2.o
         6          0          0          0          0          0   __rtentry4.o
        52          8          0          0          0          0   __scatter.o
        26          0          0          0          0          0   __scatter_copy.o
        28          0          0          0          0          0   __scatter_zi.o
        44          0          0          0          0        108   _printf_char.o
        48          6          0          0          0         96   _printf_char_common.o
         6          0          0          0          0          0   _printf_d.o
       120         16          0          0          0         92   _printf_dec.o
       178          0          0          0          0         88   _printf_intcommon.o
         0          0          0          0          0          0   _printf_percent.o
         4          0          0          0          0          0   _printf_percent_end.o
         6          0          0          0          0          0   _printf_s.o
        82          0          0          0          0         80   _printf_str.o
        22          0          0          0          0        100   _rserrno.o
        10          0          0          0          0         68   _sputc.o
        18          0          0          0          0         80   exit.o
         6          0          0          0          0        152   heapauxi.o
         2          0          0          0          0          0   libinit.o
         2          0          0          0          0          0   libinit2.o
         2          0          0          0          0          0   libshutdown.o
         2          0          0          0          0          0   libshutdown2.o
         8          4          0          0         96         68   libspace.o
        40          6          0          0          0         84   noretval__2sprintf.o
         8          4          0          0          0         68   rt_errno_addr_intlibspace.o
         2          0          0          0          0          0   rtexit.o
        10          0          0          0          0          0   rtexit2.o
        62          0          0          0          0         76   strlen.o
        74          0          0          0          0         80   sys_stackheap_outer.o
         2          0          0          0          0         68   use_no_semi.o
         2          0          0          0          0         68   use_no_semi_2.o
        98          4          0          0          0         92   d2f.o
       826         16          0          0          0        348   daddsub_clz.o
        16          4          0          0          0         68   dcheck1.o
        24          0          0          0          0         68   dcmpi.o
       688        140          0          0          0        208   ddiv.o
        94          4          0          0          0         92   dfix.o
        46          0          0          0          0         68   dflt_clz.o
       120          4          0          0          0         92   dleqf.o
       340         12          0          0          0        104   dmul.o
       156          4          0          0          0         92   dnaninf.o
        12          0          0          0          0         68   dretinf.o
       108          0          0          0          0         80   drleqf.o
       460         56          0          0          0        120   dsqrt_noumaal.o
        86          4          0          0          0         84   f2d.o
       430          8          0          0          0        168   faddsub_clz.o
        12          4          0          0          0         68   fcheck1.o
        24          0          0          0          0         68   fcmpi.o
        54          4          0          0          0         84   ffix.o
        86          0          0          0          0        136   fflt_clz.o
       104          4          0          0          0         84   fleqf.o
       258          4          0          0          0         84   fmul.o
       140          4          0          0          0         84   fnaninf.o
        10          0          0          0          0         68   fretinf.o
        98          0          0          0          0         68   frleqf.o
       100          0          0          0          0         68   retnan.o
        92          0          0          0          0         68   scalbn.o
        76          0          0          0          0         68   scalbnf.o
        48          0          0          0          0         68   trapv.o
         0          0          0          0          0          0   usenofp.o
        62         10          0          0          0        340   dunder.o
        40          0          0          0          0         68   fpclassify.o
       170          0          0          0          0         96   poly.o
      2520        190        136          0          0        324   pow.o
         0          0          8          0          0          0   qnan.o
        76          0          0          0          0         84   sqrt.o

    ----------------------------------------------------------------------
      8498        520        144          0         96       5208   Library Totals
        28          0          0          0          0          0   (incl. Padding)

    ----------------------------------------------------------------------

      Code (inc. data)   RO Data    RW Data    ZI Data      Debug   Library Name

       996         44          0          0         96       1528   c_w.l
      4606        276          0          0          0       2768   fz_ws.l
      2868        200        144          0          0        912   m_ws.l

    ----------------------------------------------------------------------
      8498        520        144          0         96       5208   Library Totals

    ----------------------------------------------------------------------

==============================================================================


      Code (inc. data)   RO Data    RW Data    ZI Data      Debug   

     17312       1028        480         76       1684     323925   Grand Totals
     17312       1028        480         76       1684     323925   ELF Image Totals
     17312       1028        480         76          0          0   ROM Totals

==============================================================================

    Total RO  Size (Code + RO Data)                17792 (  17.38kB)
    Total RW  Size (RW Data + ZI Data)              1760 (   1.72kB)
    Total ROM Size (Code + RO Data + RW Data)      17868 (  17.45kB)

==============================================================================

