Component: ARM Compiler 5.06 update 6 (build 750) Tool: armlink [4d35ed]

==============================================================================

Section Cross References

    startup_stm32f411xe.o(RESET) refers to startup_stm32f411xe.o(STACK) for __initial_sp
    startup_stm32f411xe.o(RESET) refers to startup_stm32f411xe.o(.text) for Reset_Handler
    startup_stm32f411xe.o(RESET) refers to stm32f4xx_it.o(i.NMI_Handler) for NMI_Handler
    startup_stm32f411xe.o(RESET) refers to stm32f4xx_it.o(i.HardFault_Handler) for HardFault_Handler
    startup_stm32f411xe.o(RESET) refers to stm32f4xx_it.o(i.MemManage_Handler) for MemManage_Handler
    startup_stm32f411xe.o(RESET) refers to stm32f4xx_it.o(i.BusFault_Handler) for BusFault_Handler
    startup_stm32f411xe.o(RESET) refers to stm32f4xx_it.o(i.UsageFault_Handler) for UsageFault_Handler
    startup_stm32f411xe.o(RESET) refers to stm32f4xx_it.o(i.SVC_Handler) for SVC_Handler
    startup_stm32f411xe.o(RESET) refers to stm32f4xx_it.o(i.DebugMon_Handler) for DebugMon_Handler
    startup_stm32f411xe.o(RESET) refers to stm32f4xx_it.o(i.PendSV_Handler) for PendSV_Handler
    startup_stm32f411xe.o(RESET) refers to stm32f4xx_it.o(i.SysTick_Handler) for SysTick_Handler
    startup_stm32f411xe.o(.text) refers to system_stm32f4xx.o(i.SystemInit) for SystemInit
    startup_stm32f411xe.o(.text) refers to entry.o(.ARM.Collect$$$$00000000) for __main
    main.o(i.SystemClock_Config) refers to memseta.o(.text) for __aeabi_memclr4
    main.o(i.SystemClock_Config) refers to stm32f4xx_hal_rcc.o(i.HAL_RCC_OscConfig) for HAL_RCC_OscConfig
    main.o(i.SystemClock_Config) refers to stm32f4xx_hal_rcc.o(i.HAL_RCC_ClockConfig) for HAL_RCC_ClockConfig
    main.o(i.main) refers to stm32f4xx_hal.o(i.HAL_Init) for HAL_Init
    main.o(i.main) refers to main.o(i.SystemClock_Config) for SystemClock_Config
    main.o(i.main) refers to gpio.o(i.MX_GPIO_Init) for MX_GPIO_Init
    main.o(i.main) refers to usart.o(i.MX_USART1_UART_Init) for MX_USART1_UART_Init
    main.o(i.main) refers to spi.o(i.MX_SPI1_Init) for MX_SPI1_Init
    main.o(i.main) refers to tim.o(i.MX_TIM3_Init) for MX_TIM3_Init
    main.o(i.main) refers to adc.o(i.MX_ADC1_Init) for MX_ADC1_Init
    main.o(i.main) refers to delay.o(i.delay_init) for delay_init
    main.o(i.main) refers to key.o(i.Key_Port_Init) for Key_Port_Init
    main.o(i.main) refers to kt6328.o(i.KT6328_GPIO_Init) for KT6328_GPIO_Init
    main.o(i.main) refers to kt6328.o(i.KT6328_Enable) for KT6328_Enable
    main.o(i.main) refers to power.o(i.Power_Init) for Power_Init
    main.o(i.main) refers to stm32f4xx_hal_tim.o(i.HAL_TIM_PWM_Start) for HAL_TIM_PWM_Start
    main.o(i.main) refers to lcd_init.o(i.LCD_Init) for LCD_Init
    main.o(i.main) refers to lcd.o(i.LCD_Fill) for LCD_Fill
    main.o(i.main) refers to delay.o(i.delay_ms) for delay_ms
    main.o(i.main) refers to lcd_init.o(i.LCD_Set_Light) for LCD_Set_Light
    main.o(i.main) refers to stm32f4xx_hal_gpio.o(i.HAL_GPIO_ReadPin) for HAL_GPIO_ReadPin
    main.o(i.main) refers to strcpy.o(.text) for strcpy
    main.o(i.main) refers to strcat.o(.text) for strcat
    main.o(i.main) refers to strcmp.o(.text) for strcmp
    main.o(i.main) refers to lcd.o(i.LCD_ShowString) for LCD_ShowString
    main.o(i.main) refers to stm32f4xx_hal.o(i.HAL_Delay) for HAL_Delay
    main.o(i.main) refers to printfb.o(i.__0printf$bare) for __2printf
    main.o(i.main) refers to power.o(i.Power_DisEnable) for Power_DisEnable
    main.o(i.main) refers to flash_if.o(i.FLASH_If_Init) for FLASH_If_Init
    main.o(i.main) refers to menu.o(i.Main_Menu) for Main_Menu
    main.o(i.main) refers to tim.o(.bss) for htim3
    main.o(i.main) refers to main.o(.data) for .data
    main.o(i.main) refers to menu.o(.data) for JumpAddress
    adc.o(i.HAL_ADC_MspDeInit) refers to stm32f4xx_hal_gpio.o(i.HAL_GPIO_DeInit) for HAL_GPIO_DeInit
    adc.o(i.HAL_ADC_MspInit) refers to memseta.o(.text) for __aeabi_memclr4
    adc.o(i.HAL_ADC_MspInit) refers to stm32f4xx_hal_gpio.o(i.HAL_GPIO_Init) for HAL_GPIO_Init
    adc.o(i.MX_ADC1_Init) refers to stm32f4xx_hal_adc.o(i.HAL_ADC_Init) for HAL_ADC_Init
    adc.o(i.MX_ADC1_Init) refers to main.o(i.Error_Handler) for Error_Handler
    adc.o(i.MX_ADC1_Init) refers to stm32f4xx_hal_adc.o(i.HAL_ADC_ConfigChannel) for HAL_ADC_ConfigChannel
    adc.o(i.MX_ADC1_Init) refers to adc.o(.bss) for .bss
    spi.o(i.HAL_SPI_MspDeInit) refers to stm32f4xx_hal_gpio.o(i.HAL_GPIO_DeInit) for HAL_GPIO_DeInit
    spi.o(i.HAL_SPI_MspInit) refers to memseta.o(.text) for __aeabi_memclr4
    spi.o(i.HAL_SPI_MspInit) refers to stm32f4xx_hal_gpio.o(i.HAL_GPIO_Init) for HAL_GPIO_Init
    spi.o(i.MX_SPI1_Init) refers to stm32f4xx_hal_spi.o(i.HAL_SPI_Init) for HAL_SPI_Init
    spi.o(i.MX_SPI1_Init) refers to main.o(i.Error_Handler) for Error_Handler
    spi.o(i.MX_SPI1_Init) refers to spi.o(.bss) for .bss
    tim.o(i.HAL_TIM_MspPostInit) refers to memseta.o(.text) for __aeabi_memclr4
[...]
    Removing stm32f4xx_hal_tim.o(i.HAL_TIM_IC_MspDeInit), (2 bytes).
    Removing stm32f4xx_hal_tim.o(i.HAL_TIM_IC_MspInit), (2 bytes).
    Removing stm32f4xx_hal_tim.o(i.HAL_TIM_IC_Start), (204 bytes).
    Removing stm32f4xx_hal_tim.o(i.HAL_TIM_IC_Start_DMA), (436 bytes).
    Removing stm32f4xx_hal_tim.o(i.HAL_TIM_IC_Start_IT), (248 bytes).
    Removing stm32f4xx_hal_tim.o(i.HAL_TIM_IC_Stop), (82 bytes).
    Removing stm32f4xx_hal_tim.o(i.HAL_TIM_IC_Stop_DMA), (160 bytes).
    Removing stm32f4xx_hal_tim.o(i.HAL_TIM_IC_Stop_IT), (146 bytes).
    Removing stm32f4xx_hal_tim.o(i.HAL_TIM_IRQHandler), (358 bytes).
    Removing stm32f4xx_hal_tim.o(i.HAL_TIM_OC_ConfigChannel), (82 bytes).
    Removing stm32f4xx_hal_tim.o(i.HAL_TIM_OC_DeInit), (92 bytes).
    Removing stm32f4xx_hal_tim.o(i.HAL_TIM_OC_DelayElapsedCallback), (2 bytes).
    Removing stm32f4xx_hal_tim.o(i.HAL_TIM_OC_GetState), (6 bytes).
    Removing stm32f4xx_hal_tim.o(i.HAL_TIM_OC_Init), (90 bytes).
    Removing stm32f4xx_hal_tim.o(i.HAL_TIM_OC_MspDeInit), (2 bytes).
    Removing stm32f4xx_hal_tim.o(i.HAL_TIM_OC_MspInit), (2 bytes).
    Removing stm32f4xx_hal_tim.o(i.HAL_TIM_OC_Start), (176 bytes).
    Removing stm32f4xx_hal_tim.o(i.HAL_TIM_OC_Start_DMA), (420 bytes).
    Removing stm32f4xx_hal_tim.o(i.HAL_TIM_OC_Start_IT), (220 bytes).
    Removing stm32f4xx_hal_tim.o(i.HAL_TIM_OC_Stop), (112 bytes).
    Removing stm32f4xx_hal_tim.o(i.HAL_TIM_OC_Stop_DMA), (196 bytes).
    Removing stm32f4xx_hal_tim.o(i.HAL_TIM_OC_Stop_IT), (176 bytes).
    Removing stm32f4xx_hal_tim.o(i.HAL_TIM_OnePulse_ConfigChannel), (230 bytes).
    Removing stm32f4xx_hal_tim.o(i.HAL_TIM_OnePulse_DeInit), (76 bytes).
    Removing stm32f4xx_hal_tim.o(i.HAL_TIM_OnePulse_GetState), (6 bytes).
    Removing stm32f4xx_hal_tim.o(i.HAL_TIM_OnePulse_Init), (86 bytes).
    Removing stm32f4xx_hal_tim.o(i.HAL_TIM_OnePulse_MspDeInit), (2 bytes).
    Removing stm32f4xx_hal_tim.o(i.HAL_TIM_OnePulse_MspInit), (2 bytes).
    Removing stm32f4xx_hal_tim.o(i.HAL_TIM_OnePulse_Start), (104 bytes).
    Removing stm32f4xx_hal_tim.o(i.HAL_TIM_OnePulse_Start_IT), (124 bytes).
    Removing stm32f4xx_hal_tim.o(i.HAL_TIM_OnePulse_Stop), (100 bytes).
    Removing stm32f4xx_hal_tim.o(i.HAL_TIM_OnePulse_Stop_IT), (120 bytes).
    Removing stm32f4xx_hal_tim.o(i.HAL_TIM_PWM_DeInit), (92 bytes).
    Removing stm32f4xx_hal_tim.o(i.HAL_TIM_PWM_GetState), (6 bytes).
    Removing stm32f4xx_hal_tim.o(i.HAL_TIM_PWM_MspDeInit), (2 bytes).
    Removing stm32f4xx_hal_tim.o(i.HAL_TIM_PWM_MspInit), (2 bytes).
    Removing stm32f4xx_hal_tim.o(i.HAL_TIM_PWM_PulseFinishedCallback), (2 bytes).
    Removing stm32f4xx_hal_tim.o(i.HAL_TIM_PWM_PulseFinishedHalfCpltCallback), (2 bytes).
    Removing stm32f4xx_hal_tim.o(i.HAL_TIM_PWM_Start_DMA), (420 bytes).
    Removing stm32f4xx_hal_tim.o(i.HAL_TIM_PWM_Start_IT), (220 bytes).
    Removing stm32f4xx_hal_tim.o(i.HAL_TIM_PWM_Stop), (112 bytes).
    Removing stm32f4xx_hal_tim.o(i.HAL_TIM_PWM_Stop_DMA), (196 bytes).
    Removing stm32f4xx_hal_tim.o(i.HAL_TIM_PWM_Stop_IT), (176 bytes).
    Removing stm32f4xx_hal_tim.o(i.HAL_TIM_PeriodElapsedCallback), (2 bytes).
    Removing stm32f4xx_hal_tim.o(i.HAL_TIM_PeriodElapsedHalfCpltCallback), (2 bytes).
    Removing stm32f4xx_hal_tim.o(i.HAL_TIM_ReadCapturedValue), (42 bytes).
    Removing stm32f4xx_hal_tim.o(i.HAL_TIM_SlaveConfigSynchro), (86 bytes).
    Removing stm32f4xx_hal_tim.o(i.HAL_TIM_SlaveConfigSynchro_IT), (86 bytes).
    Removing stm32f4xx_hal_tim.o(i.HAL_TIM_TriggerCallback), (2 bytes).
    Removing stm32f4xx_hal_tim.o(i.HAL_TIM_TriggerHalfCpltCallback), (2 bytes).
    Removing stm32f4xx_hal_tim.o(i.TIM_DMACaptureCplt), (110 bytes).
    Removing stm32f4xx_hal_tim.o(i.TIM_DMACaptureHalfCplt), (56 bytes).
    Removing stm32f4xx_hal_tim.o(i.TIM_DMADelayPulseCplt), (94 bytes).
    Removing stm32f4xx_hal_tim.o(i.TIM_DMADelayPulseHalfCplt), (56 bytes).
    Removing stm32f4xx_hal_tim.o(i.TIM_DMAError), (84 bytes).
    Removing stm32f4xx_hal_tim.o(i.TIM_DMAPeriodElapsedCplt), (22 bytes).
    Removing stm32f4xx_hal_tim.o(i.TIM_DMAPeriodElapsedHalfCplt), (10 bytes).
    Removing stm32f4xx_hal_tim.o(i.TIM_DMATriggerCplt), (22 bytes).
    Removing stm32f4xx_hal_tim.o(i.TIM_DMATriggerHalfCplt), (10 bytes).
    Removing stm32f4xx_hal_tim.o(i.TIM_ETR_SetConfig), (20 bytes).
    Removing stm32f4xx_hal_tim.o(i.TIM_ITRx_SetConfig), (16 bytes).
    Removing stm32f4xx_hal_tim.o(i.TIM_SlaveTimer_SetConfig), (140 bytes).
    Removing stm32f4xx_hal_tim.o(i.TIM_TI1_ConfigInputStage), (34 bytes).
    Removing stm32f4xx_hal_tim.o(i.TIM_TI1_SetConfig), (108 bytes).
    Removing stm32f4xx_hal_tim.o(i.TIM_TI2_ConfigInputStage), (36 bytes).
    Removing stm32f4xx_hal_tim.o(i.TIM_TI2_SetConfig), (54 bytes).
    Removing stm32f4xx_hal_tim_ex.o(.rev16_text), (4 bytes).
    Removing stm32f4xx_hal_tim_ex.o(.revsh_text), (4 bytes).
    Removing stm32f4xx_hal_tim_ex.o(.rrx_text), (6 bytes).
    Removing stm32f4xx_hal_tim_ex.o(i.HAL_TIMEx_BreakCallback), (2 bytes).
    Removing stm32f4xx_hal_tim_ex.o(i.HAL_TIMEx_CommutCallback), (2 bytes).
    Removing stm32f4xx_hal_tim_ex.o(i.HAL_TIMEx_CommutHalfCpltCallback), (2 bytes).
    Removing stm32f4xx_hal_tim_ex.o(i.HAL_TIMEx_ConfigBreakDeadTime), (84 bytes).
    Removing stm32f4xx_hal_tim_ex.o(i.HAL_TIMEx_ConfigCommutEvent), (112 bytes).
    Removing stm32f4xx_hal_tim_ex.o(i.HAL_TIMEx_ConfigCommutEvent_DMA), (144 bytes).
    Removing stm32f4xx_hal_tim_ex.o(i.HAL_TIMEx_ConfigCommutEvent_IT), (112 bytes).
    Removing stm32f4xx_hal_tim_ex.o(i.HAL_TIMEx_GetChannelNState), (34 bytes).
    Removing stm32f4xx_hal_tim_ex.o(i.HAL_TIMEx_HallSensor_DeInit), (76 bytes).
    Removing stm32f4xx_hal_tim_ex.o(i.HAL_TIMEx_HallSensor_GetState), (6 bytes).
    Removing stm32f4xx_hal_tim_ex.o(i.HAL_TIMEx_HallSensor_Init), (208 bytes).
    Removing stm32f4xx_hal_tim_ex.o(i.HAL_TIMEx_HallSensor_MspDeInit), (2 bytes).
    Removing stm32f4xx_hal_tim_ex.o(i.HAL_TIMEx_HallSensor_MspInit), (2 bytes).
    Removing stm32f4xx_hal_tim_ex.o(i.HAL_TIMEx_HallSensor_Start), (148 bytes).
    Removing stm32f4xx_hal_tim_ex.o(i.HAL_TIMEx_HallSensor_Start_DMA), (204 bytes).
    Removing stm32f4xx_hal_tim_ex.o(i.HAL_TIMEx_HallSensor_Start_IT), (160 bytes).
    Removing stm32f4xx_hal_tim_ex.o(i.HAL_TIMEx_HallSensor_Stop), (58 bytes).
    Removing stm32f4xx_hal_tim_ex.o(i.HAL_TIMEx_HallSensor_Stop_DMA), (70 bytes).
    Removing stm32f4xx_hal_tim_ex.o(i.HAL_TIMEx_HallSensor_Stop_IT), (68 bytes).
    Removing stm32f4xx_hal_tim_ex.o(i.HAL_TIMEx_OCN_Start), (172 bytes).
    Removing stm32f4xx_hal_tim_ex.o(i.HAL_TIMEx_OCN_Start_DMA), (372 bytes).
    Removing stm32f4xx_hal_tim_ex.o(i.HAL_TIMEx_OCN_Start_IT), (212 bytes).
    Removing stm32f4xx_hal_tim_ex.o(i.HAL_TIMEx_OCN_Stop), (104 bytes).
    Removing stm32f4xx_hal_tim_ex.o(i.HAL_TIMEx_OCN_Stop_DMA), (168 bytes).
    Removing stm32f4xx_hal_tim_ex.o(i.HAL_TIMEx_OCN_Stop_IT), (170 bytes).
    Removing stm32f4xx_hal_tim_ex.o(i.HAL_TIMEx_OnePulseN_Start), (100 bytes).
    Removing stm32f4xx_hal_tim_ex.o(i.HAL_TIMEx_OnePulseN_Start_IT), (120 bytes).
    Removing stm32f4xx_hal_tim_ex.o(i.HAL_TIMEx_OnePulseN_Stop), (98 bytes).
    Removing stm32f4xx_hal_tim_ex.o(i.HAL_TIMEx_OnePulseN_Stop_IT), (120 bytes).
    Removing stm32f4xx_hal_tim_ex.o(i.HAL_TIMEx_PWMN_Start), (172 bytes).
    Removing stm32f4xx_hal_tim_ex.o(i.HAL_TIMEx_PWMN_Start_DMA), (372 bytes).
    Removing stm32f4xx_hal_tim_ex.o(i.HAL_TIMEx_PWMN_Start_IT), (212 bytes).
    Removing stm32f4xx_hal_tim_ex.o(i.HAL_TIMEx_PWMN_Stop), (104 bytes).
    Removing stm32f4xx_hal_tim_ex.o(i.HAL_TIMEx_PWMN_Stop_DMA), (168 bytes).
    Removing stm32f4xx_hal_tim_ex.o(i.HAL_TIMEx_PWMN_Stop_IT), (170 bytes).
    Removing stm32f4xx_hal_tim_ex.o(i.HAL_TIMEx_RemapConfig), (28 bytes).
    Removing stm32f4xx_hal_tim_ex.o(i.TIMEx_DMACommutationCplt), (16 bytes).
    Removing stm32f4xx_hal_tim_ex.o(i.TIMEx_DMACommutationHalfCplt), (16 bytes).
    Removing stm32f4xx_hal_tim_ex.o(i.TIM_CCxNChannelCmd), (26 bytes).
    Removing stm32f4xx_hal_tim_ex.o(i.TIM_DMADelayPulseNCplt), (94 bytes).
    Removing stm32f4xx_hal_tim_ex.o(i.TIM_DMAErrorCCxN), (62 bytes).
    Removing stm32f4xx_hal_uart.o(.rev16_text), (4 bytes).
    Removing stm32f4xx_hal_uart.o(.revsh_text), (4 bytes).
    Removing stm32f4xx_hal_uart.o(.rrx_text), (6 bytes).
    Removing stm32f4xx_hal_uart.o(i.HAL_HalfDuplex_EnableReceiver), (50 bytes).
    Removing stm32f4xx_hal_uart.o(i.HAL_HalfDuplex_EnableTransmitter), (50 bytes).
    Removing stm32f4xx_hal_uart.o(i.HAL_HalfDuplex_Init), (108 bytes).
    Removing stm32f4xx_hal_uart.o(i.HAL_LIN_Init), (128 bytes).
    Removing stm32f4xx_hal_uart.o(i.HAL_LIN_SendBreak), (60 bytes).
    Removing stm32f4xx_hal_uart.o(i.HAL_MultiProcessor_EnterMuteMode), (60 bytes).
    Removing stm32f4xx_hal_uart.o(i.HAL_MultiProcessor_ExitMuteMode), (60 bytes).
    Removing stm32f4xx_hal_uart.o(i.HAL_MultiProcessor_Init), (142 bytes).
    Removing stm32f4xx_hal_uart.o(i.HAL_UARTEx_ReceiveToIdle), (254 bytes).
    Removing stm32f4xx_hal_uart.o(i.HAL_UARTEx_ReceiveToIdle_DMA), (86 bytes).
    Removing stm32f4xx_hal_uart.o(i.HAL_UARTEx_ReceiveToIdle_IT), (86 bytes).
    Removing stm32f4xx_hal_uart.o(i.HAL_UARTEx_RxEventCallback), (2 bytes).
    Removing stm32f4xx_hal_uart.o(i.HAL_UART_Abort), (210 bytes).
    Removing stm32f4xx_hal_uart.o(i.HAL_UART_AbortCpltCallback), (2 bytes).
    Removing stm32f4xx_hal_uart.o(i.HAL_UART_AbortReceive), (148 bytes).
    Removing stm32f4xx_hal_uart.o(i.HAL_UART_AbortReceiveCpltCallback), (2 bytes).
    Removing stm32f4xx_hal_uart.o(i.HAL_UART_AbortReceive_IT), (152 bytes).
    Removing stm32f4xx_hal_uart.o(i.HAL_UART_AbortTransmit), (98 bytes).
    Removing stm32f4xx_hal_uart.o(i.HAL_UART_AbortTransmitCpltCallback), (2 bytes).
    Removing stm32f4xx_hal_uart.o(i.HAL_UART_AbortTransmit_IT), (104 bytes).
    Removing stm32f4xx_hal_uart.o(i.HAL_UART_Abort_IT), (244 bytes).
    Removing stm32f4xx_hal_uart.o(i.HAL_UART_DMAPause), (146 bytes).
    Removing stm32f4xx_hal_uart.o(i.HAL_UART_DMAResume), (140 bytes).
    Removing stm32f4xx_hal_uart.o(i.HAL_UART_DMAStop), (112 bytes).
    Removing stm32f4xx_hal_uart.o(i.HAL_UART_DeInit), (52 bytes).
    Removing stm32f4xx_hal_uart.o(i.HAL_UART_ErrorCallback), (2 bytes).
    Removing stm32f4xx_hal_uart.o(i.HAL_UART_GetError), (4 bytes).
    Removing stm32f4xx_hal_uart.o(i.HAL_UART_GetState), (10 bytes).
    Removing stm32f4xx_hal_uart.o(i.HAL_UART_IRQHandler), (616 bytes).
    Removing stm32f4xx_hal_uart.o(i.HAL_UART_MspDeInit), (2 bytes).
    Removing stm32f4xx_hal_uart.o(i.HAL_UART_MspInit), (2 bytes).
    Removing stm32f4xx_hal_uart.o(i.HAL_UART_Receive), (192 bytes).
    Removing stm32f4xx_hal_uart.o(i.HAL_UART_Receive_DMA), (42 bytes).
    Removing stm32f4xx_hal_uart.o(i.HAL_UART_Receive_IT), (42 bytes).
    Removing stm32f4xx_hal_uart.o(i.HAL_UART_RxCpltCallback), (2 bytes).
    Removing stm32f4xx_hal_uart.o(i.HAL_UART_RxHalfCpltCallback), (2 bytes).
    Removing stm32f4xx_hal_uart.o(i.HAL_UART_Transmit_DMA), (140 bytes).
    Removing stm32f4xx_hal_uart.o(i.HAL_UART_Transmit_IT), (62 bytes).
    Removing stm32f4xx_hal_uart.o(i.HAL_UART_TxCpltCallback), (2 bytes).
    Removing stm32f4xx_hal_uart.o(i.HAL_UART_TxHalfCpltCallback), (2 bytes).
    Removing stm32f4xx_hal_uart.o(i.UART_DMAAbortOnError), (16 bytes).
    Removing stm32f4xx_hal_uart.o(i.UART_DMAError), (74 bytes).
    Removing stm32f4xx_hal_uart.o(i.UART_DMAReceiveCplt), (130 bytes).
    Removing stm32f4xx_hal_uart.o(i.UART_DMARxAbortCallback), (44 bytes).
    Removing stm32f4xx_hal_uart.o(i.UART_DMARxHalfCplt), (26 bytes).
    Removing stm32f4xx_hal_uart.o(i.UART_DMARxOnlyAbortCallback), (22 bytes).
    Removing stm32f4xx_hal_uart.o(i.UART_DMATransmitCplt), (66 bytes).
    Removing stm32f4xx_hal_uart.o(i.UART_DMATxAbortCallback), (44 bytes).
    Removing stm32f4xx_hal_uart.o(i.UART_DMATxHalfCplt), (10 bytes).
    Removing stm32f4xx_hal_uart.o(i.UART_DMATxOnlyAbortCallback), (20 bytes).
    Removing stm32f4xx_hal_uart.o(i.UART_EndRxTransfer), (78 bytes).
    Removing stm32f4xx_hal_uart.o(i.UART_EndTxTransfer), (28 bytes).
    Removing stm32f4xx_hal_uart.o(i.UART_Receive_IT), (192 bytes).
    Removing stm32f4xx_hal_uart.o(i.UART_Start_Receive_DMA), (148 bytes).
    Removing stm32f4xx_hal_uart.o(i.UART_Start_Receive_IT), (58 bytes).
    Removing system_stm32f4xx.o(.rev16_text), (4 bytes).
    Removing system_stm32f4xx.o(.revsh_text), (4 bytes).
    Removing system_stm32f4xx.o(.rrx_text), (6 bytes).
    Removing system_stm32f4xx.o(i.SystemCoreClockUpdate), (124 bytes).
    Removing common.o(.rev16_text), (4 bytes).
    Removing common.o(.revsh_text), (4 bytes).
    Removing common.o(.rrx_text), (6 bytes).
    Removing common.o(i.GetInputString), (116 bytes).
    Removing common.o(i.GetIntegerInput), (112 bytes).
    Removing common.o(i.USART_SendData), (8 bytes).
    Removing flash_if.o(.rev16_text), (4 bytes).
    Removing flash_if.o(.revsh_text), (4 bytes).
    Removing flash_if.o(.rrx_text), (6 bytes).
    Removing menu.o(.rev16_text), (4 bytes).
    Removing menu.o(.revsh_text), (4 bytes).
    Removing menu.o(.rrx_text), (6 bytes).
    Removing menu.o(i.SerialUpload), (180 bytes).
    Removing ymodem.o(.rev16_text), (4 bytes).
    Removing ymodem.o(.revsh_text), (4 bytes).
    Removing ymodem.o(.rrx_text), (6 bytes).
    Removing ymodem.o(i.CalChecksum), (22 bytes).
    Removing ymodem.o(i.Cal_CRC16), (40 bytes).
    Removing ymodem.o(i.UpdateCRC16), (32 bytes).
    Removing ymodem.o(i.Ymodem_CheckResponse), (4 bytes).
    Removing ymodem.o(i.Ymodem_PrepareIntialPacket), (88 bytes).
    Removing ymodem.o(i.Ymodem_PreparePacket), (86 bytes).
    Removing ymodem.o(i.Ymodem_SendPacket), (26 bytes).
    Removing ymodem.o(i.Ymodem_Transmit), (520 bytes).
    Removing dadd.o(.text), (334 bytes).
    Removing dmul.o(.text), (228 bytes).
    Removing dfltui.o(.text), (26 bytes).
    Removing f2d.o(.text), (38 bytes).
    Removing d2f.o(.text), (56 bytes).
    Removing fepilogue.o(.text), (110 bytes).
    Removing depilogue.o(.text), (186 bytes).
    Removing ddiv.o(.text), (222 bytes).
    Removing dfixul.o(.text), (48 bytes).
    Removing cdrcmple.o(.text), (48 bytes).

595 unused section(s) (total 44061 bytes) removed from the image.

==============================================================================

Image Symbol Table

    Local Symbols

    Symbol Name                              Value     Ov Type        Size  Object(Section)

    ../Core/Src/adc.c                        0x00000000   Number         0  adc.o ABSOLUTE
    ../Core/Src/gpio.c                       0x00000000   Number         0  gpio.o ABSOLUTE
    ../Core/Src/main.c                       0x00000000   Number         0  main.o ABSOLUTE
    ../Core/Src/spi.c                        0x00000000   Number         0  spi.o ABSOLUTE
    ../Core/Src/stm32f4xx_hal_msp.c          0x00000000   Number         0  stm32f4xx_hal_msp.o ABSOLUTE
    ../Core/Src/stm32f4xx_it.c               0x00000000   Number         0  stm32f4xx_it.o ABSOLUTE
    ../Core/Src/system_stm32f4xx.c           0x00000000   Number         0  system_stm32f4xx.o ABSOLUTE
    ../Core/Src/tim.c                        0x00000000   Number         0  tim.o ABSOLUTE
    ../Core/Src/usart.c                      0x00000000   Number         0  usart.o ABSOLUTE
    ../Drivers/STM32F4xx_HAL_Driver/Src/stm32f4xx_hal.c 0x00000000   Number         0  stm32f4xx_hal.o ABSOLUTE
    ../Drivers/STM32F4xx_HAL_Driver/Src/stm32f4xx_hal_adc.c 0x00000000   Number         0  stm32f4xx_hal_adc.o ABSOLUTE
    ../Drivers/STM32F4xx_HAL_Driver/Src/stm32f4xx_hal_adc_ex.c 0x00000000   Number         0  stm32f4xx_hal_adc_ex.o ABSOLUTE
    ../Drivers/STM32F4xx_HAL_Driver/Src/stm32f4xx_hal_cortex.c 0x00000000   Number         0  stm32f4xx_hal_cortex.o ABSOLUTE
    ../Drivers/STM32F4xx_HAL_Driver/Src/stm32f4xx_hal_dma.c 0x00000000   Number         0  stm32f4xx_hal_dma.o ABSOLUTE
    ../Drivers/STM32F4xx_HAL_Driver/Src/stm32f4xx_hal_dma_ex.c 0x00000000   Number         0  stm32f4xx_hal_dma_ex.o ABSOLUTE
    ../Drivers/STM32F4xx_HAL_Driver/Src/stm32f4xx_hal_exti.c 0x00000000   Number         0  stm32f4xx_hal_exti.o ABSOLUTE
    ../Drivers/STM32F4xx_HAL_Driver/Src/stm32f4xx_hal_flash.c 0x00000000   Number         0  stm32f4xx_hal_flash.o ABSOLUTE
    ../Drivers/STM32F4xx_HAL_Driver/Src/stm32f4xx_hal_flash_ex.c 0x00000000   Number         0  stm32f4xx_hal_flash_ex.o ABSOLUTE
    ../Drivers/STM32F4xx_HAL_Driver/Src/stm32f4xx_hal_flash_ramfunc.c 0x00000000   Number         0  stm32f4xx_hal_flash_ramfunc.o ABSOLUTE
    ../Drivers/STM32F4xx_HAL_Driver/Src/stm32f4xx_hal_gpio.c 0x00000000   Number         0  stm32f4xx_hal_gpio.o ABSOLUTE
    ../Drivers/STM32F4xx_HAL_Driver/Src/stm32f4xx_hal_pwr.c 0x00000000   Number         0  stm32f4xx_hal_pwr.o ABSOLUTE
    ../Drivers/STM32F4xx_HAL_Driver/Src/stm32f4xx_hal_pwr_ex.c 0x00000000   Number         0  stm32f4xx_hal_pwr_ex.o ABSOLUTE
    ../Drivers/STM32F4xx_HAL_Driver/Src/stm32f4xx_hal_rcc.c 0x00000000   Number         0  stm32f4xx_hal_rcc.o ABSOLUTE
    ../Drivers/STM32F4xx_HAL_Driver/Src/stm32f4xx_hal_rcc_ex.c 0x00000000   Number         0  stm32f4xx_hal_rcc_ex.o ABSOLUTE
    ../Drivers/STM32F4xx_HAL_Driver/Src/stm32f4xx_hal_spi.c 0x00000000   Number         0  stm32f4xx_hal_spi.o ABSOLUTE
    ../Drivers/STM32F4xx_HAL_Driver/Src/stm32f4xx_hal_tim.c 0x00000000   Number         0  stm32f4xx_hal_tim.o ABSOLUTE
    ../Drivers/STM32F4xx_HAL_Driver/Src/stm32f4xx_hal_tim_ex.c 0x00000000   Number         0  stm32f4xx_hal_tim_ex.o ABSOLUTE
    ../Drivers/STM32F4xx_HAL_Driver/Src/stm32f4xx_hal_uart.c 0x00000000   Number         0  stm32f4xx_hal_uart.o ABSOLUTE
    ../Drivers/STM32F4xx_HAL_Driver/Src/stm32f4xx_ll_adc.c 0x00000000   Number         0  stm32f4xx_ll_adc.o ABSOLUTE
    ../clib/microlib/division.c              0x00000000   Number         0  uidiv.o ABSOLUTE
    ../clib/microlib/division.c              0x00000000   Number         0  uldiv.o ABSOLUTE
    ../clib/microlib/init/entry.s            0x00000000   Number         0  entry10b.o ABSOLUTE
    ../clib/microlib/init/entry.s            0x00000000   Number         0  entry11b.o ABSOLUTE
    ../clib/microlib/init/entry.s            0x00000000   Number         0  entry2.o ABSOLUTE
    ../clib/microlib/init/entry.s            0x00000000   Number         0  entry5.o ABSOLUTE
    ../clib/microlib/init/entry.s            0x00000000   Number         0  entry.o ABSOLUTE
    ../clib/microlib/init/entry.s            0x00000000   Number         0  entry9a.o ABSOLUTE
    ../clib/microlib/init/entry.s            0x00000000   Number         0  entry9b.o ABSOLUTE
    ../clib/microlib/init/entry.s            0x00000000   Number         0  entry11a.o ABSOLUTE
    ../clib/microlib/init/entry.s            0x00000000   Number         0  entry10a.o ABSOLUTE
    ../clib/microlib/init/entry.s            0x00000000   Number         0  entry7a.o ABSOLUTE
    ../clib/microlib/init/entry.s            0x00000000   Number         0  entry8b.o ABSOLUTE
    ../clib/microlib/init/entry.s            0x00000000   Number         0  entry8a.o ABSOLUTE
    ../clib/microlib/init/entry.s            0x00000000   Number         0  entry7b.o ABSOLUTE
    ../clib/microlib/longlong.c              0x00000000   Number         0  llsshr.o ABSOLUTE
    ../clib/microlib/longlong.c              0x00000000   Number         0  llushr.o ABSOLUTE
    ../clib/microlib/longlong.c              0x00000000   Number         0  llshl.o ABSOLUTE
    ../clib/microlib/printf/printf.c         0x00000000   Number         0  printf2.o ABSOLUTE
    ../clib/microlib/printf/printf.c         0x00000000   Number         0  printf3.o ABSOLUTE
    ../clib/microlib/printf/printf.c         0x00000000   Number         0  printfa.o ABSOLUTE
    ../clib/microlib/printf/printf.c         0x00000000   Number         0  printfb.o ABSOLUTE
    ../clib/microlib/printf/printf.c         0x00000000   Number         0  printf0.o ABSOLUTE
    ../clib/microlib/printf/printf.c         0x00000000   Number         0  printf5.o ABSOLUTE
    ../clib/microlib/printf/printf.c         0x00000000   Number         0  printf6.o ABSOLUTE
    ../clib/microlib/printf/printf.c         0x00000000   Number         0  printf8.o ABSOLUTE
    ../clib/microlib/printf/printf.c         0x00000000   Number         0  printf7.o ABSOLUTE
    ../clib/microlib/printf/printf.c         0x00000000   Number         0  printf1.o ABSOLUTE
    ../clib/microlib/printf/printf.c         0x00000000   Number         0  printf4.o ABSOLUTE
    ../clib/microlib/stdio/streams.c         0x00000000   Number         0  stdout.o ABSOLUTE
    ../clib/microlib/string/memcpy.c         0x00000000   Number         0  memcpya.o ABSOLUTE
    ../clib/microlib/string/memcpy.c         0x00000000   Number         0  memcpyb.o ABSOLUTE
    ../clib/microlib/string/memset.c         0x00000000   Number         0  memseta.o ABSOLUTE
    ../clib/microlib/string/strcat.c         0x00000000   Number         0  strcat.o ABSOLUTE
    ../clib/microlib/string/strcmp.c         0x00000000   Number         0  strcmp.o ABSOLUTE
    ../clib/microlib/string/strcpy.c         0x00000000   Number         0  strcpy.o ABSOLUTE
    ../clib/microlib/stubs.s                 0x00000000   Number         0  iusefp.o ABSOLUTE
    ../fplib/microlib/d2f.c                  0x00000000   Number         0  d2f.o ABSOLUTE
    ../fplib/microlib/f2d.c                  0x00000000   Number         0  f2d.o ABSOLUTE
    ../fplib/microlib/fpadd.c                0x00000000   Number         0  dadd.o ABSOLUTE
    ../fplib/microlib/fpdiv.c                0x00000000   Number         0  ddiv.o ABSOLUTE
    ../fplib/microlib/fpepilogue.c           0x00000000   Number         0  fepilogue.o ABSOLUTE
    ../fplib/microlib/fpepilogue.c           0x00000000   Number         0  depilogue.o ABSOLUTE
    ../fplib/microlib/fpfix.c                0x00000000   Number         0  dfixul.o ABSOLUTE
    ../fplib/microlib/fpflt.c                0x00000000   Number         0  dfltui.o ABSOLUTE
    ../fplib/microlib/fpmul.c                0x00000000   Number         0  dmul.o ABSOLUTE
    ..\BSP\KEY\key.c                         0x00000000   Number         0  key.o ABSOLUTE
    ..\BSP\KT6328\KT6328.c                   0x00000000   Number         0  kt6328.o ABSOLUTE
    ..\BSP\LCD\lcd.c                         0x00000000   Number         0  lcd.o ABSOLUTE
    ..\BSP\LCD\lcd_init.c                    0x00000000   Number         0  lcd_init.o ABSOLUTE
    ..\BSP\POWER\power.c                     0x00000000   Number         0  power.o ABSOLUTE
    ..\Core\Src\adc.c                        0x00000000   Number         0  adc.o ABSOLUTE
    ..\Core\Src\gpio.c                       0x00000000   Number         0  gpio.o ABSOLUTE
    ..\Core\Src\main.c                       0x00000000   Number         0  main.o ABSOLUTE
    ..\Core\Src\spi.c                        0x00000000   Number         0  spi.o ABSOLUTE
    ..\Core\Src\stm32f4xx_hal_msp.c          0x00000000   Number         0  stm32f4xx_hal_msp.o ABSOLUTE
    ..\Core\Src\stm32f4xx_it.c               0x00000000   Number         0  stm32f4xx_it.o ABSOLUTE
    ..\Core\Src\system_stm32f4xx.c           0x00000000   Number         0  system_stm32f4xx.o ABSOLUTE
    ..\Core\Src\tim.c                        0x00000000   Number         0  tim.o ABSOLUTE
    ..\Core\Src\usart.c                      0x00000000   Number         0  usart.o ABSOLUTE
    ..\Drivers\STM32F4xx_HAL_Driver\Src\stm32f4xx_hal.c 0x00000000   Number         0  stm32f4xx_hal.o ABSOLUTE
    ..\Drivers\STM32F4xx_HAL_Driver\Src\stm32f4xx_hal_adc.c 0x00000000   Number         0  stm32f4xx_hal_adc.o ABSOLUTE
    ..\Drivers\STM32F4xx_HAL_Driver\Src\stm32f4xx_hal_adc_ex.c 0x00000000   Number         0  stm32f4xx_hal_adc_ex.o ABSOLUTE
    ..\Drivers\STM32F4xx_HAL_Driver\Src\stm32f4xx_hal_cortex.c 0x00000000   Number         0  stm32f4xx_hal_cortex.o ABSOLUTE
    ..\Drivers\STM32F4xx_HAL_Driver\Src\stm32f4xx_hal_dma.c 0x00000000   Number         0  stm32f4xx_hal_dma.o ABSOLUTE
    ..\Drivers\STM32F4xx_HAL_Driver\Src\stm32f4xx_hal_dma_ex.c 0x00000000   Number         0  stm32f4xx_hal_dma_ex.o ABSOLUTE
    ..\Drivers\STM32F4xx_HAL_Driver\Src\stm32f4xx_hal_exti.c 0x00000000   Number         0  stm32f4xx_hal_exti.o ABSOLUTE
    ..\Drivers\STM32F4xx_HAL_Driver\Src\stm32f4xx_hal_flash.c 0x00000000   Number         0  stm32f4xx_hal_flash.o ABSOLUTE
    ..\Drivers\STM32F4xx_HAL_Driver\Src\stm32f4xx_hal_flash_ex.c 0x00000000   Number         0  stm32f4xx_hal_flash_ex.o ABSOLUTE
    ..\Drivers\STM32F4xx_HAL_Driver\Src\stm32f4xx_hal_flash_ramfunc.c 0x00000000   Number         0  stm32f4xx_hal_flash_ramfunc.o ABSOLUTE
    ..\Drivers\STM32F4xx_HAL_Driver\Src\stm32f4xx_hal_gpio.c 0x00000000   Number         0  stm32f4xx_hal_gpio.o ABSOLUTE
    ..\Drivers\STM32F4xx_HAL_Driver\Src\stm32f4xx_hal_pwr.c 0x00000000   Number         0  stm32f4xx_hal_pwr.o ABSOLUTE
    ..\Drivers\STM32F4xx_HAL_Driver\Src\stm32f4xx_hal_pwr_ex.c 0x00000000   Number         0  stm32f4xx_hal_pwr_ex.o ABSOLUTE
    ..\Drivers\STM32F4xx_HAL_Driver\Src\stm32f4xx_hal_rcc.c 0x00000000   Number         0  stm32f4xx_hal_rcc.o ABSOLUTE
    ..\Drivers\STM32F4xx_HAL_Driver\Src\stm32f4xx_hal_rcc_ex.c 0x00000000   Number         0  stm32f4xx_hal_rcc_ex.o ABSOLUTE
    ..\Drivers\STM32F4xx_HAL_Driver\Src\stm32f4xx_hal_spi.c 0x00000000   Number         0  stm32f4xx_hal_spi.o ABSOLUTE
    ..\Drivers\STM32F4xx_HAL_Driver\Src\stm32f4xx_hal_tim.c 0x00000000   Number         0  stm32f4xx_hal_tim.o ABSOLUTE
    ..\Drivers\STM32F4xx_HAL_Driver\Src\stm32f4xx_hal_tim_ex.c 0x00000000   Number         0  stm32f4xx_hal_tim_ex.o ABSOLUTE
    ..\Drivers\STM32F4xx_HAL_Driver\Src\stm32f4xx_hal_uart.c 0x00000000   Number         0  stm32f4xx_hal_uart.o ABSOLUTE
    ..\SYSTEM\delay.c                        0x00000000   Number         0  delay.o ABSOLUTE
    ..\Ymodem\common.c                       0x00000000   Number         0  common.o ABSOLUTE
    ..\Ymodem\flash_if.c                     0x00000000   Number         0  flash_if.o ABSOLUTE
    ..\Ymodem\menu.c                         0x00000000   Number         0  menu.o ABSOLUTE
    ..\Ymodem\ymodem.c                       0x00000000   Number         0  ymodem.o ABSOLUTE
    ..\\BSP\\KEY\\key.c                      0x00000000   Number         0  key.o ABSOLUTE
    ..\\BSP\\KT6328\\KT6328.c                0x00000000   Number         0  kt6328.o ABSOLUTE
    ..\\BSP\\LCD\\lcd.c                      0x00000000   Number         0  lcd.o ABSOLUTE
    ..\\BSP\\LCD\\lcd_init.c                 0x00000000   Number         0  lcd_init.o ABSOLUTE
    ..\\BSP\\POWER\\power.c                  0x00000000   Number         0  power.o ABSOLUTE
    ..\\SYSTEM\\delay.c                      0x00000000   Number         0  delay.o ABSOLUTE
    ..\\Ymodem\\common.c                     0x00000000   Number         0  common.o ABSOLUTE
    ..\\Ymodem\\flash_if.c                   0x00000000   Number         0  flash_if.o ABSOLUTE
    ..\\Ymodem\\menu.c                       0x00000000   Number         0  menu.o ABSOLUTE
    ..\\Ymodem\\ymodem.c                     0x00000000   Number         0  ymodem.o ABSOLUTE
    cdrcmple.s                               0x00000000   Number         0  cdrcmple.o ABSOLUTE
    dc.s                                     0x00000000   Number         0  dc.o ABSOLUTE
    handlers.s                               0x00000000   Number         0  handlers.o ABSOLUTE
    init.s                                   0x00000000   Number         0  init.o ABSOLUTE
    startup_stm32f411xe.s                    0x00000000   Number         0  startup_stm32f411xe.o ABSOLUTE
    RESET                                    0x08000000   Section      408  startup_stm32f411xe.o(RESET)
    .ARM.Collect$$$$00000000                 0x08000198   Section        0  entry.o(.ARM.Collect$$$$00000000)
    .ARM.Collect$$$$00000001                 0x08000198   Section        4  entry2.o(.ARM.Collect$$$$00000001)
    .ARM.Collect$$$$00000004                 0x0800019c   Section        4  entry5.o(.ARM.Collect$$$$00000004)
    .ARM.Collect$$$$00000008                 0x080001a0   Section        0  entry7b.o(.ARM.Collect$$$$00000008)
    .ARM.Collect$$$$0000000A                 0x080001a0   Section        0  entry8b.o(.ARM.Collect$$$$0000000A)
    .ARM.Collect$$$$0000000B                 0x080001a0   Section        8  entry9a.o(.ARM.Collect$$$$0000000B)
    .ARM.Collect$$$$0000000D                 0x080001a8   Section        0  entry10a.o(.ARM.Collect$$$$0000000D)
    .ARM.Collect$$$$0000000F                 0x080001a8   Section        0  entry11a.o(.ARM.Collect$$$$0000000F)
    .ARM.Collect$$$$00002712                 0x080001a8   Section        4  entry2.o(.ARM.Collect$$$$00002712)
    __lit__00000000                          0x080001a8   Data           4  entry2.o(.ARM.Collect$$$$00002712)
    .text                                    0x080001ac   Section       36  startup_stm32f411xe.o(.text)
    $v0                                      0x080001ac   Number         0  startup_stm32f411xe.o(.text)
    .text                                    0x080001d0   Section        0  uldiv.o(.text)
    .text                                    0x08000232   Section        0  memcpya.o(.text)
    .text                                    0x08000256   Section        0  memseta.o(.text)
    .text                                    0x0800027a   Section        0  strcat.o(.text)
    .text                                    0x08000292   Section        0  strcmp.o(.text)
    .text                                    0x080002ae   Section        0  strcpy.o(.text)
    .text                                    0x080002c0   Section        0  llshl.o(.text)
    .text                                    0x080002de   Section        0  llushr.o(.text)
    .text                                    0x08000300   Section       36  init.o(.text)
    i.ADC_Init                               0x08000324   Section        0  stm32f4xx_hal_adc.o(i.ADC_Init)
    ADC_Init                                 0x08000325   Thumb Code   284  stm32f4xx_hal_adc.o(i.ADC_Init)
    i.BusFault_Handler                       0x0800044c   Section        0  stm32f4xx_it.o(i.BusFault_Handler)
    i.DebugMon_Handler                       0x0800044e   Section        0  stm32f4xx_it.o(i.DebugMon_Handler)
    i.Error_Handler                          0x08000450   Section        0  main.o(i.Error_Handler)
    i.FLASH_Erase_Sector                     0x08000454   Section        0  stm32f4xx_hal_flash_ex.o(i.FLASH_Erase_Sector)
    i.FLASH_FlushCaches                      0x080004a4   Section        0  stm32f4xx_hal_flash_ex.o(i.FLASH_FlushCaches)
    i.FLASH_If_DisableWriteProtection        0x080004f8   Section        0  flash_if.o(i.FLASH_If_DisableWriteProtection)
    i.FLASH_If_Erase                         0x08000530   Section        0  flash_if.o(i.FLASH_If_Erase)
    i.FLASH_If_Erase_One_Sector              0x0800056c   Section        0  flash_if.o(i.FLASH_If_Erase_One_Sector)
    i.FLASH_If_GetWriteProtectionStatus      0x08000590   Section        0  flash_if.o(i.FLASH_If_GetWriteProtectionStatus)
    i.FLASH_If_Init                          0x080005bc   Section        0  flash_if.o(i.FLASH_If_Init)
    i.FLASH_If_Write                         0x080005d0   Section        0  flash_if.o(i.FLASH_If_Write)
    i.FLASH_MassErase                        0x08000618   Section        0  stm32f4xx_hal_flash_ex.o(i.FLASH_MassErase)
    FLASH_MassErase                          0x08000619   Thumb Code    34  stm32f4xx_hal_flash_ex.o(i.FLASH_MassErase)
    i.FLASH_OB_DisableWRP                    0x08000640   Section        0  flash_if.o(i.FLASH_OB_DisableWRP)
    i.FLASH_ProgramWord                      0x08000660   Section        0  flash_if.o(i.FLASH_ProgramWord)
    i.FLASH_SetErrorCode                     0x08000684   Section        0  stm32f4xx_hal_flash.o(i.FLASH_SetErrorCode)
    FLASH_SetErrorCode                       0x08000685   Thumb Code   116  stm32f4xx_hal_flash.o(i.FLASH_SetErrorCode)
    i.FLASH_WaitForLastOperation             0x08000700   Section        0  stm32f4xx_hal_flash.o(i.FLASH_WaitForLastOperation)
    i.GetKey                                 0x08000750   Section        0  common.o(i.GetKey)
    i.GetSector                              0x08000768   Section        0  flash_if.o(i.GetSector)
    GetSector                                0x08000769   Thumb Code    98  flash_if.o(i.GetSector)
    i.HAL_ADC_ConfigChannel                  0x080007e4   Section        0  stm32f4xx_hal_adc.o(i.HAL_ADC_ConfigChannel)
    i.HAL_ADC_Init                           0x08000948   Section        0  stm32f4xx_hal_adc.o(i.HAL_ADC_Init)
    i.HAL_ADC_MspInit                        0x0800099c   Section        0  adc.o(i.HAL_ADC_MspInit)
    i.HAL_Delay                              0x080009fc   Section        0  stm32f4xx_hal.o(i.HAL_Delay)
    i.HAL_FLASHEx_Erase                      0x08000a20   Section        0  stm32f4xx_hal_flash_ex.o(i.HAL_FLASHEx_Erase)
    i.HAL_FLASH_OB_Launch                    0x08000ab8   Section        0  stm32f4xx_hal_flash.o(i.HAL_FLASH_OB_Launch)
    i.HAL_FLASH_Unlock                       0x08000ad0   Section        0  stm32f4xx_hal_flash.o(i.HAL_FLASH_Unlock)
    i.HAL_GPIO_Init                          0x08000afc   Section        0  stm32f4xx_hal_gpio.o(i.HAL_GPIO_Init)
    i.HAL_GPIO_ReadPin                       0x08000cdc   Section        0  stm32f4xx_hal_gpio.o(i.HAL_GPIO_ReadPin)
    i.HAL_GPIO_WritePin                      0x08000ce6   Section        0  stm32f4xx_hal_gpio.o(i.HAL_GPIO_WritePin)
    i.HAL_GetTick                            0x08000cf0   Section        0  stm32f4xx_hal.o(i.HAL_GetTick)
    i.HAL_IncTick                            0x08000cfc   Section        0  stm32f4xx_hal.o(i.HAL_IncTick)
    i.HAL_Init                               0x08000d0c   Section        0  stm32f4xx_hal.o(i.HAL_Init)
    i.HAL_InitTick                           0x08000d40   Section        0  stm32f4xx_hal.o(i.HAL_InitTick)
    i.HAL_MspInit                            0x08000d80   Section        0  stm32f4xx_hal_msp.o(i.HAL_MspInit)
    i.HAL_NVIC_EnableIRQ                     0x08000db0   Section        0  stm32f4xx_hal_cortex.o(i.HAL_NVIC_EnableIRQ)
    i.HAL_NVIC_SetPriority                   0x08000dcc   Section        0  stm32f4xx_hal_cortex.o(i.HAL_NVIC_SetPriority)
    i.HAL_NVIC_SetPriorityGrouping           0x08000e0c   Section        0  stm32f4xx_hal_cortex.o(i.HAL_NVIC_SetPriorityGrouping)
    i.HAL_RCC_ClockConfig                    0x08000e30   Section        0  stm32f4xx_hal_rcc.o(i.HAL_RCC_ClockConfig)
    i.HAL_RCC_GetPCLK1Freq                   0x08000f64   Section        0  stm32f4xx_hal_rcc.o(i.HAL_RCC_GetPCLK1Freq)
    i.HAL_RCC_GetPCLK2Freq                   0x08000f84   Section        0  stm32f4xx_hal_rcc.o(i.HAL_RCC_GetPCLK2Freq)
    i.HAL_RCC_GetSysClockFreq                0x08000fa4   Section        0  stm32f4xx_hal_rcc.o(i.HAL_RCC_GetSysClockFreq)
    i.HAL_RCC_OscConfig                      0x08001008   Section        0  stm32f4xx_hal_rcc.o(i.HAL_RCC_OscConfig)
    i.HAL_SPI_Init                           0x08001374   Section        0  stm32f4xx_hal_spi.o(i.HAL_SPI_Init)
    i.HAL_SPI_MspInit                        0x08001430   Section        0  spi.o(i.HAL_SPI_MspInit)
    i.HAL_SPI_Transmit                       0x08001498   Section        0  stm32f4xx_hal_spi.o(i.HAL_SPI_Transmit)
    i.HAL_SYSTICK_CLKSourceConfig            0x080015fe   Section        0  stm32f4xx_hal_cortex.o(i.HAL_SYSTICK_CLKSourceConfig)
    i.HAL_SYSTICK_Config                     0x08001616   Section        0  stm32f4xx_hal_cortex.o(i.HAL_SYSTICK_Config)
    i.HAL_TIMEx_MasterConfigSynchronization  0x08001640   Section        0  stm32f4xx_hal_tim_ex.o(i.HAL_TIMEx_MasterConfigSynchronization)
    i.HAL_TIM_MspPostInit                    0x080016bc   Section        0  tim.o(i.HAL_TIM_MspPostInit)
    i.HAL_TIM_PWM_ConfigChannel              0x0800170c   Section        0  stm32f4xx_hal_tim.o(i.HAL_TIM_PWM_ConfigChannel)
    i.HAL_TIM_PWM_Init                       0x080017d8   Section        0  stm32f4xx_hal_tim.o(i.HAL_TIM_PWM_Init)
    i.HAL_TIM_PWM_MspInit                    0x08001834   Section        0  tim.o(i.HAL_TIM_PWM_MspInit)
    i.HAL_TIM_PWM_Start                      0x0800185c   Section        0  stm32f4xx_hal_tim.o(i.HAL_TIM_PWM_Start)
    i.HAL_UART_Init                          0x0800190c   Section        0  stm32f4xx_hal_uart.o(i.HAL_UART_Init)
    i.HAL_UART_MspInit                       0x08001970   Section        0  usart.o(i.HAL_UART_MspInit)
    i.HAL_UART_Transmit                      0x080019dc   Section        0  stm32f4xx_hal_uart.o(i.HAL_UART_Transmit)
    i.HardFault_Handler                      0x08001a8e   Section        0  stm32f4xx_it.o(i.HardFault_Handler)
    i.Int2Str                                0x08001a90   Section        0  common.o(i.Int2Str)
    i.KT6328_Enable                          0x08001ad0   Section        0  kt6328.o(i.KT6328_Enable)
    i.KT6328_GPIO_Init                       0x08001ae0   Section        0  kt6328.o(i.KT6328_GPIO_Init)
    i.Key_Port_Init                          0x08001b30   Section        0  key.o(i.Key_Port_Init)
    i.LCD_Address_Set                        0x08001b88   Section        0  lcd_init.o(i.LCD_Address_Set)
    i.LCD_DrawPoint                          0x08001bc2   Section        0  lcd.o(i.LCD_DrawPoint)
    i.LCD_Fill                               0x08001bd8   Section        0  lcd.o(i.LCD_Fill)
    i.LCD_GPIO_Init                          0x08001c20   Section        0  lcd_init.o(i.LCD_GPIO_Init)
    i.LCD_Init                               0x08001c6c   Section        0  lcd_init.o(i.LCD_Init)
    i.LCD_Set_Light                          0x08001e18   Section        0  lcd_init.o(i.LCD_Set_Light)
    i.LCD_ShowChar                           0x08001e38   Section        0  lcd.o(i.LCD_ShowChar)
    i.LCD_ShowString                         0x08001f44   Section        0  lcd.o(i.LCD_ShowString)
    i.LCD_WR_DATA                            0x08001f80   Section        0  lcd_init.o(i.LCD_WR_DATA)
    i.LCD_WR_REG                             0x08001fa0   Section        0  lcd_init.o(i.LCD_WR_REG)
    i.LCD_Writ_Bus                           0x08001fcc   Section        0  lcd_init.o(i.LCD_Writ_Bus)
    i.MX_ADC1_Init                           0x08001fe0   Section        0  adc.o(i.MX_ADC1_Init)
    i.MX_GPIO_Init                           0x08002044   Section        0  gpio.o(i.MX_GPIO_Init)
    i.MX_SPI1_Init                           0x08002070   Section        0  spi.o(i.MX_SPI1_Init)
    i.MX_TIM3_Init                           0x080020b8   Section        0  tim.o(i.MX_TIM3_Init)
    i.MX_USART1_UART_Init                    0x08002128   Section        0  usart.o(i.MX_USART1_UART_Init)
    i.Main_Menu                              0x08002160   Section        0  menu.o(i.Main_Menu)
    i.MemManage_Handler                      0x080024d0   Section        0  stm32f4xx_it.o(i.MemManage_Handler)
    i.NMI_Handler                            0x080024d2   Section        0  stm32f4xx_it.o(i.NMI_Handler)
    i.PendSV_Handler                         0x080024d4   Section        0  stm32f4xx_it.o(i.PendSV_Handler)
    i.Power_DisEnable                        0x080024d8   Section        0  power.o(i.Power_DisEnable)
    i.Power_Enable                           0x080024e8   Section        0  power.o(i.Power_Enable)
    i.Power_Init                             0x080024f8   Section        0  power.o(i.Power_Init)
    i.Power_Pins_Init                        0x08002508   Section        0  power.o(i.Power_Pins_Init)
    i.Receive_Byte                           0x08002578   Section        0  ymodem.o(i.Receive_Byte)
    Receive_Byte                             0x08002579   Thumb Code    32  ymodem.o(i.Receive_Byte)
    i.Receive_Packet                         0x08002598   Section        0  ymodem.o(i.Receive_Packet)
    Receive_Packet                           0x08002599   Thumb Code   152  ymodem.o(i.Receive_Packet)
    i.SPI_EndRxTxTransaction                 0x08002630   Section        0  stm32f4xx_hal_spi.o(i.SPI_EndRxTxTransaction)
    SPI_EndRxTxTransaction                   0x08002631   Thumb Code    80  stm32f4xx_hal_spi.o(i.SPI_EndRxTxTransaction)
    i.SPI_WaitFlagStateUntilTimeout          0x08002688   Section        0  stm32f4xx_hal_spi.o(i.SPI_WaitFlagStateUntilTimeout)
    SPI_WaitFlagStateUntilTimeout            0x08002689   Thumb Code   180  stm32f4xx_hal_spi.o(i.SPI_WaitFlagStateUntilTimeout)
    i.SVC_Handler                            0x08002740   Section        0  stm32f4xx_it.o(i.SVC_Handler)
    i.SerialDownload                         0x08002744   Section        0  menu.o(i.SerialDownload)
    i.SerialKeyPressed                       0x08002930   Section        0  common.o(i.SerialKeyPressed)
    i.SerialPutChar                          0x0800294c   Section        0  common.o(i.SerialPutChar)
    i.Serial_PutString                       0x08002968   Section        0  common.o(i.Serial_PutString)
    i.Str2Int                                0x0800297e   Section        0  common.o(i.Str2Int)
    i.SysTick_Handler                        0x08002a3c   Section        0  stm32f4xx_it.o(i.SysTick_Handler)
    i.SystemClock_Config                     0x08002a80   Section        0  main.o(i.SystemClock_Config)
    i.SystemInit                             0x08002b10   Section        0  system_stm32f4xx.o(i.SystemInit)
    i.TIM_Base_SetConfig                     0x08002b20   Section        0  stm32f4xx_hal_tim.o(i.TIM_Base_SetConfig)
    i.TIM_CCxChannelCmd                      0x08002bb8   Section        0  stm32f4xx_hal_tim.o(i.TIM_CCxChannelCmd)
    i.TIM_OC1_SetConfig                      0x08002bd4   Section        0  stm32f4xx_hal_tim.o(i.TIM_OC1_SetConfig)
    TIM_OC1_SetConfig                        0x08002bd5   Thumb Code    74  stm32f4xx_hal_tim.o(i.TIM_OC1_SetConfig)
    i.TIM_OC2_SetConfig                      0x08002c24   Section        0  stm32f4xx_hal_tim.o(i.TIM_OC2_SetConfig)
    i.TIM_OC3_SetConfig                      0x08002c7c   Section        0  stm32f4xx_hal_tim.o(i.TIM_OC3_SetConfig)
    TIM_OC3_SetConfig                        0x08002c7d   Thumb Code    82  stm32f4xx_hal_tim.o(i.TIM_OC3_SetConfig)
    i.TIM_OC4_SetConfig                      0x08002cd4   Section        0  stm32f4xx_hal_tim.o(i.TIM_OC4_SetConfig)
    TIM_OC4_SetConfig                        0x08002cd5   Thumb Code    64  stm32f4xx_hal_tim.o(i.TIM_OC4_SetConfig)
    i.UART_SetConfig                         0x08002d18   Section        0  stm32f4xx_hal_uart.o(i.UART_SetConfig)
    UART_SetConfig                           0x08002d19   Thumb Code   258  stm32f4xx_hal_uart.o(i.UART_SetConfig)
    i.UART_WaitOnFlagUntilTimeout            0x08002e24   Section        0  stm32f4xx_hal_uart.o(i.UART_WaitOnFlagUntilTimeout)
    UART_WaitOnFlagUntilTimeout              0x08002e25   Thumb Code   120  stm32f4xx_hal_uart.o(i.UART_WaitOnFlagUntilTimeout)
    i.UsageFault_Handler                     0x08002e9c   Section        0  stm32f4xx_it.o(i.UsageFault_Handler)
    i.Ymodem_Receive                         0x08002ea0   Section        0  ymodem.o(i.Ymodem_Receive)
    i.__0printf$bare                         0x0800301c   Section        0  printfb.o(i.__0printf$bare)
    i.__NVIC_SetPriority                     0x0800302c   Section        0  stm32f4xx_hal_cortex.o(i.__NVIC_SetPriority)
    __NVIC_SetPriority                       0x0800302d   Thumb Code    32  stm32f4xx_hal_cortex.o(i.__NVIC_SetPriority)
    i.__scatterload_copy                     0x0800304c   Section       14  handlers.o(i.__scatterload_copy)
    i.__scatterload_null                     0x0800305a   Section        2  handlers.o(i.__scatterload_null)
    i.__scatterload_zeroinit                 0x0800305c   Section       14  handlers.o(i.__scatterload_zeroinit)
    i._printf_core                           0x0800306a   Section        0  printfb.o(i._printf_core)
    _printf_core                             0x0800306b   Thumb Code    34  printfb.o(i._printf_core)
    i.delay_init                             0x0800308c   Section        0  delay.o(i.delay_init)
    i.delay_ms                               0x080030b8   Section        0  delay.o(i.delay_ms)
    i.delay_us                               0x080030d2   Section        0  delay.o(i.delay_us)
    i.fputc                                  0x08003100   Section        0  usart.o(i.fputc)
    i.main                                   0x08003118   Section        0  main.o(i.main)
    .constdata                               0x08003320   Section    14620  lcd.o(.constdata)
    .constdata                               0x08006c3c   Section       16  system_stm32f4xx.o(.constdata)
    .constdata                               0x08006c4c   Section        8  system_stm32f4xx.o(.constdata)
    .conststring                             0x08006c54   Section      529  menu.o(.conststring)
    .data                                    0x20000000   Section        1  main.o(.data)
    .data                                    0x20000002   Section        2  stm32f4xx_it.o(.data)
    key1_long_press                          0x20000002   Data           2  stm32f4xx_it.o(.data)
    .data                                    0x20000004   Section       12  stm32f4xx_hal.o(.data)
    .data                                    0x20000010   Section        4  system_stm32f4xx.o(.data)
    .data                                    0x20000014   Section       12  menu.o(.data)
    .data                                    0x20000020   Section        4  stdout.o(.data)
    .bss                                     0x20000024   Section       72  adc.o(.bss)
    .bss                                     0x2000006c   Section       88  spi.o(.bss)
    .bss                                     0x200000c4   Section       72  tim.o(.bss)
    .bss                                     0x2000010c   Section       68  usart.o(.bss)
    .bss                                     0x20000150   Section       32  stm32f4xx_hal_flash.o(.bss)
    .bss                                     0x20000170   Section     1280  menu.o(.bss)
    STACK                                    0x20000670   Section     1024  startup_stm32f411xe.o(STACK)

    Global Symbols

    Symbol Name                              Value     Ov Type        Size  Object(Section)

    BuildAttributes$$THM_ISAv4$E$P$D$K$B$S$7EM$VFPi3$EXTD16$VFPS$VFMA$PE$A:L22UL41UL21$X:L11$S22US41US21$IEEE1$IW$USESV6$~STKCKD$USESV7$~SHL$OTIME$ROPI$EBA8$MICROLIB$REQ8$PRES8$EABIv2 0x00000000   Number         0  anon$$obj.o ABSOLUTE
    __ARM_use_no_argv                        0x00000000   Number         0  main.o ABSOLUTE
    __cpp_initialize__aeabi_                  - Undefined Weak Reference
    __cxa_finalize                            - Undefined Weak Reference
    __decompress                              - Undefined Weak Reference
    _clock_init                               - Undefined Weak Reference
    _microlib_exit                            - Undefined Weak Reference
    __Vectors_Size                           0x00000198   Number         0  startup_stm32f411xe.o ABSOLUTE
    __Vectors                                0x08000000   Data           4  startup_stm32f411xe.o(RESET)
    __Vectors_End                            0x08000198   Data           0  startup_stm32f411xe.o(RESET)
    __main                                   0x08000199   Thumb Code     0  entry.o(.ARM.Collect$$$$00000000)
    _main_stk                                0x08000199   Thumb Code     0  entry2.o(.ARM.Collect$$$$00000001)
    _main_scatterload                        0x0800019d   Thumb Code     0  entry5.o(.ARM.Collect$$$$00000004)
    __main_after_scatterload                 0x080001a1   Thumb Code     0  entry5.o(.ARM.Collect$$$$00000004)
    _main_clock                              0x080001a1   Thumb Code     0  entry7b.o(.ARM.Collect$$$$00000008)
    _main_cpp_init                           0x080001a1   Thumb Code     0  entry8b.o(.ARM.Collect$$$$0000000A)
    _main_init                               0x080001a1   Thumb Code     0  entry9a.o(.ARM.Collect$$$$0000000B)
    __rt_final_cpp                           0x080001a9   Thumb Code     0  entry10a.o(.ARM.Collect$$$$0000000D)
    __rt_final_exit                          0x080001a9   Thumb Code     0  entry11a.o(.ARM.Collect$$$$0000000F)
    Reset_Handler                            0x080001ad   Thumb Code     8  startup_stm32f411xe.o(.text)
    ADC_IRQHandler                           0x080001c7   Thumb Code     0  startup_stm32f411xe.o(.text)
    DMA1_Stream0_IRQHandler                  0x080001c7   Thumb Code     0  startup_stm32f411xe.o(.text)
    DMA1_Stream1_IRQHandler                  0x080001c7   Thumb Code     0  startup_stm32f411xe.o(.text)
    DMA1_Stream2_IRQHandler                  0x080001c7   Thumb Code     0  startup_stm32f411xe.o(.text)
    DMA1_Stream3_IRQHandler                  0x080001c7   Thumb Code     0  startup_stm32f411xe.o(.text)
    DMA1_Stream4_IRQHandler                  0x080001c7   Thumb Code     0  startup_stm32f411xe.o(.text)
    DMA1_Stream5_IRQHandler                  0x080001c7   Thumb Code     0  startup_stm32f411xe.o(.text)
    DMA1_Stream6_IRQHandler                  0x080001c7   Thumb Code     0  startup_stm32f411xe.o(.text)
    DMA1_Stream7_IRQHandler                  0x080001c7   Thumb Code     0  startup_stm32f411xe.o(.text)
    DMA2_Stream0_IRQHandler                  0x080001c7   Thumb Code     0  startup_stm32f411xe.o(.text)
    DMA2_Stream1_IRQHandler                  0x080001c7   Thumb Code     0  startup_stm32f411xe.o(.text)
    DMA2_Stream2_IRQHandler                  0x080001c7   Thumb Code     0  startup_stm32f411xe.o(.text)
    DMA2_Stream3_IRQHandler                  0x080001c7   Thumb Code     0  startup_stm32f411xe.o(.text)
    DMA2_Stream4_IRQHandler                  0x080001c7   Thumb Code     0  startup_stm32f411xe.o(.text)
    DMA2_Stream5_IRQHandler                  0x080001c7   Thumb Code     0  startup_stm32f411xe.o(.text)
    DMA2_Stream6_IRQHandler                  0x080001c7   Thumb Code     0  startup_stm32f411xe.o(.text)
    DMA2_Stream7_IRQHandler                  0x080001c7   Thumb Code     0  startup_stm32f411xe.o(.text)
    EXTI0_IRQHandler                         0x080001c7   Thumb Code     0  startup_stm32f411xe.o(.text)
    EXTI15_10_IRQHandler                     0x080001c7   Thumb Code     0  startup_stm32f411xe.o(.text)
    EXTI1_IRQHandler                         0x080001c7   Thumb Code     0  startup_stm32f411xe.o(.text)
    EXTI2_IRQHandler                         0x080001c7   Thumb Code     0  startup_stm32f411xe.o(.text)
    EXTI3_IRQHandler                         0x080001c7   Thumb Code     0  startup_stm32f411xe.o(.text)
    EXTI4_IRQHandler                         0x080001c7   Thumb Code     0  startup_stm32f411xe.o(.text)
    EXTI9_5_IRQHandler                       0x080001c7   Thumb Code     0  startup_stm32f411xe.o(.text)
    FLASH_IRQHandler                         0x080001c7   Thumb Code     0  startup_stm32f411xe.o(.text)
    FPU_IRQHandler                           0x080001c7   Thumb Code     0  startup_stm32f411xe.o(.text)
    I2C1_ER_IRQHandler                       0x080001c7   Thumb Code     0  startup_stm32f411xe.o(.text)
    I2C1_EV_IRQHandler                       0x080001c7   Thumb Code     0  startup_stm32f411xe.o(.text)
    I2C2_ER_IRQHandler                       0x080001c7   Thumb Code     0  startup_stm32f411xe.o(.text)
    I2C2_EV_IRQHandler                       0x080001c7   Thumb Code     0  startup_stm32f411xe.o(.text)
    I2C3_ER_IRQHandler                       0x080001c7   Thumb Code     0  startup_stm32f411xe.o(.text)
    I2C3_EV_IRQHandler                       0x080001c7   Thumb Code     0  startup_stm32f411xe.o(.text)
    OTG_FS_IRQHandler                        0x080001c7   Thumb Code     0  startup_stm32f411xe.o(.text)
    OTG_FS_WKUP_IRQHandler                   0x080001c7   Thumb Code     0  startup_stm32f411xe.o(.text)
    PVD_IRQHandler                           0x080001c7   Thumb Code     0  startup_stm32f411xe.o(.text)
    RCC_IRQHandler                           0x080001c7   Thumb Code     0  startup_stm32f411xe.o(.text)
    RTC_Alarm_IRQHandler                     0x080001c7   Thumb Code     0  startup_stm32f411xe.o(.text)
    RTC_WKUP_IRQHandler                      0x080001c7   Thumb Code     0  startup_stm32f411xe.o(.text)
    SDIO_IRQHandler                          0x080001c7   Thumb Code     0  startup_stm32f411xe.o(.text)
    SPI1_IRQHandler                          0x080001c7   Thumb Code     0  startup_stm32f411xe.o(.text)
    SPI2_IRQHandler                          0x080001c7   Thumb Code     0  startup_stm32f411xe.o(.text)
    SPI3_IRQHandler                          0x080001c7   Thumb Code     0  startup_stm32f411xe.o(.text)
    SPI4_IRQHandler                          0x080001c7   Thumb Code     0  startup_stm32f411xe.o(.text)
    SPI5_IRQHandler                          0x080001c7   Thumb Code     0  startup_stm32f411xe.o(.text)
    TAMP_STAMP_IRQHandler                    0x080001c7   Thumb Code     0  startup_stm32f411xe.o(.text)
    TIM1_BRK_TIM9_IRQHandler                 0x080001c7   Thumb Code     0  startup_stm32f411xe.o(.text)
    TIM1_CC_IRQHandler                       0x080001c7   Thumb Code     0  startup_stm32f411xe.o(.text)
    TIM1_TRG_COM_TIM11_IRQHandler            0x080001c7   Thumb Code     0  startup_stm32f411xe.o(.text)
    TIM1_UP_TIM10_IRQHandler                 0x080001c7   Thumb Code     0  startup_stm32f411xe.o(.text)
    TIM2_IRQHandler                          0x080001c7   Thumb Code     0  startup_stm32f411xe.o(.text)
    TIM3_IRQHandler                          0x080001c7   Thumb Code     0  startup_stm32f411xe.o(.text)
    TIM4_IRQHandler                          0x080001c7   Thumb Code     0  startup_stm32f411xe.o(.text)
    TIM5_IRQHandler                          0x080001c7   Thumb Code     0  startup_stm32f411xe.o(.text)
    USART1_IRQHandler                        0x080001c7   Thumb Code     0  startup_stm32f411xe.o(.text)
    USART2_IRQHandler                        0x080001c7   Thumb Code     0  startup_stm32f411xe.o(.text)
    USART6_IRQHandler                        0x080001c7   Thumb Code     0  startup_stm32f411xe.o(.text)
    WWDG_IRQHandler                          0x080001c7   Thumb Code     0  startup_stm32f411xe.o(.text)
    __aeabi_uldivmod                         0x080001d1   Thumb Code    98  uldiv.o(.text)
    __aeabi_memcpy                           0x08000233   Thumb Code    36  memcpya.o(.text)
    __aeabi_memcpy4                          0x08000233   Thumb Code     0  memcpya.o(.text)
    __aeabi_memcpy8                          0x08000233   Thumb Code     0  memcpya.o(.text)
    __aeabi_memset                           0x08000257   Thumb Code    14  memseta.o(.text)
    __aeabi_memset4                          0x08000257   Thumb Code     0  memseta.o(.text)
    __aeabi_memset8                          0x08000257   Thumb Code     0  memseta.o(.text)
    __aeabi_memclr                           0x08000265   Thumb Code     4  memseta.o(.text)
    __aeabi_memclr4                          0x08000265   Thumb Code     0  memseta.o(.text)
    __aeabi_memclr8                          0x08000265   Thumb Code     0  memseta.o(.text)
    _memset$wrapper                          0x08000269   Thumb Code    18  memseta.o(.text)
    strcat                                   0x0800027b   Thumb Code    24  strcat.o(.text)
    strcmp                                   0x08000293   Thumb Code    28  strcmp.o(.text)
    strcpy                                   0x080002af   Thumb Code    18  strcpy.o(.text)
    __aeabi_llsl                             0x080002c1   Thumb Code    30  llshl.o(.text)
    _ll_shift_l                              0x080002c1   Thumb Code     0  llshl.o(.text)
    __aeabi_llsr                             0x080002df   Thumb Code    32  llushr.o(.text)
    _ll_ushift_r                             0x080002df   Thumb Code     0  llushr.o(.text)
    __scatterload                            0x08000301   Thumb Code    28  init.o(.text)
    __scatterload_rt2                        0x08000301   Thumb Code     0  init.o(.text)
    BusFault_Handler                         0x0800044d   Thumb Code     2  stm32f4xx_it.o(i.BusFault_Handler)
    DebugMon_Handler                         0x0800044f   Thumb Code     2  stm32f4xx_it.o(i.DebugMon_Handler)
    Error_Handler                            0x08000451   Thumb Code     4  main.o(i.Error_Handler)
    FLASH_Erase_Sector                       0x08000455   Thumb Code    74  stm32f4xx_hal_flash_ex.o(i.FLASH_Erase_Sector)
    FLASH_FlushCaches                        0x080004a5   Thumb Code    80  stm32f4xx_hal_flash_ex.o(i.FLASH_FlushCaches)
    FLASH_If_DisableWriteProtection          0x080004f9   Thumb Code    50  flash_if.o(i.FLASH_If_DisableWriteProtection)
    FLASH_If_Erase                           0x08000531   Thumb Code    52  flash_if.o(i.FLASH_If_Erase)
    FLASH_If_Erase_One_Sector                0x0800056d   Thumb Code    36  flash_if.o(i.FLASH_If_Erase_One_Sector)
    FLASH_If_GetWriteProtectionStatus        0x08000591   Thumb Code    34  flash_if.o(i.FLASH_If_GetWriteProtectionStatus)
    FLASH_If_Init                            0x080005bd   Thumb Code    14  flash_if.o(i.FLASH_If_Init)
    FLASH_If_Write                           0x080005d1   Thumb Code    66  flash_if.o(i.FLASH_If_Write)
    FLASH_OB_DisableWRP                      0x08000641   Thumb Code    26  flash_if.o(i.FLASH_OB_DisableWRP)
    FLASH_ProgramWord                        0x08000661   Thumb Code    30  flash_if.o(i.FLASH_ProgramWord)
    FLASH_WaitForLastOperation               0x08000701   Thumb Code    72  stm32f4xx_hal_flash.o(i.FLASH_WaitForLastOperation)
    GetKey                                   0x08000751   Thumb Code    24  common.o(i.GetKey)
    HAL_ADC_ConfigChannel                    0x080007e5   Thumb Code   334  stm32f4xx_hal_adc.o(i.HAL_ADC_ConfigChannel)
    HAL_ADC_Init                             0x08000949   Thumb Code    84  stm32f4xx_hal_adc.o(i.HAL_ADC_Init)
    HAL_ADC_MspInit                          0x0800099d   Thumb Code    84  adc.o(i.HAL_ADC_MspInit)
    HAL_Delay                                0x080009fd   Thumb Code    32  stm32f4xx_hal.o(i.HAL_Delay)
    HAL_FLASHEx_Erase                        0x08000a21   Thumb Code   144  stm32f4xx_hal_flash_ex.o(i.HAL_FLASHEx_Erase)
    HAL_FLASH_OB_Launch                      0x08000ab9   Thumb Code    18  stm32f4xx_hal_flash.o(i.HAL_FLASH_OB_Launch)
    HAL_FLASH_Unlock                         0x08000ad1   Thumb Code    32  stm32f4xx_hal_flash.o(i.HAL_FLASH_Unlock)
    HAL_GPIO_Init                            0x08000afd   Thumb Code   446  stm32f4xx_hal_gpio.o(i.HAL_GPIO_Init)
    HAL_GPIO_ReadPin                         0x08000cdd   Thumb Code    10  stm32f4xx_hal_gpio.o(i.HAL_GPIO_ReadPin)
    HAL_GPIO_WritePin                        0x08000ce7   Thumb Code    10  stm32f4xx_hal_gpio.o(i.HAL_GPIO_WritePin)
    HAL_GetTick                              0x08000cf1   Thumb Code     6  stm32f4xx_hal.o(i.HAL_GetTick)
    HAL_IncTick                              0x08000cfd   Thumb Code    12  stm32f4xx_hal.o(i.HAL_IncTick)
    HAL_Init                                 0x08000d0d   Thumb Code    48  stm32f4xx_hal.o(i.HAL_Init)
    HAL_InitTick                             0x08000d41   Thumb Code    54  stm32f4xx_hal.o(i.HAL_InitTick)
    HAL_MspInit                              0x08000d81   Thumb Code    42  stm32f4xx_hal_msp.o(i.HAL_MspInit)
    HAL_NVIC_EnableIRQ                       0x08000db1   Thumb Code    26  stm32f4xx_hal_cortex.o(i.HAL_NVIC_EnableIRQ)
    HAL_NVIC_SetPriority                     0x08000dcd   Thumb Code    60  stm32f4xx_hal_cortex.o(i.HAL_NVIC_SetPriority)
    HAL_NVIC_SetPriorityGrouping             0x08000e0d   Thumb Code    26  stm32f4xx_hal_cortex.o(i.HAL_NVIC_SetPriorityGrouping)
    HAL_RCC_ClockConfig                      0x08000e31   Thumb Code   288  stm32f4xx_hal_rcc.o(i.HAL_RCC_ClockConfig)
    HAL_RCC_GetPCLK1Freq                     0x08000f65   Thumb Code    20  stm32f4xx_hal_rcc.o(i.HAL_RCC_GetPCLK1Freq)
    HAL_RCC_GetPCLK2Freq                     0x08000f85   Thumb Code    20  stm32f4xx_hal_rcc.o(i.HAL_RCC_GetPCLK2Freq)
    HAL_RCC_GetSysClockFreq                  0x08000fa5   Thumb Code    88  stm32f4xx_hal_rcc.o(i.HAL_RCC_GetSysClockFreq)
    HAL_RCC_OscConfig                        0x08001009   Thumb Code   856  stm32f4xx_hal_rcc.o(i.HAL_RCC_OscConfig)
    HAL_SPI_Init                             0x08001375   Thumb Code   188  stm32f4xx_hal_spi.o(i.HAL_SPI_Init)
    HAL_SPI_MspInit                          0x08001431   Thumb Code    92  spi.o(i.HAL_SPI_MspInit)
    HAL_SPI_Transmit                         0x08001499   Thumb Code   358  stm32f4xx_hal_spi.o(i.HAL_SPI_Transmit)
    HAL_SYSTICK_CLKSourceConfig              0x080015ff   Thumb Code    24  stm32f4xx_hal_cortex.o(i.HAL_SYSTICK_CLKSourceConfig)
    HAL_SYSTICK_Config                       0x08001617   Thumb Code    40  stm32f4xx_hal_cortex.o(i.HAL_SYSTICK_Config)
    HAL_TIMEx_MasterConfigSynchronization    0x08001641   Thumb Code   104  stm32f4xx_hal_tim_ex.o(i.HAL_TIMEx_MasterConfigSynchronization)
    HAL_TIM_MspPostInit                      0x080016bd   Thumb Code    68  tim.o(i.HAL_TIM_MspPostInit)
    HAL_TIM_PWM_ConfigChannel                0x0800170d   Thumb Code   204  stm32f4xx_hal_tim.o(i.HAL_TIM_PWM_ConfigChannel)
    HAL_TIM_PWM_Init                         0x080017d9   Thumb Code    90  stm32f4xx_hal_tim.o(i.HAL_TIM_PWM_Init)
    HAL_TIM_PWM_MspInit                      0x08001835   Thumb Code    30  tim.o(i.HAL_TIM_PWM_MspInit)
    HAL_TIM_PWM_Start                        0x0800185d   Thumb Code   156  stm32f4xx_hal_tim.o(i.HAL_TIM_PWM_Start)
    HAL_UART_Init                            0x0800190d   Thumb Code    98  stm32f4xx_hal_uart.o(i.HAL_UART_Init)
    HAL_UART_MspInit                         0x08001971   Thumb Code    94  usart.o(i.HAL_UART_MspInit)
    HAL_UART_Transmit                        0x080019dd   Thumb Code   178  stm32f4xx_hal_uart.o(i.HAL_UART_Transmit)
    HardFault_Handler                        0x08001a8f   Thumb Code     2  stm32f4xx_it.o(i.HardFault_Handler)
    Int2Str                                  0x08001a91   Thumb Code    60  common.o(i.Int2Str)
    KT6328_Enable                            0x08001ad1   Thumb Code    10  kt6328.o(i.KT6328_Enable)
    KT6328_GPIO_Init                         0x08001ae1   Thumb Code    70  kt6328.o(i.KT6328_GPIO_Init)
    Key_Port_Init                            0x08001b31   Thumb Code    80  key.o(i.Key_Port_Init)
    LCD_Address_Set                          0x08001b89   Thumb Code    58  lcd_init.o(i.LCD_Address_Set)
    LCD_DrawPoint                            0x08001bc3   Thumb Code    22  lcd.o(i.LCD_DrawPoint)
    LCD_Fill                                 0x08001bd9   Thumb Code    70  lcd.o(i.LCD_Fill)
    LCD_GPIO_Init                            0x08001c21   Thumb Code    68  lcd_init.o(i.LCD_GPIO_Init)
    LCD_Init                                 0x08001c6d   Thumb Code   422  lcd_init.o(i.LCD_Init)
    LCD_Set_Light                            0x08001e19   Thumb Code    28  lcd_init.o(i.LCD_Set_Light)
    LCD_ShowChar                             0x08001e39   Thumb Code   252  lcd.o(i.LCD_ShowChar)
    LCD_ShowString                           0x08001f45   Thumb Code    58  lcd.o(i.LCD_ShowString)
    LCD_WR_DATA                              0x08001f81   Thumb Code    26  lcd_init.o(i.LCD_WR_DATA)
    LCD_WR_REG                               0x08001fa1   Thumb Code    40  lcd_init.o(i.LCD_WR_REG)
    LCD_Writ_Bus                             0x08001fcd   Thumb Code    16  lcd_init.o(i.LCD_Writ_Bus)
    MX_ADC1_Init                             0x08001fe1   Thumb Code    86  adc.o(i.MX_ADC1_Init)
    MX_GPIO_Init                             0x08002045   Thumb Code    38  gpio.o(i.MX_GPIO_Init)
    MX_SPI1_Init                             0x08002071   Thumb Code    62  spi.o(i.MX_SPI1_Init)
    MX_TIM3_Init                             0x080020b9   Thumb Code   104  tim.o(i.MX_TIM3_Init)
    MX_USART1_UART_Init                      0x08002129   Thumb Code    48  usart.o(i.MX_USART1_UART_Init)
    Main_Menu                                0x08002161   Thumb Code   216  menu.o(i.Main_Menu)
    MemManage_Handler                        0x080024d1   Thumb Code     2  stm32f4xx_it.o(i.MemManage_Handler)
    NMI_Handler                              0x080024d3   Thumb Code     2  stm32f4xx_it.o(i.NMI_Handler)
    PendSV_Handler                           0x080024d5   Thumb Code     2  stm32f4xx_it.o(i.PendSV_Handler)
    Power_DisEnable                          0x080024d9   Thumb Code    10  power.o(i.Power_DisEnable)
    Power_Enable                             0x080024e9   Thumb Code    10  power.o(i.Power_Enable)
    Power_Init                               0x080024f9   Thumb Code    14  power.o(i.Power_Init)
    Power_Pins_Init                          0x08002509   Thumb Code   104  power.o(i.Power_Pins_Init)
    SVC_Handler                              0x08002741   Thumb Code     2  stm32f4xx_it.o(i.SVC_Handler)
    SerialDownload                           0x08002745   Thumb Code   132  menu.o(i.SerialDownload)
    SerialKeyPressed                         0x08002931   Thumb Code    24  common.o(i.SerialKeyPressed)
    SerialPutChar                            0x0800294d   Thumb Code    18  common.o(i.SerialPutChar)
    Serial_PutString                         0x08002969   Thumb Code    22  common.o(i.Serial_PutString)
    Str2Int                                  0x0800297f   Thumb Code   188  common.o(i.Str2Int)
    SysTick_Handler                          0x08002a3d   Thumb Code    56  stm32f4xx_it.o(i.SysTick_Handler)
    SystemClock_Config                       0x08002a81   Thumb Code   136  main.o(i.SystemClock_Config)
    SystemInit                               0x08002b11   Thumb Code    12  system_stm32f4xx.o(i.SystemInit)
    TIM_Base_SetConfig                       0x08002b21   Thumb Code   122  stm32f4xx_hal_tim.o(i.TIM_Base_SetConfig)
    TIM_CCxChannelCmd                        0x08002bb9   Thumb Code    26  stm32f4xx_hal_tim.o(i.TIM_CCxChannelCmd)
    TIM_OC2_SetConfig                        0x08002c25   Thumb Code    84  stm32f4xx_hal_tim.o(i.TIM_OC2_SetConfig)
    UsageFault_Handler                       0x08002e9d   Thumb Code     2  stm32f4xx_it.o(i.UsageFault_Handler)
    Ymodem_Receive                           0x08002ea1   Thumb Code   372  ymodem.o(i.Ymodem_Receive)
    __0printf$bare                           0x0800301d   Thumb Code     8  printfb.o(i.__0printf$bare)
    __1printf$bare                           0x0800301d   Thumb Code     0  printfb.o(i.__0printf$bare)
    __2printf                                0x0800301d   Thumb Code     0  printfb.o(i.__0printf$bare)
    __scatterload_copy                       0x0800304d   Thumb Code    14  handlers.o(i.__scatterload_copy)
    __scatterload_null                       0x0800305b   Thumb Code     2  handlers.o(i.__scatterload_null)
    __scatterload_zeroinit                   0x0800305d   Thumb Code    14  handlers.o(i.__scatterload_zeroinit)
    delay_init                               0x0800308d   Thumb Code    36  delay.o(i.delay_init)
    delay_ms                                 0x080030b9   Thumb Code    26  delay.o(i.delay_ms)
    delay_us                                 0x080030d3   Thumb Code    46  delay.o(i.delay_us)
    fputc                                    0x08003101   Thumb Code    20  usart.o(i.fputc)
    main                                     0x08003119   Thumb Code   348  main.o(i.main)
    ascii_1206                               0x08003320   Data        1140  lcd.o(.constdata)
    ascii_1608                               0x08003794   Data        1520  lcd.o(.constdata)
    ascii_2412                               0x08003d84   Data        4560  lcd.o(.constdata)
    ascii_3216                               0x08004f54   Data        6080  lcd.o(.constdata)
    tfont12                                  0x08006714   Data         130  lcd.o(.constdata)
    tfont16                                  0x08006796   Data         170  lcd.o(.constdata)
    tfont24                                  0x08006840   Data         370  lcd.o(.constdata)
    tfont32                                  0x080069b2   Data         650  lcd.o(.constdata)
    AHBPrescTable                            0x08006c3c   Data          16  system_stm32f4xx.o(.constdata)
    APBPrescTable                            0x08006c4c   Data           8  system_stm32f4xx.o(.constdata)
    Region$$Table$$Base                      0x08006e68   Number         0  anon$$obj.o(Region$$Table)
    Region$$Table$$Limit                     0x08006e88   Number         0  anon$$obj.o(Region$$Table)
    boot_in_menu_flag                        0x20000000   Data           1  main.o(.data)
    uwTickFreq                               0x20000004   Data           1  stm32f4xx_hal.o(.data)
    uwTickPrio                               0x20000008   Data           4  stm32f4xx_hal.o(.data)
    uwTick                                   0x2000000c   Data           4  stm32f4xx_hal.o(.data)
    SystemCoreClock                          0x20000010   Data           4  system_stm32f4xx.o(.data)
    FlashProtection                          0x20000014   Data           4  menu.o(.data)
    Jump_To_Application                      0x20000018   Data           4  menu.o(.data)
    JumpAddress                              0x2000001c   Data           4  menu.o(.data)
    __stdout                                 0x20000020   Data           4  stdout.o(.data)
    hadc1                                    0x20000024   Data          72  adc.o(.bss)
    hspi1                                    0x2000006c   Data          88  spi.o(.bss)
    htim3                                    0x200000c4   Data          72  tim.o(.bss)
    huart1                                   0x2000010c   Data          68  usart.o(.bss)
    pFlash                                   0x20000150   Data          32  stm32f4xx_hal_flash.o(.bss)
    tab_1024                                 0x20000170   Data        1024  menu.o(.bss)
    FileName                                 0x20000570   Data         256  menu.o(.bss)
    __initial_sp                             0x20000a70   Data           0  startup_stm32f411xe.o(STACK)



==============================================================================

Memory Map of the image

  Image Entry point : 0x08000199

  Load Region LR_IROM1 (Base: 0x08000000, Size: 0x00006eac, Max: 0x00008000, ABSOLUTE)

    Execution Region ER_IROM1 (Exec base: 0x08000000, Load base: 0x08000000, Size: 0x00006e88, Max: 0x00008000, ABSOLUTE)

    Exec Addr    Load Addr    Size         Type   Attr      Idx    E Section Name        Object

    0x08000000   0x08000000   0x00000198   Data   RO            3    RESET               startup_stm32f411xe.o
    0x08000198   0x08000198   0x00000000   Code   RO         4366  * .ARM.Collect$$$$00000000  mc_w.l(entry.o)
    0x08000198   0x08000198   0x00000004   Code   RO         4653    .ARM.Collect$$$$00000001  mc_w.l(entry2.o)
    0x0800019c   0x0800019c   0x00000004   Code   RO         4656    .ARM.Collect$$$$00000004  mc_w.l(entry5.o)
    0x080001a0   0x080001a0   0x00000000   Code   RO         4658    .ARM.Collect$$$$00000008  mc_w.l(entry7b.o)
    0x080001a0   0x080001a0   0x00000000   Code   RO         4660    .ARM.Collect$$$$0000000A  mc_w.l(entry8b.o)
    0x080001a0   0x080001a0   0x00000008   Code   RO         4661    .ARM.Collect$$$$0000000B  mc_w.l(entry9a.o)
    0x080001a8   0x080001a8   0x00000000   Code   RO         4663    .ARM.Collect$$$$0000000D  mc_w.l(entry10a.o)
    0x080001a8   0x080001a8   0x00000000   Code   RO         4665    .ARM.Collect$$$$0000000F  mc_w.l(entry11a.o)
    0x080001a8   0x080001a8   0x00000004   Code   RO         4654    .ARM.Collect$$$$00002712  mc_w.l(entry2.o)
    0x080001ac   0x080001ac   0x00000024   Code   RO            4    .text               startup_stm32f411xe.o
    0x080001d0   0x080001d0   0x00000062   Code   RO         4369    .text               mc_w.l(uldiv.o)
    0x08000232   0x08000232   0x00000024   Code   RO         4371    .text               mc_w.l(memcpya.o)
    0x08000256   0x08000256   0x00000024   Code   RO         4373    .text               mc_w.l(memseta.o)
    0x0800027a   0x0800027a   0x00000018   Code   RO         4375    .text               mc_w.l(strcat.o)
    0x08000292   0x08000292   0x0000001c   Code   RO         4377    .text               mc_w.l(strcmp.o)
    0x080002ae   0x080002ae   0x00000012   Code   RO         4379    .text               mc_w.l(strcpy.o)
    0x080002c0   0x080002c0   0x0000001e   Code   RO         4670    .text               mc_w.l(llshl.o)
    0x080002de   0x080002de   0x00000020   Code   RO         4672    .text               mc_w.l(llushr.o)
    0x080002fe   0x080002fe   0x00000002   PAD
    0x08000300   0x08000300   0x00000024   Code   RO         4687    .text               mc_w.l(init.o)
    0x08000324   0x08000324   0x00000128   Code   RO          923    i.ADC_Init          stm32f4xx_hal_adc.o
    0x0800044c   0x0800044c   0x00000002   Code   RO          425    i.BusFault_Handler  stm32f4xx_it.o
    0x0800044e   0x0800044e   0x00000002   Code   RO          426    i.DebugMon_Handler  stm32f4xx_it.o
    0x08000450   0x08000450   0x00000004   Code   RO           13    i.Error_Handler     main.o
    0x08000454   0x08000454   0x00000050   Code   RO         1478    i.FLASH_Erase_Sector  stm32f4xx_hal_flash_ex.o
    0x080004a4   0x080004a4   0x00000054   Code   RO         1479    i.FLASH_FlushCaches  stm32f4xx_hal_flash_ex.o
    0x080004f8   0x080004f8   0x00000038   Code   RO         4169    i.FLASH_If_DisableWriteProtection  flash_if.o
    0x08000530   0x08000530   0x0000003c   Code   RO         4170    i.FLASH_If_Erase    flash_if.o
    0x0800056c   0x0800056c   0x00000024   Code   RO         4171    i.FLASH_If_Erase_One_Sector  flash_if.o
    0x08000590   0x08000590   0x0000002c   Code   RO         4172    i.FLASH_If_GetWriteProtectionStatus  flash_if.o
    0x080005bc   0x080005bc   0x00000014   Code   RO         4173    i.FLASH_If_Init     flash_if.o
    0x080005d0   0x080005d0   0x00000048   Code   RO         4174    i.FLASH_If_Write    flash_if.o
    0x08000618   0x08000618   0x00000028   Code   RO         1480    i.FLASH_MassErase   stm32f4xx_hal_flash_ex.o
    0x08000640   0x08000640   0x00000020   Code   RO         4175    i.FLASH_OB_DisableWRP  flash_if.o
    0x08000660   0x08000660   0x00000024   Code   RO         4176    i.FLASH_ProgramWord  flash_if.o
    0x08000684   0x08000684   0x0000007c   Code   RO         1364    i.FLASH_SetErrorCode  stm32f4xx_hal_flash.o
    0x08000700   0x08000700   0x00000050   Code   RO         1365    i.FLASH_WaitForLastOperation  stm32f4xx_hal_flash.o
    0x08000750   0x08000750   0x00000018   Code   RO         4100    i.GetKey            common.o
    0x08000768   0x08000768   0x0000007c   Code   RO         4177    i.GetSector         flash_if.o
    0x080007e4   0x080007e4   0x00000164   Code   RO          925    i.HAL_ADC_ConfigChannel  stm32f4xx_hal_adc.o
    0x08000948   0x08000948   0x00000054   Code   RO          934    i.HAL_ADC_Init      stm32f4xx_hal_adc.o
    0x0800099c   0x0800099c   0x00000060   Code   RO          246    i.HAL_ADC_MspInit   adc.o
    0x080009fc   0x080009fc   0x00000024   Code   RO         2157    i.HAL_Delay         stm32f4xx_hal.o
    0x08000a20   0x08000a20   0x00000098   Code   RO         1483    i.HAL_FLASHEx_Erase  stm32f4xx_hal_flash_ex.o
    0x08000ab8   0x08000ab8   0x00000018   Code   RO         1370    i.HAL_FLASH_OB_Launch  stm32f4xx_hal_flash.o
    0x08000ad0   0x08000ad0   0x0000002c   Code   RO         1376    i.HAL_FLASH_Unlock  stm32f4xx_hal_flash.o
    0x08000afc   0x08000afc   0x000001e0   Code   RO         1607    i.HAL_GPIO_Init     stm32f4xx_hal_gpio.o
    0x08000cdc   0x08000cdc   0x0000000a   Code   RO         1609    i.HAL_GPIO_ReadPin  stm32f4xx_hal_gpio.o
    0x08000ce6   0x08000ce6   0x0000000a   Code   RO         1611    i.HAL_GPIO_WritePin  stm32f4xx_hal_gpio.o
    0x08000cf0   0x08000cf0   0x0000000c   Code   RO         2163    i.HAL_GetTick       stm32f4xx_hal.o
    0x08000cfc   0x08000cfc   0x00000010   Code   RO         2169    i.HAL_IncTick       stm32f4xx_hal.o
    0x08000d0c   0x08000d0c   0x00000034   Code   RO         2170    i.HAL_Init          stm32f4xx_hal.o
    0x08000d40   0x08000d40   0x00000040   Code   RO         2171    i.HAL_InitTick      stm32f4xx_hal.o
    0x08000d80   0x08000d80   0x00000030   Code   RO          501    i.HAL_MspInit       stm32f4xx_hal_msp.o
    0x08000db0   0x08000db0   0x0000001a   Code   RO         2020    i.HAL_NVIC_EnableIRQ  stm32f4xx_hal_cortex.o
    0x08000dca   0x08000dca   0x00000002   PAD
    0x08000dcc   0x08000dcc   0x00000040   Code   RO         2026    i.HAL_NVIC_SetPriority  stm32f4xx_hal_cortex.o
    0x08000e0c   0x08000e0c   0x00000024   Code   RO         2027    i.HAL_NVIC_SetPriorityGrouping  stm32f4xx_hal_cortex.o
    0x08000e30   0x08000e30   0x00000134   Code   RO         1199    i.HAL_RCC_ClockConfig  stm32f4xx_hal_rcc.o
    0x08000f64   0x08000f64   0x00000020   Code   RO         1206    i.HAL_RCC_GetPCLK1Freq  stm32f4xx_hal_rcc.o
    0x08000f84   0x08000f84   0x00000020   Code   RO         1207    i.HAL_RCC_GetPCLK2Freq  stm32f4xx_hal_rcc.o
    0x08000fa4   0x08000fa4   0x00000064   Code   RO         1208    i.HAL_RCC_GetSysClockFreq  stm32f4xx_hal_rcc.o
    0x08001008   0x08001008   0x0000036c   Code   RO         1211    i.HAL_RCC_OscConfig  stm32f4xx_hal_rcc.o
    0x08001374   0x08001374   0x000000bc   Code   RO         2419    i.HAL_SPI_Init      stm32f4xx_hal_spi.o
    0x08001430   0x08001430   0x00000068   Code   RO          288    i.HAL_SPI_MspInit   spi.o
    0x08001498   0x08001498   0x00000166   Code   RO         2427    i.HAL_SPI_Transmit  stm32f4xx_hal_spi.o
    0x080015fe   0x080015fe   0x00000018   Code   RO         2029    i.HAL_SYSTICK_CLKSourceConfig  stm32f4xx_hal_cortex.o
    0x08001616   0x08001616   0x00000028   Code   RO         2031    i.HAL_SYSTICK_Config  stm32f4xx_hal_cortex.o
    0x0800163e   0x0800163e   0x00000002   PAD
    0x08001640   0x08001640   0x0000007c   Code   RO         3455    i.HAL_TIMEx_MasterConfigSynchronization  stm32f4xx_hal_tim_ex.o
    0x080016bc   0x080016bc   0x00000050   Code   RO          329    i.HAL_TIM_MspPostInit  tim.o
    0x0800170c   0x0800170c   0x000000cc   Code   RO         2804    i.HAL_TIM_PWM_ConfigChannel  stm32f4xx_hal_tim.o
    0x080017d8   0x080017d8   0x0000005a   Code   RO         2807    i.HAL_TIM_PWM_Init  stm32f4xx_hal_tim.o
    0x08001832   0x08001832   0x00000002   PAD
    0x08001834   0x08001834   0x00000028   Code   RO          331    i.HAL_TIM_PWM_MspInit  tim.o
    0x0800185c   0x0800185c   0x000000b0   Code   RO         2812    i.HAL_TIM_PWM_Start  stm32f4xx_hal_tim.o
    0x0800190c   0x0800190c   0x00000062   Code   RO         3732    i.HAL_UART_Init     stm32f4xx_hal_uart.o
    0x0800196e   0x0800196e   0x00000002   PAD
    0x08001970   0x08001970   0x0000006c   Code   RO          378    i.HAL_UART_MspInit  usart.o
    0x080019dc   0x080019dc   0x000000b2   Code   RO         3740    i.HAL_UART_Transmit  stm32f4xx_hal_uart.o
    0x08001a8e   0x08001a8e   0x00000002   Code   RO          427    i.HardFault_Handler  stm32f4xx_it.o
    0x08001a90   0x08001a90   0x00000040   Code   RO         4101    i.Int2Str           common.o
    0x08001ad0   0x08001ad0   0x00000010   Code   RO          560    i.KT6328_Enable     kt6328.o
    0x08001ae0   0x08001ae0   0x00000050   Code   RO          561    i.KT6328_GPIO_Init  kt6328.o
    0x08001b30   0x08001b30   0x00000058   Code   RO          526    i.Key_Port_Init     key.o
    0x08001b88   0x08001b88   0x0000003a   Code   RO          723    i.LCD_Address_Set   lcd_init.o
    0x08001bc2   0x08001bc2   0x00000016   Code   RO          600    i.LCD_DrawPoint     lcd.o
    0x08001bd8   0x08001bd8   0x00000046   Code   RO          602    i.LCD_Fill          lcd.o
    0x08001c1e   0x08001c1e   0x00000002   PAD
    0x08001c20   0x08001c20   0x0000004c   Code   RO          725    i.LCD_GPIO_Init     lcd_init.o
    0x08001c6c   0x08001c6c   0x000001ac   Code   RO          726    i.LCD_Init          lcd_init.o
    0x08001e18   0x08001e18   0x00000020   Code   RO          730    i.LCD_Set_Light     lcd_init.o
    0x08001e38   0x08001e38   0x0000010c   Code   RO          603    i.LCD_ShowChar      lcd.o
    0x08001f44   0x08001f44   0x0000003a   Code   RO          612    i.LCD_ShowString    lcd.o
    0x08001f7e   0x08001f7e   0x00000002   PAD
    0x08001f80   0x08001f80   0x00000020   Code   RO          731    i.LCD_WR_DATA       lcd_init.o
    0x08001fa0   0x08001fa0   0x0000002c   Code   RO          733    i.LCD_WR_REG        lcd_init.o
    0x08001fcc   0x08001fcc   0x00000014   Code   RO          734    i.LCD_Writ_Bus      lcd_init.o
    0x08001fe0   0x08001fe0   0x00000064   Code   RO          247    i.MX_ADC1_Init      adc.o
    0x08002044   0x08002044   0x0000002c   Code   RO          214    i.MX_GPIO_Init      gpio.o
    0x08002070   0x08002070   0x00000048   Code   RO          289    i.MX_SPI1_Init      spi.o
    0x080020b8   0x080020b8   0x00000070   Code   RO          332    i.MX_TIM3_Init      tim.o
    0x08002128   0x08002128   0x00000038   Code   RO          379    i.MX_USART1_UART_Init  usart.o
    0x08002160   0x08002160   0x00000370   Code   RO         4242    i.Main_Menu         menu.o
    0x080024d0   0x080024d0   0x00000002   Code   RO          428    i.MemManage_Handler  stm32f4xx_it.o
    0x080024d2   0x080024d2   0x00000002   Code   RO          429    i.NMI_Handler       stm32f4xx_it.o
    0x080024d4   0x080024d4   0x00000002   Code   RO          430    i.PendSV_Handler    stm32f4xx_it.o
    0x080024d6   0x080024d6   0x00000002   PAD
    0x080024d8   0x080024d8   0x00000010   Code   RO          814    i.Power_DisEnable   power.o
    0x080024e8   0x080024e8   0x00000010   Code   RO          815    i.Power_Enable      power.o
    0x080024f8   0x080024f8   0x0000000e   Code   RO          816    i.Power_Init        power.o
    0x08002506   0x08002506   0x00000002   PAD
    0x08002508   0x08002508   0x00000070   Code   RO          817    i.Power_Pins_Init   power.o
    0x08002578   0x08002578   0x00000020   Code   RO         4291    i.Receive_Byte      ymodem.o
    0x08002598   0x08002598   0x00000098   Code   RO         4292    i.Receive_Packet    ymodem.o
    0x08002630   0x08002630   0x00000058   Code   RO         2457    i.SPI_EndRxTxTransaction  stm32f4xx_hal_spi.o
    0x08002688   0x08002688   0x000000b8   Code   RO         2462    i.SPI_WaitFlagStateUntilTimeout  stm32f4xx_hal_spi.o
    0x08002740   0x08002740   0x00000002   Code   RO          431    i.SVC_Handler       stm32f4xx_it.o
    0x08002742   0x08002742   0x00000002   PAD
    0x08002744   0x08002744   0x000001ec   Code   RO         4243    i.SerialDownload    menu.o
    0x08002930   0x08002930   0x0000001c   Code   RO         4102    i.SerialKeyPressed  common.o
    0x0800294c   0x0800294c   0x0000001c   Code   RO         4103    i.SerialPutChar     common.o
    0x08002968   0x08002968   0x00000016   Code   RO         4104    i.Serial_PutString  common.o
    0x0800297e   0x0800297e   0x000000bc   Code   RO         4105    i.Str2Int           common.o
    0x08002a3a   0x08002a3a   0x00000002   PAD
    0x08002a3c   0x08002a3c   0x00000044   Code   RO          432    i.SysTick_Handler   stm32f4xx_it.o
    0x08002a80   0x08002a80   0x00000090   Code   RO           14    i.SystemClock_Config  main.o
    0x08002b10   0x08002b10   0x00000010   Code   RO         4061    i.SystemInit        system_stm32f4xx.o
    0x08002b20   0x08002b20   0x00000098   Code   RO         2825    i.TIM_Base_SetConfig  stm32f4xx_hal_tim.o
    0x08002bb8   0x08002bb8   0x0000001a   Code   RO         2826    i.TIM_CCxChannelCmd  stm32f4xx_hal_tim.o
    0x08002bd2   0x08002bd2   0x00000002   PAD
    0x08002bd4   0x08002bd4   0x00000050   Code   RO         2838    i.TIM_OC1_SetConfig  stm32f4xx_hal_tim.o
    0x08002c24   0x08002c24   0x00000058   Code   RO         2839    i.TIM_OC2_SetConfig  stm32f4xx_hal_tim.o
    0x08002c7c   0x08002c7c   0x00000058   Code   RO         2840    i.TIM_OC3_SetConfig  stm32f4xx_hal_tim.o
    0x08002cd4   0x08002cd4   0x00000044   Code   RO         2841    i.TIM_OC4_SetConfig  stm32f4xx_hal_tim.o
    0x08002d18   0x08002d18   0x0000010c   Code   RO         3758    i.UART_SetConfig    stm32f4xx_hal_uart.o
    0x08002e24   0x08002e24   0x00000078   Code   RO         3761    i.UART_WaitOnFlagUntilTimeout  stm32f4xx_hal_uart.o
    0x08002e9c   0x08002e9c   0x00000002   Code   RO          433    i.UsageFault_Handler  stm32f4xx_it.o
    0x08002e9e   0x08002e9e   0x00000002   PAD
    0x08002ea0   0x08002ea0   0x0000017c   Code   RO         4297    i.Ymodem_Receive    ymodem.o
    0x0800301c   0x0800301c   0x00000010   Code   RO         4384    i.__0printf$bare    mc_w.l(printfb.o)
    0x0800302c   0x0800302c   0x00000020   Code   RO         2033    i.__NVIC_SetPriority  stm32f4xx_hal_cortex.o
    0x0800304c   0x0800304c   0x0000000e   Code   RO         4691    i.__scatterload_copy  mc_w.l(handlers.o)
    0x0800305a   0x0800305a   0x00000002   Code   RO         4692    i.__scatterload_null  mc_w.l(handlers.o)
    0x0800305c   0x0800305c   0x0000000e   Code   RO         4693    i.__scatterload_zeroinit  mc_w.l(handlers.o)
    0x0800306a   0x0800306a   0x00000022   Code   RO         4391    i._printf_core      mc_w.l(printfb.o)
    0x0800308c   0x0800308c   0x0000002c   Code   RO          878    i.delay_init        delay.o
    0x080030b8   0x080030b8   0x0000001a   Code   RO          879    i.delay_ms          delay.o
    0x080030d2   0x080030d2   0x0000002e   Code   RO          880    i.delay_us          delay.o
    0x08003100   0x08003100   0x00000018   Code   RO          380    i.fputc             usart.o
    0x08003118   0x08003118   0x00000208   Code   RO           15    i.main              main.o
    0x08003320   0x08003320   0x0000391c   Data   RO          614    .constdata          lcd.o
    0x08006c3c   0x08006c3c   0x00000010   Data   RO         4062    .constdata          system_stm32f4xx.o
    0x08006c4c   0x08006c4c   0x00000008   Data   RO         4063    .constdata          system_stm32f4xx.o
    0x08006c54   0x08006c54   0x00000211   Data   RO         4246    .conststring        menu.o
    0x08006e65   0x08006e65   0x00000003   PAD
    0x08006e68   0x08006e68   0x00000020   Data   RO         4689    Region$$Table       anon$$obj.o


    Execution Region RW_IRAM1 (Exec base: 0x20000000, Load base: 0x08006e88, Size: 0x00000a70, Max: 0x00020000, ABSOLUTE)

    Exec Addr    Load Addr    Size         Type   Attr      Idx    E Section Name        Object

    0x20000000   0x08006e88   0x00000001   Data   RW           16    .data               main.o
    0x20000001   0x08006e89   0x00000001   PAD
    0x20000002   0x08006e8a   0x00000002   Data   RW          434    .data               stm32f4xx_it.o
    0x20000004   0x08006e8c   0x0000000c   Data   RW         2177    .data               stm32f4xx_hal.o
    0x20000010   0x08006e98   0x00000004   Data   RW         4064    .data               system_stm32f4xx.o
    0x20000014   0x08006e9c   0x0000000c   Data   RW         4247    .data               menu.o
    0x20000020   0x08006ea8   0x00000004   Data   RW         4667    .data               mc_w.l(stdout.o)
    0x20000024        -       0x00000048   Zero   RW          248    .bss                adc.o
    0x2000006c        -       0x00000058   Zero   RW          290    .bss                spi.o
    0x200000c4        -       0x00000048   Zero   RW          333    .bss                tim.o
    0x2000010c        -       0x00000044   Zero   RW          381    .bss                usart.o
    0x20000150        -       0x00000020   Zero   RW         1377    .bss                stm32f4xx_hal_flash.o
    0x20000170        -       0x00000500   Zero   RW         4245    .bss                menu.o
    0x20000670        -       0x00000400   Zero   RW            1    STACK               startup_stm32f411xe.o


==============================================================================

Image component sizes


      Code (inc. data)   RO Data    RW Data    ZI Data      Debug   Object Name

       196         26          0          0         72       1789   adc.o
       354         18          0          0          0       4364   common.o
       116          8          0          0          0       2535   delay.o
       480         74          0          0          0       6292   flash_if.o
        44          6          0          0          0        843   gpio.o
        88          8          0          0          0        920   key.o
        96         16          0          0          0       1387   kt6328.o
       418         16      14620          0          0       5219   lcd.o
       690         32          0          0          0       6188   lcd_init.o
       668        180          0          1          0     459932   main.o
      1372       1024        529         12       1280       2633   menu.o
       158         20          0          0          0       2544   power.o
       176         22          0          0         88       1773   spi.o
        36          8        408          0       1024        856   startup_stm32f411xe.o
       180         28          0         12          0       9441   stm32f4xx_hal.o
       736         34          0          0          0       2975   stm32f4xx_hal_adc.o
       222         14          0          0          0      34733   stm32f4xx_hal_cortex.o
       272         34          0          0         32       2935   stm32f4xx_hal_flash.o
       356         24          0          0          0       4270   stm32f4xx_hal_flash_ex.o
       500         34          0          0          0       2919   stm32f4xx_hal_gpio.o
        48          6          0          0          0        898   stm32f4xx_hal_msp.o
      1348         76          0          0          0       5372   stm32f4xx_hal_rcc.o
       818         12          0          0          0       4718   stm32f4xx_hal_spi.o
       972         70          0          0          0       8410   stm32f4xx_hal_tim.o
       124         20          0          0          0       1388   stm32f4xx_hal_tim_ex.o
       664         10          0          0          0       4312   stm32f4xx_hal_uart.o
        84         12          0          2          0       4502   stm32f4xx_it.o
        16          4         24          4          0       1195   system_stm32f4xx.o
       232         30          0          0         72       2399   tim.o
       188         26          0          0         68       2394   usart.o
       564          8          0          0          0       4574   ymodem.o

    ----------------------------------------------------------------------
     12240       1900      15616         32       2636     594710   Object Totals
         0          0         32          0          0          0   (incl. Generated)
        24          0          3          1          0          0   (incl. Padding)

    ----------------------------------------------------------------------

      Code (inc. data)   RO Data    RW Data    ZI Data      Debug   Library Member Name

         0          0          0          0          0          0   entry.o
         0          0          0          0          0          0   entry10a.o
         0          0          0          0          0          0   entry11a.o
         8          4          0          0          0          0   entry2.o
         4          0          0          0          0          0   entry5.o
         0          0          0          0          0          0   entry7b.o
         0          0          0          0          0          0   entry8b.o
         8          4          0          0          0          0   entry9a.o
        30          0          0          0          0          0   handlers.o
        36          8          0          0          0         68   init.o
        30          0          0          0          0         68   llshl.o
        32          0          0          0          0         68   llushr.o
        36          0          0          0          0         68   memcpya.o
        36          0          0          0          0        108   memseta.o
        50          8          0          0          0        152   printfb.o
         0          0          0          4          0          0   stdout.o
        24          0          0          0          0         68   strcat.o
        28          0          0          0          0         76   strcmp.o
        18          0          0          0          0         68   strcpy.o
        98          0          0          0          0         92   uldiv.o

    ----------------------------------------------------------------------
       440         24          0          4          0        836   Library Totals
         2          0          0          0          0          0   (incl. Padding)

    ----------------------------------------------------------------------

      Code (inc. data)   RO Data    RW Data    ZI Data      Debug   Library Name

       438         24          0          4          0        836   mc_w.l

    ----------------------------------------------------------------------
       440         24          0          4          0        836   Library Totals

    ----------------------------------------------------------------------

==============================================================================


      Code (inc. data)   RO Data    RW Data    ZI Data      Debug   

     12680       1924      15616         36       2636     584734   Grand Totals
     12680       1924      15616         36       2636     584734   ELF Image Totals
     12680       1924      15616         36          0          0   ROM Totals

==============================================================================

    Total RO  Size (Code + RO Data)                28296 (  27.63kB)
    Total RW  Size (RW Data + ZI Data)              2672 (   2.61kB)
    Total ROM Size (Code + RO Data + RW Data)      28332 (  27.67kB)

==============================================================================

